Copyright 1986-2022 Xilinx, Inc. All Rights Reserved.
-----------------------------------------------------------------------------------------
| Tool Version      : Vivado v.2022.2 (lin64) Build 3671981 Fri Oct 14 04:59:54 MDT 2022
| Date              : Tue May 12 13:51:41 2026
| Host              : en4228283l running 64-bit Ubuntu 22.04.5 LTS
| Command           : report_timing_summary -file ./timing_project.rpt
| Design            : nn_classifier_wrapper
| Device            : xczu49dr-ffvf1760
| Speed File        : -2  PRODUCTION 1.32 01-31-2021
| Temperature Grade : E
-----------------------------------------------------------------------------------------

Timing Summary Report

------------------------------------------------------------------------------------------------
| Timer Settings
| --------------
------------------------------------------------------------------------------------------------

  Enable Multi Corner Analysis               :  Yes
  Enable Pessimism Removal                   :  Yes
  Pessimism Removal Resolution               :  Nearest Common Node
  Enable Input Delay Default Clock           :  No
  Enable Preset / Clear Arcs                 :  No
  Disable Flight Delays                      :  No
  Ignore I/O Paths                           :  No
  Timing Early Launch at Borrowing Latches   :  No
  Borrow Time for Max Delay Exceptions       :  Yes
  Merge Timing Exceptions                    :  Yes

  Corner  Analyze    Analyze    
  Name    Max Paths  Min Paths  
  ------  ---------  ---------  
  Slow    Yes        Yes        
  Fast    Yes        Yes        


------------------------------------------------------------------------------------------------
| Report Methodology
| ------------------
------------------------------------------------------------------------------------------------

No report available as report_methodology has not been run prior. Run report_methodology on the current design for the summary of methodology violations.



check_timing report

Table of Contents
-----------------
1. checking no_clock (0)
2. checking constant_clock (0)
3. checking pulse_width_clock (0)
4. checking unconstrained_internal_endpoints (0)
5. checking no_input_delay (17)
6. checking no_output_delay (17)
7. checking multiple_clock (0)
8. checking generated_clocks (0)
9. checking loops (0)
10. checking partial_input_delay (0)
11. checking partial_output_delay (0)
12. checking latch_loops (0)

1. checking no_clock (0)
------------------------
 There are 0 register/latch pins with no clock.


2. checking constant_clock (0)
------------------------------
 There are 0 register/latch pins with constant_clock.


3. checking pulse_width_clock (0)
---------------------------------
 There are 0 register/latch pins which need pulse_width check


4. checking unconstrained_internal_endpoints (0)
------------------------------------------------
 There are 0 pins that are not constrained for maximum delay.

 There are 0 pins that are not constrained for maximum delay due to constant clock.


5. checking no_input_delay (17)
-------------------------------
 There are 17 input ports with no input delay specified. (HIGH)

 There are 0 input ports with no input delay but user has a false path constraint.


6. checking no_output_delay (17)
--------------------------------
 There are 17 ports with no output delay specified. (HIGH)

 There are 0 ports with no output delay but user has a false path constraint

 There are 0 ports with no output delay but with a timing clock defined on it or propagating through it


7. checking multiple_clock (0)
------------------------------
 There are 0 register/latch pins with multiple clocks.


8. checking generated_clocks (0)
--------------------------------
 There are 0 generated clocks that are not connected to a clock source.


9. checking loops (0)
---------------------
 There are 0 combinational loops in the design.


10. checking partial_input_delay (0)
------------------------------------
 There are 0 input ports with partial input delay specified.


11. checking partial_output_delay (0)
-------------------------------------
 There are 0 ports with partial output delay specified.


12. checking latch_loops (0)
----------------------------
 There are 0 combinational latch loops in the design through latch input



------------------------------------------------------------------------------------------------
| Design Timing Summary
| ---------------------
------------------------------------------------------------------------------------------------

    WNS(ns)      TNS(ns)  TNS Failing Endpoints  TNS Total Endpoints      WHS(ns)      THS(ns)  THS Failing Endpoints  THS Total Endpoints     WPWS(ns)     TPWS(ns)  TPWS Failing Endpoints  TPWS Total Endpoints  
    -------      -------  ---------------------  -------------------      -------      -------  ---------------------  -------------------     --------     --------  ----------------------  --------------------  
     -0.679    -2298.960                   6937                13274        0.010        0.000                      0                13274       -0.290       -2.850                      41                 13234  


Timing constraints are not met.


------------------------------------------------------------------------------------------------
| Clock Summary
| -------------
------------------------------------------------------------------------------------------------

Clock   Waveform(ns)         Period(ns)      Frequency(MHz)
-----   ------------         ----------      --------------
ap_clk  {0.000 0.500}        1.000           1000.000        


------------------------------------------------------------------------------------------------
| Intra Clock Table
| -----------------
------------------------------------------------------------------------------------------------

Clock             WNS(ns)      TNS(ns)  TNS Failing Endpoints  TNS Total Endpoints      WHS(ns)      THS(ns)  THS Failing Endpoints  THS Total Endpoints     WPWS(ns)     TPWS(ns)  TPWS Failing Endpoints  TPWS Total Endpoints  
-----             -------      -------  ---------------------  -------------------      -------      -------  ---------------------  -------------------     --------     --------  ----------------------  --------------------  
ap_clk             -0.679    -2298.960                   6937                13274        0.010        0.000                      0                13274       -0.290       -2.850                      41                 13234  


------------------------------------------------------------------------------------------------
| Inter Clock Table
| -----------------
------------------------------------------------------------------------------------------------

From Clock    To Clock          WNS(ns)      TNS(ns)  TNS Failing Endpoints  TNS Total Endpoints      WHS(ns)      THS(ns)  THS Failing Endpoints  THS Total Endpoints  
----------    --------          -------      -------  ---------------------  -------------------      -------      -------  ---------------------  -------------------  


------------------------------------------------------------------------------------------------
| Other Path Groups Table
| -----------------------
------------------------------------------------------------------------------------------------

Path Group    From Clock    To Clock          WNS(ns)      TNS(ns)  TNS Failing Endpoints  TNS Total Endpoints      WHS(ns)      THS(ns)  THS Failing Endpoints  THS Total Endpoints  
----------    ----------    --------          -------      -------  ---------------------  -------------------      -------      -------  ---------------------  -------------------  


------------------------------------------------------------------------------------------------
| Timing Details
| --------------
------------------------------------------------------------------------------------------------


---------------------------------------------------------------------------------------------------
From Clock:  ap_clk
  To Clock:  ap_clk

Setup :         6937  Failing Endpoints,  Worst Slack       -0.679ns,  Total Violation    -2298.960ns
Hold  :            0  Failing Endpoints,  Worst Slack        0.010ns,  Total Violation        0.000ns
PW    :           41  Failing Endpoints,  Worst Slack       -0.290ns,  Total Violation       -2.850ns
---------------------------------------------------------------------------------------------------


Max Delay Paths
--------------------------------------------------------------------------------------
Slack (VIOLATED) :        -0.679ns  (required time - arrival time)
  Source:                 u_nn_accelerator/u_logicnet/layer3_reg/data_out_reg[25]/C
                            (rising edge-triggered cell FDRE clocked by ap_clk  {rise@0.000ns fall@0.500ns period=1.000ns})
  Destination:            out_DATA_reg[0]/D
                            (rising edge-triggered cell FDCE clocked by ap_clk  {rise@0.000ns fall@0.500ns period=1.000ns})
  Path Group:             ap_clk
  Path Type:              Setup (Max at Slow Process Corner)
  Requirement:            1.000ns  (ap_clk rise@1.000ns - ap_clk rise@0.000ns)
  Data Path Delay:        1.603ns  (logic 0.704ns (43.914%)  route 0.899ns (56.086%))
  Logic Levels:           7  (LUT5=1 LUT6=4 MUXF7=1 MUXF8=1)
  Clock Path Skew:        -0.065ns (DCD - SCD + CPR)
    Destination Clock Delay (DCD):    2.248ns = ( 3.248 - 1.000 ) 
    Source Clock Delay      (SCD):    2.974ns
    Clock Pessimism Removal (CPR):    0.661ns
  Clock Uncertainty:      0.035ns  ((TSJ^2 + TIJ^2)^1/2 + DJ) / 2 + PE
    Total System Jitter     (TSJ):    0.071ns
    Total Input Jitter      (TIJ):    0.000ns
    Discrete Jitter          (DJ):    0.000ns
    Phase Error              (PE):    0.000ns
  Clock Net Delay (Source):      1.661ns (routing 0.760ns, distribution 0.901ns)
  Clock Net Delay (Destination): 1.481ns (routing 0.691ns, distribution 0.790ns)

    Location             Delay type                Incr(ns)  Path(ns)    Netlist Resource(s)
  -------------------------------------------------------------------    -------------------
                         (clock ap_clk rise edge)     0.000     0.000 r  
    E11                                               0.000     0.000 r  ap_clk (IN)
                         net (fo=0)                   0.000     0.000    ap_clk_IBUF_inst/I
    E11                  INBUF (Prop_INBUF_HDIOB_M_PAD_O)
                                                      1.081     1.081 r  ap_clk_IBUF_inst/INBUF_INST/O
                         net (fo=1, routed)           0.000     1.081    ap_clk_IBUF_inst/OUT
    E11                  IBUFCTRL (Prop_IBUFCTRL_HDIOB_M_I_O)
                                                      0.000     1.081 r  ap_clk_IBUF_inst/IBUFCTRL_INST/O
                         net (fo=1, routed)           0.204     1.285    ap_clk_IBUF
    BUFGCE_HDIO_X0Y6     BUFGCE (Prop_BUFCE_BUFGCE_HDIO_I_O)
                                                      0.028     1.313 r  ap_clk_IBUF_BUFG_inst/O
    X4Y4 (CLOCK_ROOT)    net (fo=13233, routed)       1.661     2.974    u_nn_accelerator/u_logicnet/layer3_reg/ap_clk_IBUF_BUFG
    SLICE_X100Y341       FDRE                                         r  u_nn_accelerator/u_logicnet/layer3_reg/data_out_reg[25]/C
  -------------------------------------------------------------------    -------------------
    SLICE_X100Y341       FDRE (Prop_DFF_SLICEL_C_Q)
                                                      0.079     3.053 r  u_nn_accelerator/u_logicnet/layer3_reg/data_out_reg[25]/Q
                         net (fo=122, routed)         0.303     3.356    u_nn_accelerator/u_logicnet/layer3_inst/layer3_N0_inst/M3w[15]
    SLICE_X101Y346       LUT6 (Prop_G6LUT_SLICEL_I2_O)
                                                      0.097     3.453 r  u_nn_accelerator/u_logicnet/layer3_inst/layer3_N0_inst/out_DATA[0]_i_195/O
                         net (fo=7, routed)           0.212     3.666    u_nn_accelerator/u_logicnet/layer3_inst/layer3_N0_inst/out_DATA[0]_i_195_n_0
    SLICE_X102Y347       LUT5 (Prop_A6LUT_SLICEL_I4_O)
                                                      0.050     3.716 r  u_nn_accelerator/u_logicnet/layer3_inst/layer3_N0_inst/out_DATA[0]_i_98/O
                         net (fo=5, routed)           0.105     3.821    u_nn_accelerator/u_logicnet/layer3_inst/layer3_N0_inst/out_DATA[0]_i_98_n_0
    SLICE_X101Y347       LUT6 (Prop_G6LUT_SLICEL_I1_O)
                                                      0.149     3.970 r  u_nn_accelerator/u_logicnet/layer3_inst/layer3_N0_inst/out_DATA[0]_i_31/O
                         net (fo=2, routed)           0.142     4.111    u_nn_accelerator/u_logicnet/layer3_inst/layer3_N0_inst/out_DATA[0]_i_31_n_0
    SLICE_X100Y348       LUT6 (Prop_D6LUT_SLICEL_I0_O)
                                                      0.122     4.233 r  u_nn_accelerator/u_logicnet/layer3_inst/layer3_N0_inst/out_DATA[0]_i_10/O
                         net (fo=2, routed)           0.094     4.327    u_nn_accelerator/u_logicnet/layer3_inst/layer3_N0_inst/out_DATA[0]_i_10_n_0
    SLICE_X101Y348       LUT6 (Prop_A6LUT_SLICEL_I3_O)
                                                      0.124     4.451 r  u_nn_accelerator/u_logicnet/layer3_inst/layer3_N0_inst/out_DATA[0]_i_7/O
                         net (fo=1, routed)           0.009     4.460    u_nn_accelerator/u_logicnet/layer3_inst/layer3_N0_inst/out_DATA[0]_i_7_n_0
    SLICE_X101Y348       MUXF7 (Prop_F7MUX_AB_SLICEL_I1_O)
                                                      0.057     4.517 r  u_nn_accelerator/u_logicnet/layer3_inst/layer3_N0_inst/out_DATA_reg[0]_i_3/O
                         net (fo=1, routed)           0.000     4.517    u_nn_accelerator/u_logicnet/layer3_inst/layer3_N0_inst/out_DATA_reg[0]_i_3_n_0
    SLICE_X101Y348       MUXF8 (Prop_F8MUX_BOT_SLICEL_I1_O)
                                                      0.026     4.543 r  u_nn_accelerator/u_logicnet/layer3_inst/layer3_N0_inst/out_DATA_reg[0]_i_1/O
                         net (fo=1, routed)           0.034     4.577    nn_prediction_out[0]
    SLICE_X101Y348       FDCE                                         r  out_DATA_reg[0]/D
  -------------------------------------------------------------------    -------------------

                         (clock ap_clk rise edge)     1.000     1.000 r  
    E11                                               0.000     1.000 r  ap_clk (IN)
                         net (fo=0)                   0.000     1.000    ap_clk_IBUF_inst/I
    E11                  INBUF (Prop_INBUF_HDIOB_M_PAD_O)
                                                      0.574     1.574 r  ap_clk_IBUF_inst/INBUF_INST/O
                         net (fo=1, routed)           0.000     1.574    ap_clk_IBUF_inst/OUT
    E11                  IBUFCTRL (Prop_IBUFCTRL_HDIOB_M_I_O)
                                                      0.000     1.574 r  ap_clk_IBUF_inst/IBUFCTRL_INST/O
                         net (fo=1, routed)           0.169     1.743    ap_clk_IBUF
    BUFGCE_HDIO_X0Y6     BUFGCE (Prop_BUFCE_BUFGCE_HDIO_I_O)
                                                      0.024     1.767 r  ap_clk_IBUF_BUFG_inst/O
    X4Y4 (CLOCK_ROOT)    net (fo=13233, routed)       1.481     3.248    ap_clk_IBUF_BUFG
    SLICE_X101Y348       FDCE                                         r  out_DATA_reg[0]/C
                         clock pessimism              0.661     3.909    
                         clock uncertainty           -0.035     3.873    
    SLICE_X101Y348       FDCE (Setup_CFF_SLICEL_C_D)
                                                      0.025     3.898    out_DATA_reg[0]
  -------------------------------------------------------------------
                         required time                          3.898    
                         arrival time                          -4.577    
  -------------------------------------------------------------------
                         slack                                 -0.679    





Min Delay Paths
--------------------------------------------------------------------------------------
Slack (MET) :             0.010ns  (arrival time - required time)
  Source:                 u_nn_accelerator/u_sum_signed_q1/reduce_layer143_reg[4]/C
                            (rising edge-triggered cell FDRE clocked by ap_clk  {rise@0.000ns fall@0.500ns period=1.000ns})
  Destination:            u_nn_accelerator/u_sum_signed_q1/reduce_layer221_reg[4]/D
                            (rising edge-triggered cell FDRE clocked by ap_clk  {rise@0.000ns fall@0.500ns period=1.000ns})
  Path Group:             ap_clk
  Path Type:              Hold (Min at Slow Process Corner)
  Requirement:            0.000ns  (ap_clk rise@0.000ns - ap_clk rise@0.000ns)
  Data Path Delay:        0.256ns  (logic 0.121ns (47.266%)  route 0.135ns (52.734%))
  Logic Levels:           2  (CARRY8=1 LUT2=1)
  Clock Path Skew:        0.186ns (DCD - SCD - CPR)
    Destination Clock Delay (DCD):    2.958ns
    Source Clock Delay      (SCD):    2.156ns
    Clock Pessimism Removal (CPR):    0.616ns
  Clock Net Delay (Source):      1.390ns (routing 0.691ns, distribution 0.699ns)
  Clock Net Delay (Destination): 1.645ns (routing 0.760ns, distribution 0.885ns)

    Location             Delay type                Incr(ns)  Path(ns)    Netlist Resource(s)
  -------------------------------------------------------------------    -------------------
                         (clock ap_clk rise edge)     0.000     0.000 r  
    E11                                               0.000     0.000 r  ap_clk (IN)
                         net (fo=0)                   0.000     0.000    ap_clk_IBUF_inst/I
    E11                  INBUF (Prop_INBUF_HDIOB_M_PAD_O)
                                                      0.574     0.574 r  ap_clk_IBUF_inst/INBUF_INST/O
                         net (fo=1, routed)           0.000     0.574    ap_clk_IBUF_inst/OUT
    E11                  IBUFCTRL (Prop_IBUFCTRL_HDIOB_M_I_O)
                                                      0.000     0.574 r  ap_clk_IBUF_inst/IBUFCTRL_INST/O
                         net (fo=1, routed)           0.169     0.743    ap_clk_IBUF
    BUFGCE_HDIO_X0Y6     BUFGCE (Prop_BUFCE_BUFGCE_HDIO_I_O)
                                                      0.024     0.767 r  ap_clk_IBUF_BUFG_inst/O
    X4Y4 (CLOCK_ROOT)    net (fo=13233, routed)       1.390     2.156    u_nn_accelerator/u_sum_signed_q1/ap_clk_IBUF_BUFG
    SLICE_X94Y299        FDRE                                         r  u_nn_accelerator/u_sum_signed_q1/reduce_layer143_reg[4]/C
  -------------------------------------------------------------------    -------------------
    SLICE_X94Y299        FDRE (Prop_EFF_SLICEM_C_Q)
                                                      0.058     2.214 r  u_nn_accelerator/u_sum_signed_q1/reduce_layer143_reg[4]/Q
                         net (fo=1, routed)           0.113     2.327    u_nn_accelerator/u_sum_signed_q1/reduce_layer143[4]
    SLICE_X94Y305        LUT2 (Prop_E6LUT_SLICEM_I1_O)
                                                      0.035     2.362 r  u_nn_accelerator/u_sum_signed_q1/reduce_layer221[7]_i_5__2/O
                         net (fo=1, routed)           0.013     2.375    u_nn_accelerator/u_sum_signed_q1/reduce_layer221[7]_i_5__2_n_0
    SLICE_X94Y305        CARRY8 (Prop_CARRY8_SLICEM_S[4]_O[4])
                                                      0.028     2.403 r  u_nn_accelerator/u_sum_signed_q1/reduce_layer221_reg[7]_i_1__2/O[4]
                         net (fo=1, routed)           0.009     2.412    u_nn_accelerator/u_sum_signed_q1/w_reduce_layer221[4]
    SLICE_X94Y305        FDRE                                         r  u_nn_accelerator/u_sum_signed_q1/reduce_layer221_reg[4]/D
  -------------------------------------------------------------------    -------------------

                         (clock ap_clk rise edge)     0.000     0.000 r  
    E11                                               0.000     0.000 r  ap_clk (IN)
                         net (fo=0)                   0.000     0.000    ap_clk_IBUF_inst/I
    E11                  INBUF (Prop_INBUF_HDIOB_M_PAD_O)
                                                      1.081     1.081 r  ap_clk_IBUF_inst/INBUF_INST/O
                         net (fo=1, routed)           0.000     1.081    ap_clk_IBUF_inst/OUT
    E11                  IBUFCTRL (Prop_IBUFCTRL_HDIOB_M_I_O)
                                                      0.000     1.081 r  ap_clk_IBUF_inst/IBUFCTRL_INST/O
                         net (fo=1, routed)           0.204     1.285    ap_clk_IBUF
    BUFGCE_HDIO_X0Y6     BUFGCE (Prop_BUFCE_BUFGCE_HDIO_I_O)
                                                      0.028     1.313 r  ap_clk_IBUF_BUFG_inst/O
    X4Y4 (CLOCK_ROOT)    net (fo=13233, routed)       1.645     2.958    u_nn_accelerator/u_sum_signed_q1/ap_clk_IBUF_BUFG
    SLICE_X94Y305        FDRE                                         r  u_nn_accelerator/u_sum_signed_q1/reduce_layer221_reg[4]/C
                         clock pessimism             -0.616     2.343    
    SLICE_X94Y305        FDRE (Hold_EFF_SLICEM_C_D)
                                                      0.060     2.403    u_nn_accelerator/u_sum_signed_q1/reduce_layer221_reg[4]
  -------------------------------------------------------------------
                         required time                         -2.403    
                         arrival time                           2.412    
  -------------------------------------------------------------------
                         slack                                  0.010    





Pulse Width Checks
--------------------------------------------------------------------------------------
Clock Name:         ap_clk
Waveform(ns):       { 0.000 0.500 }
Period(ns):         1.000
Sources:            { ap_clk }

Check Type        Corner  Lib Pin     Reference Pin  Required(ns)  Actual(ns)  Slack(ns)  Location          Pin
Min Period        n/a     BUFGCE/I    n/a            1.290         1.000       -0.290     BUFGCE_HDIO_X0Y6  ap_clk_IBUF_BUFG_inst/I
Low Pulse Width   Slow    SRL16E/CLK  n/a            0.532         0.500       -0.032     SLICE_X99Y283     u_nn_accelerator/u_sum_signed_i0/reduce_layer412_reg[0]_srl2___u_nn_accelerator_u_sum_signed_i0_reduce_layer412_reg_r/CLK
High Pulse Width  Slow    SRL16E/CLK  n/a            0.532         0.500       -0.032     SLICE_X99Y284     u_nn_accelerator/u_sum_signed_q0/reduce_layer412_reg[0]_srl2___u_nn_accelerator_u_sum_signed_i0_reduce_layer412_reg_r/CLK



