
*** Running vivado
    with args -log nn_classifier_wrapper.vdi -applog -m64 -product Vivado -messageDb vivado.pb -mode batch -source nn_classifier_wrapper.tcl -notrace


****** Vivado v2022.2 (64-bit)
  **** SW Build 3671981 on Fri Oct 14 04:59:54 MDT 2022
  **** IP Build 3669848 on Fri Oct 14 08:30:02 MDT 2022
    ** Copyright 1986-2022 Xilinx, Inc. All Rights Reserved.

source nn_classifier_wrapper.tcl -notrace
Command: link_design -top nn_classifier_wrapper -part xczu49dr-ffvf1760-2-e
Design is defaulting to srcset: sources_1
Design is defaulting to constrset: constrs_1
INFO: [Device 21-403] Loading part xczu49dr-ffvf1760-2-e
Netlist sorting complete. Time (s): cpu = 00:00:00.07 ; elapsed = 00:00:00.07 . Memory (MB): peak = 2712.449 ; gain = 0.000 ; free physical = 104568 ; free virtual = 230421
INFO: [Netlist 29-17] Analyzing 1766 Unisim elements for replacement
INFO: [Netlist 29-28] Unisim Transformation completed in 0 CPU seconds
INFO: [Project 1-479] Netlist was created with Vivado 2022.2
INFO: [Project 1-570] Preparing netlist for logic optimization
Parsing XDC File [/mnt/vault1/mfaroo19/LUNA/quantum-net-final/fid-opt/constraints.xdc]
Finished Parsing XDC File [/mnt/vault1/mfaroo19/LUNA/quantum-net-final/fid-opt/constraints.xdc]
INFO: [Opt 31-138] Pushed 0 inverter(s) to 0 load pin(s).
Netlist sorting complete. Time (s): cpu = 00:00:00 ; elapsed = 00:00:00 . Memory (MB): peak = 2918.727 ; gain = 0.000 ; free physical = 104477 ; free virtual = 230330
INFO: [Project 1-111] Unisim Transformation Summary:
  A total of 18 instances were transformed.
  IBUF => IBUF (IBUFCTRL, INBUF): 18 instances

7 Infos, 0 Warnings, 0 Critical Warnings and 0 Errors encountered.
link_design completed successfully
link_design: Time (s): cpu = 00:00:10 ; elapsed = 00:00:12 . Memory (MB): peak = 2918.727 ; gain = 1211.230 ; free physical = 104477 ; free virtual = 230330
Command: opt_design
Attempting to get a license for feature 'Implementation' and/or device 'xczu49dr'
INFO: [Common 17-349] Got license for feature 'Implementation' and/or device 'xczu49dr'
INFO: [Common 17-1540] The version limit for your license is '2024.12' and has expired for new software. A version limit expiration means that, although you may be able to continue to use the current version of tools or IP with this license, you will not be eligible for new releases.
Running DRC as a precondition to command opt_design

Starting DRC Task
INFO: [DRC 23-27] Running DRC with 8 threads
INFO: [Project 1-461] DRC finished with 0 Errors
INFO: [Project 1-462] Please refer to the DRC report (report_drc) for more information.

Time (s): cpu = 00:00:01 ; elapsed = 00:00:00.98 . Memory (MB): peak = 3016.512 ; gain = 89.781 ; free physical = 104473 ; free virtual = 230326

Starting Cache Timing Information Task
INFO: [Timing 38-35] Done setting XDC timing constraints.
Ending Cache Timing Information Task | Checksum: 14eb1d573

Time (s): cpu = 00:00:03 ; elapsed = 00:00:02 . Memory (MB): peak = 3357.980 ; gain = 341.469 ; free physical = 104227 ; free virtual = 230080

Starting Logic Optimization Task

Phase 1 Retarget
INFO: [Opt 31-138] Pushed 1 inverter(s) to 7546 load pin(s).
INFO: [Opt 31-49] Retargeted 0 cell(s).
Phase 1 Retarget | Checksum: db522e5b

Time (s): cpu = 00:00:02 ; elapsed = 00:00:01 . Memory (MB): peak = 3635.871 ; gain = 0.000 ; free physical = 103978 ; free virtual = 229831
INFO: [Opt 31-389] Phase Retarget created 4 cells and removed 5 cells

Phase 2 Constant propagation
INFO: [Opt 31-138] Pushed 0 inverter(s) to 0 load pin(s).
Phase 2 Constant propagation | Checksum: db522e5b

Time (s): cpu = 00:00:02 ; elapsed = 00:00:01 . Memory (MB): peak = 3635.871 ; gain = 0.000 ; free physical = 103978 ; free virtual = 229831
INFO: [Opt 31-389] Phase Constant propagation created 0 cells and removed 0 cells

Phase 3 Sweep
Phase 3 Sweep | Checksum: de2ef65a

Time (s): cpu = 00:00:02 ; elapsed = 00:00:01 . Memory (MB): peak = 3635.871 ; gain = 0.000 ; free physical = 103976 ; free virtual = 229829
INFO: [Opt 31-389] Phase Sweep created 0 cells and removed 0 cells

Phase 4 BUFG optimization
INFO: [Opt 31-1077] Phase BUFG optimization inserted 0 global clock buffer(s) for CLOCK_LOW_FANOUT.
Phase 4 BUFG optimization | Checksum: de2ef65a

Time (s): cpu = 00:00:02 ; elapsed = 00:00:02 . Memory (MB): peak = 3667.887 ; gain = 32.016 ; free physical = 103976 ; free virtual = 229829
INFO: [Opt 31-662] Phase BUFG optimization created 0 cells of which 0 are BUFGs and removed 0 cells.

Phase 5 Shift Register Optimization
INFO: [Opt 31-1064] SRL Remap converted 0 SRLs to 0 registers and converted 0 registers of register chains to 0 SRLs
Phase 5 Shift Register Optimization | Checksum: de2ef65a

Time (s): cpu = 00:00:02 ; elapsed = 00:00:02 . Memory (MB): peak = 3667.887 ; gain = 32.016 ; free physical = 103976 ; free virtual = 229829
INFO: [Opt 31-389] Phase Shift Register Optimization created 0 cells and removed 0 cells

Phase 6 Post Processing Netlist
Phase 6 Post Processing Netlist | Checksum: de2ef65a

Time (s): cpu = 00:00:02 ; elapsed = 00:00:02 . Memory (MB): peak = 3667.887 ; gain = 32.016 ; free physical = 103989 ; free virtual = 229841
INFO: [Opt 31-389] Phase Post Processing Netlist created 0 cells and removed 0 cells
Opt_design Change Summary
=========================


-------------------------------------------------------------------------------------------------------------------------
|  Phase                        |  #Cells created  |  #Cells Removed  |  #Constrained objects preventing optimizations  |
-------------------------------------------------------------------------------------------------------------------------
|  Retarget                     |               4  |               5  |                                              0  |
|  Constant propagation         |               0  |               0  |                                              0  |
|  Sweep                        |               0  |               0  |                                              0  |
|  BUFG optimization            |               0  |               0  |                                              0  |
|  Shift Register Optimization  |               0  |               0  |                                              0  |
|  Post Processing Netlist      |               0  |               0  |                                              0  |
-------------------------------------------------------------------------------------------------------------------------



Starting Connectivity Check Task

Time (s): cpu = 00:00:00.02 ; elapsed = 00:00:00.02 . Memory (MB): peak = 3667.887 ; gain = 0.000 ; free physical = 103987 ; free virtual = 229839
Ending Logic Optimization Task | Checksum: bc07deda

Time (s): cpu = 00:00:03 ; elapsed = 00:00:02 . Memory (MB): peak = 3667.887 ; gain = 32.016 ; free physical = 103987 ; free virtual = 229839

Starting Power Optimization Task
INFO: [Pwropt 34-132] Skipping clock gating for clocks with a period < 2.00 ns.
Ending Power Optimization Task | Checksum: bc07deda

Time (s): cpu = 00:00:00.01 ; elapsed = 00:00:00.01 . Memory (MB): peak = 3667.887 ; gain = 0.000 ; free physical = 103987 ; free virtual = 229840

Starting Final Cleanup Task
Ending Final Cleanup Task | Checksum: bc07deda

Time (s): cpu = 00:00:00 ; elapsed = 00:00:00 . Memory (MB): peak = 3667.887 ; gain = 0.000 ; free physical = 103987 ; free virtual = 229840

Starting Netlist Obfuscation Task
Netlist sorting complete. Time (s): cpu = 00:00:00.01 ; elapsed = 00:00:00.01 . Memory (MB): peak = 3667.887 ; gain = 0.000 ; free physical = 103987 ; free virtual = 229840
Ending Netlist Obfuscation Task | Checksum: bc07deda

Time (s): cpu = 00:00:00.01 ; elapsed = 00:00:00.01 . Memory (MB): peak = 3667.887 ; gain = 0.000 ; free physical = 103987 ; free virtual = 229840
INFO: [Common 17-83] Releasing license: Implementation
26 Infos, 0 Warnings, 0 Critical Warnings and 0 Errors encountered.
opt_design completed successfully
opt_design: Time (s): cpu = 00:00:08 ; elapsed = 00:00:07 . Memory (MB): peak = 3667.887 ; gain = 749.160 ; free physical = 103987 ; free virtual = 229840
INFO: [Timing 38-480] Writing timing data to binary archive.
INFO: [Common 17-1381] The checkpoint '/mnt/vault1/mfaroo19/LUNA/quantum-net-final/fid-opt/fid-opt-classifer/fid-opt-classifier.runs/impl_1/nn_classifier_wrapper_opt.dcp' has been generated.
INFO: [runtcl-4] Executing : report_drc -file nn_classifier_wrapper_drc_opted.rpt -pb nn_classifier_wrapper_drc_opted.pb -rpx nn_classifier_wrapper_drc_opted.rpx
Command: report_drc -file nn_classifier_wrapper_drc_opted.rpt -pb nn_classifier_wrapper_drc_opted.pb -rpx nn_classifier_wrapper_drc_opted.rpx
INFO: [IP_Flow 19-234] Refreshing IP repositories
INFO: [IP_Flow 19-1704] No user IP repositories specified
INFO: [IP_Flow 19-2313] Loaded Vivado IP repository '/mnt/vault1/kmhatre/Software/AMD/Vivado/2022.2/data/ip'.
INFO: [DRC 23-27] Running DRC with 8 threads
INFO: [Vivado_Tcl 2-168] The results of DRC are in file /mnt/vault1/mfaroo19/LUNA/quantum-net-final/fid-opt/fid-opt-classifer/fid-opt-classifier.runs/impl_1/nn_classifier_wrapper_drc_opted.rpt.
report_drc completed successfully
Command: place_design
Attempting to get a license for feature 'Implementation' and/or device 'xczu49dr'
INFO: [Common 17-349] Got license for feature 'Implementation' and/or device 'xczu49dr'
INFO: [Common 17-1540] The version limit for your license is '2024.12' and has expired for new software. A version limit expiration means that, although you may be able to continue to use the current version of tools or IP with this license, you will not be eligible for new releases.
INFO: [DRC 23-27] Running DRC with 8 threads
INFO: [Vivado_Tcl 4-198] DRC finished with 0 Errors
INFO: [Vivado_Tcl 4-199] Please refer to the DRC report (report_drc) for more information.
Running DRC as a precondition to command place_design
INFO: [DRC 23-27] Running DRC with 8 threads
INFO: [Vivado_Tcl 4-198] DRC finished with 0 Errors
INFO: [Vivado_Tcl 4-199] Please refer to the DRC report (report_drc) for more information.

Starting Placer Task
INFO: [Place 30-611] Multithreading enabled for place_design using a maximum of 8 CPUs

Phase 1 Placer Initialization

Phase 1.1 Placer Initialization Netlist Sorting
Netlist sorting complete. Time (s): cpu = 00:00:00 ; elapsed = 00:00:00 . Memory (MB): peak = 3768.605 ; gain = 0.000 ; free physical = 103741 ; free virtual = 229597
Phase 1.1 Placer Initialization Netlist Sorting | Checksum: 5770471c

Time (s): cpu = 00:00:00.01 ; elapsed = 00:00:00.01 . Memory (MB): peak = 3768.605 ; gain = 0.000 ; free physical = 103741 ; free virtual = 229597
Netlist sorting complete. Time (s): cpu = 00:00:00 ; elapsed = 00:00:00 . Memory (MB): peak = 3768.605 ; gain = 0.000 ; free physical = 103742 ; free virtual = 229598

Phase 1.2 IO Placement/ Clock Placement/ Build Placer Device
INFO: [Timing 38-35] Done setting XDC timing constraints.
Phase 1.2 IO Placement/ Clock Placement/ Build Placer Device | Checksum: 13e698eca

Time (s): cpu = 00:00:18 ; elapsed = 00:00:22 . Memory (MB): peak = 4927.301 ; gain = 1158.695 ; free physical = 103039 ; free virtual = 228895

Phase 1.3 Build Placer Netlist Model
Phase 1.3 Build Placer Netlist Model | Checksum: 1a1690aeb

Time (s): cpu = 00:00:23 ; elapsed = 00:00:25 . Memory (MB): peak = 4966.344 ; gain = 1197.738 ; free physical = 102740 ; free virtual = 228596

Phase 1.4 Constrain Clocks/Macros
Phase 1.4 Constrain Clocks/Macros | Checksum: 1a1690aeb

Time (s): cpu = 00:00:23 ; elapsed = 00:00:25 . Memory (MB): peak = 4966.344 ; gain = 1197.738 ; free physical = 102740 ; free virtual = 228596
Phase 1 Placer Initialization | Checksum: 1a1690aeb

Time (s): cpu = 00:00:23 ; elapsed = 00:00:25 . Memory (MB): peak = 4966.344 ; gain = 1197.738 ; free physical = 102740 ; free virtual = 228596

Phase 2 Global Placement

Phase 2.1 Floorplanning

Phase 2.1.1 Partition Driven Placement

Phase 2.1.1.1 PBP: Partition Driven Placement
Phase 2.1.1.1 PBP: Partition Driven Placement | Checksum: 15b460d49

Time (s): cpu = 00:00:28 ; elapsed = 00:00:26 . Memory (MB): peak = 4966.344 ; gain = 1197.738 ; free physical = 102849 ; free virtual = 228705

Phase 2.1.1.2 PBP: Clock Region Placement
Phase 2.1.1.2 PBP: Clock Region Placement | Checksum: 15b460d49

Time (s): cpu = 00:00:28 ; elapsed = 00:00:27 . Memory (MB): peak = 4966.344 ; gain = 1197.738 ; free physical = 102839 ; free virtual = 228695

Phase 2.1.1.3 PBP: Compute Congestion
Phase 2.1.1.3 PBP: Compute Congestion | Checksum: 15b460d49

Time (s): cpu = 00:00:30 ; elapsed = 00:00:28 . Memory (MB): peak = 5017.520 ; gain = 1248.914 ; free physical = 102621 ; free virtual = 228477

Phase 2.1.1.4 PBP: UpdateTiming
Phase 2.1.1.4 PBP: UpdateTiming | Checksum: 1b1a223cd

Time (s): cpu = 00:00:31 ; elapsed = 00:00:28 . Memory (MB): peak = 5047.535 ; gain = 1278.930 ; free physical = 102614 ; free virtual = 228470

Phase 2.1.1.5 PBP: Add part constraints
Phase 2.1.1.5 PBP: Add part constraints | Checksum: 1b1a223cd

Time (s): cpu = 00:00:31 ; elapsed = 00:00:28 . Memory (MB): peak = 5047.535 ; gain = 1278.930 ; free physical = 102614 ; free virtual = 228470
Phase 2.1.1 Partition Driven Placement | Checksum: 1b1a223cd

Time (s): cpu = 00:00:31 ; elapsed = 00:00:28 . Memory (MB): peak = 5047.535 ; gain = 1278.930 ; free physical = 102606 ; free virtual = 228462
Phase 2.1 Floorplanning | Checksum: 178b41b20

Time (s): cpu = 00:00:31 ; elapsed = 00:00:28 . Memory (MB): peak = 5047.535 ; gain = 1278.930 ; free physical = 102606 ; free virtual = 228462

Phase 2.2 Update Timing before SLR Path Opt
Phase 2.2 Update Timing before SLR Path Opt | Checksum: 178b41b20

Time (s): cpu = 00:00:31 ; elapsed = 00:00:28 . Memory (MB): peak = 5047.535 ; gain = 1278.930 ; free physical = 102606 ; free virtual = 228462

Phase 2.3 Post-Processing in Floorplanning
Phase 2.3 Post-Processing in Floorplanning | Checksum: 20184c4d5

Time (s): cpu = 00:00:31 ; elapsed = 00:00:28 . Memory (MB): peak = 5047.535 ; gain = 1278.930 ; free physical = 102600 ; free virtual = 228457

Phase 2.4 Global Placement Core

Phase 2.4.1 UpdateTiming Before Physical Synthesis
Phase 2.4.1 UpdateTiming Before Physical Synthesis | Checksum: 174d52f0a

Time (s): cpu = 00:00:55 ; elapsed = 00:00:38 . Memory (MB): peak = 5210.551 ; gain = 1441.945 ; free physical = 101980 ; free virtual = 227836

Phase 2.4.2 Physical Synthesis In Placer
INFO: [Physopt 32-1035] Found 3 LUTNM shape to break, 11 LUT instances to create LUTNM shape
INFO: [Physopt 32-1044] Break lutnm for timing: one critical 1, two critical 2, total 3, new lutff created 0
INFO: [Physopt 32-1138] End 1 Pass. Optimized 8 nets or LUTs. Breaked 3 LUTs, combined 5 existing LUTs and moved 0 existing LUT
INFO: [Physopt 32-1030] Pass 1. Identified 8 candidate driver sets for equivalent driver rewiring.
INFO: [Physopt 32-661] Optimized 5 nets.  Re-placed 13 instances.
INFO: [Physopt 32-775] End 1 Pass. Optimized 5 nets or cells. Created 0 new cell, deleted 0 existing cell and moved 13 existing cells
Netlist sorting complete. Time (s): cpu = 00:00:00.01 ; elapsed = 00:00:00.01 . Memory (MB): peak = 5210.551 ; gain = 0.000 ; free physical = 101982 ; free virtual = 227838
INFO: [Physopt 32-65] No nets found for high-fanout optimization.
INFO: [Physopt 32-232] Optimized 0 net. Created 0 new instance.
INFO: [Physopt 32-775] End 1 Pass. Optimized 0 net or cell. Created 0 new cell, deleted 0 existing cell and moved 0 existing cell
INFO: [Physopt 32-456] No candidate cells for DSP register optimization found in the design.
INFO: [Physopt 32-775] End 2 Pass. Optimized 0 net or cell. Created 0 new cell, deleted 0 existing cell and moved 0 existing cell
INFO: [Physopt 32-1123] No candidate cells found for Shift Register to Pipeline optimization
INFO: [Physopt 32-775] End 2 Pass. Optimized 0 net or cell. Created 0 new cell, deleted 0 existing cell and moved 0 existing cell
INFO: [Physopt 32-677] No candidate cells for Shift Register optimization found in the design
INFO: [Physopt 32-775] End 1 Pass. Optimized 0 net or cell. Created 0 new cell, deleted 0 existing cell and moved 0 existing cell
INFO: [Physopt 32-526] No candidate cells for BRAM register optimization found in the design
INFO: [Physopt 32-775] End 1 Pass. Optimized 0 net or cell. Created 0 new cell, deleted 0 existing cell and moved 0 existing cell
INFO: [Physopt 32-846] No candidate cells for URAM register optimization found in the design
INFO: [Physopt 32-775] End 2 Pass. Optimized 0 net or cell. Created 0 new cell, deleted 0 existing cell and moved 0 existing cell
INFO: [Physopt 32-949] No candidate nets found for dynamic/static region interface net replication
INFO: [Physopt 32-775] End 1 Pass. Optimized 0 net or cell. Created 0 new cell, deleted 0 existing cell and moved 0 existing cell
Netlist sorting complete. Time (s): cpu = 00:00:00 ; elapsed = 00:00:00.01 . Memory (MB): peak = 5210.551 ; gain = 0.000 ; free physical = 101977 ; free virtual = 227833

Summary of Physical Synthesis Optimizations
============================================


-----------------------------------------------------------------------------------------------------------------------------------------------------------
|  Optimization                                     |  Added Cells  |  Removed Cells  |  Optimized Cells/Nets  |  Dont Touch  |  Iterations  |  Elapsed   |
-----------------------------------------------------------------------------------------------------------------------------------------------------------
|  LUT Combining                                    |            3  |              5  |                     8  |           0  |           1  |  00:00:00  |
|  Retime                                           |            0  |              0  |                     0  |           0  |           1  |  00:00:00  |
|  Equivalent Driver Rewiring                       |            0  |              0  |                     5  |           0  |           1  |  00:00:00  |
|  Very High Fanout                                 |            0  |              0  |                     0  |           0  |           1  |  00:00:00  |
|  DSP Register                                     |            0  |              0  |                     0  |           0  |           1  |  00:00:00  |
|  Shift Register to Pipeline                       |            0  |              0  |                     0  |           0  |           1  |  00:00:00  |
|  Shift Register                                   |            0  |              0  |                     0  |           0  |           1  |  00:00:00  |
|  BRAM Register                                    |            0  |              0  |                     0  |           0  |           1  |  00:00:00  |
|  URAM Register                                    |            0  |              0  |                     0  |           0  |           1  |  00:00:00  |
|  Dynamic/Static Region Interface Net Replication  |            0  |              0  |                     0  |           0  |           1  |  00:00:00  |
|  Total                                            |            3  |              5  |                    13  |           0  |          10  |  00:00:00  |
-----------------------------------------------------------------------------------------------------------------------------------------------------------


Phase 2.4.2 Physical Synthesis In Placer | Checksum: 1ed11e5aa

Time (s): cpu = 00:00:56 ; elapsed = 00:00:39 . Memory (MB): peak = 5210.551 ; gain = 1441.945 ; free physical = 101985 ; free virtual = 227841
Phase 2.4 Global Placement Core | Checksum: 1c5d61318

Time (s): cpu = 00:00:59 ; elapsed = 00:00:40 . Memory (MB): peak = 5210.551 ; gain = 1441.945 ; free physical = 102045 ; free virtual = 227901
Phase 2 Global Placement | Checksum: 1c5d61318

Time (s): cpu = 00:00:59 ; elapsed = 00:00:40 . Memory (MB): peak = 5210.551 ; gain = 1441.945 ; free physical = 102049 ; free virtual = 227905

Phase 3 Detail Placement

Phase 3.1 Commit Multi Column Macros
Phase 3.1 Commit Multi Column Macros | Checksum: 245a4c730

Time (s): cpu = 00:01:02 ; elapsed = 00:00:41 . Memory (MB): peak = 5210.551 ; gain = 1441.945 ; free physical = 102075 ; free virtual = 227931

Phase 3.2 Commit Most Macros & LUTRAMs
Phase 3.2 Commit Most Macros & LUTRAMs | Checksum: 2c8aa6692

Time (s): cpu = 00:01:04 ; elapsed = 00:00:42 . Memory (MB): peak = 5210.551 ; gain = 1441.945 ; free physical = 102091 ; free virtual = 227947

Phase 3.3 Small Shape DP

Phase 3.3.1 Small Shape Clustering
Phase 3.3.1 Small Shape Clustering | Checksum: 2f3d0c5e0

Time (s): cpu = 00:01:08 ; elapsed = 00:00:44 . Memory (MB): peak = 5211.754 ; gain = 1443.148 ; free physical = 102201 ; free virtual = 228057

Phase 3.3.2 Flow Legalize Slice Clusters
Phase 3.3.2 Flow Legalize Slice Clusters | Checksum: 1fb99b019

Time (s): cpu = 00:01:08 ; elapsed = 00:00:44 . Memory (MB): peak = 5211.754 ; gain = 1443.148 ; free physical = 102201 ; free virtual = 228057

Phase 3.3.3 Slice Area Swap

Phase 3.3.3.1 Slice Area Swap Initial
Phase 3.3.3.1 Slice Area Swap Initial | Checksum: 2dae137af

Time (s): cpu = 00:01:10 ; elapsed = 00:00:46 . Memory (MB): peak = 5211.754 ; gain = 1443.148 ; free physical = 102240 ; free virtual = 228096
Phase 3.3.3 Slice Area Swap | Checksum: 2dae137af

Time (s): cpu = 00:01:10 ; elapsed = 00:00:46 . Memory (MB): peak = 5211.754 ; gain = 1443.148 ; free physical = 102242 ; free virtual = 228098
Phase 3.3 Small Shape DP | Checksum: 188a76883

Time (s): cpu = 00:01:12 ; elapsed = 00:00:47 . Memory (MB): peak = 5211.754 ; gain = 1443.148 ; free physical = 102304 ; free virtual = 228161

Phase 3.4 Re-assign LUT pins
Phase 3.4 Re-assign LUT pins | Checksum: 228114406

Time (s): cpu = 00:01:12 ; elapsed = 00:00:48 . Memory (MB): peak = 5211.754 ; gain = 1443.148 ; free physical = 102309 ; free virtual = 228165

Phase 3.5 Pipeline Register Optimization
Phase 3.5 Pipeline Register Optimization | Checksum: 201c1a9e3

Time (s): cpu = 00:01:12 ; elapsed = 00:00:48 . Memory (MB): peak = 5211.754 ; gain = 1443.148 ; free physical = 102303 ; free virtual = 228159

Phase 3.6 Fast Optimization
Phase 3.6 Fast Optimization | Checksum: 205476165

Time (s): cpu = 00:01:23 ; elapsed = 00:00:55 . Memory (MB): peak = 5211.754 ; gain = 1443.148 ; free physical = 102363 ; free virtual = 228220
Phase 3 Detail Placement | Checksum: 205476165

Time (s): cpu = 00:01:23 ; elapsed = 00:00:55 . Memory (MB): peak = 5211.754 ; gain = 1443.148 ; free physical = 102363 ; free virtual = 228219

Phase 4 Post Placement Optimization and Clean-Up

Phase 4.1 Post Commit Optimization
INFO: [Timing 38-35] Done setting XDC timing constraints.

Phase 4.1.1 Post Placement Optimization
Post Placement Optimization Initialization | Checksum: 1f532c6a5

Phase 4.1.1.1 BUFG Insertion

Starting Physical Synthesis Task

Phase 1 Physical Synthesis Initialization
INFO: [Physopt 32-721] Multithreading enabled for phys_opt_design using a maximum of 8 CPUs
INFO: [Physopt 32-619] Estimated Timing Summary | WNS=-0.865 | TNS=-2440.018 |
Phase 1 Physical Synthesis Initialization | Checksum: 2394528b1

Time (s): cpu = 00:00:00.65 ; elapsed = 00:00:00.17 . Memory (MB): peak = 5248.266 ; gain = 0.000 ; free physical = 102092 ; free virtual = 227948
INFO: [Place 46-56] BUFG insertion identified 0 candidate nets. Inserted BUFG: 0, Replicated BUFG Driver: 0, Skipped due to Placement/Routing Conflicts: 0, Skipped due to Timing Degradation: 0, Skipped due to Illegal Netlist: 0.
Ending Physical Synthesis Task | Checksum: 19dd15d68

Time (s): cpu = 00:00:00.76 ; elapsed = 00:00:00.28 . Memory (MB): peak = 5248.266 ; gain = 0.000 ; free physical = 102091 ; free virtual = 227948
Phase 4.1.1.1 BUFG Insertion | Checksum: 1f532c6a5

Time (s): cpu = 00:01:32 ; elapsed = 00:00:59 . Memory (MB): peak = 5248.266 ; gain = 1479.660 ; free physical = 102091 ; free virtual = 227947

Phase 4.1.1.2 Post Placement Timing Optimization
INFO: [Place 30-746] Post Placement Timing Summary WNS=-0.664. For the most accurate timing information please run report_timing.
Phase 4.1.1.2 Post Placement Timing Optimization | Checksum: 167c789d6

Time (s): cpu = 00:01:54 ; elapsed = 00:01:22 . Memory (MB): peak = 5248.266 ; gain = 1479.660 ; free physical = 102550 ; free virtual = 228415

Time (s): cpu = 00:01:54 ; elapsed = 00:01:22 . Memory (MB): peak = 5248.266 ; gain = 1479.660 ; free physical = 102551 ; free virtual = 228416
Phase 4.1 Post Commit Optimization | Checksum: 167c789d6

Time (s): cpu = 00:01:55 ; elapsed = 00:01:22 . Memory (MB): peak = 5248.266 ; gain = 1479.660 ; free physical = 102551 ; free virtual = 228416
Netlist sorting complete. Time (s): cpu = 00:00:00.01 ; elapsed = 00:00:00 . Memory (MB): peak = 5319.250 ; gain = 0.000 ; free physical = 102509 ; free virtual = 228365

Phase 4.2 Post Placement Cleanup
Phase 4.2 Post Placement Cleanup | Checksum: 25f5898a3

Time (s): cpu = 00:02:06 ; elapsed = 00:01:31 . Memory (MB): peak = 5319.250 ; gain = 1550.645 ; free physical = 102522 ; free virtual = 228378

Phase 4.3 Placer Reporting

Phase 4.3.1 Print Estimated Congestion
INFO: [Place 30-612] Post-Placement Estimated Congestion 
 ________________________________________________________________________
|           | Global Congestion | Long Congestion   | Short Congestion  |
| Direction | Region Size       | Region Size       | Region Size       |
|___________|___________________|___________________|___________________|
|      North|                1x1|                1x1|                1x1|
|___________|___________________|___________________|___________________|
|      South|                1x1|                1x1|                4x4|
|___________|___________________|___________________|___________________|
|       East|                1x1|                1x1|                2x2|
|___________|___________________|___________________|___________________|
|       West|                1x1|                1x1|                2x2|
|___________|___________________|___________________|___________________|

Phase 4.3.1 Print Estimated Congestion | Checksum: 25f5898a3

Time (s): cpu = 00:02:06 ; elapsed = 00:01:31 . Memory (MB): peak = 5319.250 ; gain = 1550.645 ; free physical = 102523 ; free virtual = 228379
Phase 4.3 Placer Reporting | Checksum: 25f5898a3

Time (s): cpu = 00:02:06 ; elapsed = 00:01:31 . Memory (MB): peak = 5319.250 ; gain = 1550.645 ; free physical = 102525 ; free virtual = 228382

Phase 4.4 Final Placement Cleanup
Netlist sorting complete. Time (s): cpu = 00:00:00 ; elapsed = 00:00:00.01 . Memory (MB): peak = 5319.250 ; gain = 0.000 ; free physical = 102525 ; free virtual = 228382

Time (s): cpu = 00:02:06 ; elapsed = 00:01:31 . Memory (MB): peak = 5319.250 ; gain = 1550.645 ; free physical = 102525 ; free virtual = 228382
Phase 4 Post Placement Optimization and Clean-Up | Checksum: 1f1602455

Time (s): cpu = 00:02:06 ; elapsed = 00:01:31 . Memory (MB): peak = 5319.250 ; gain = 1550.645 ; free physical = 102525 ; free virtual = 228382
Ending Placer Task | Checksum: 1a927f391

Time (s): cpu = 00:02:06 ; elapsed = 00:01:31 . Memory (MB): peak = 5319.250 ; gain = 1550.645 ; free physical = 102528 ; free virtual = 228384
INFO: [Common 17-83] Releasing license: Implementation
72 Infos, 0 Warnings, 0 Critical Warnings and 0 Errors encountered.
place_design completed successfully
place_design: Time (s): cpu = 00:02:08 ; elapsed = 00:01:32 . Memory (MB): peak = 5319.250 ; gain = 1550.645 ; free physical = 102753 ; free virtual = 228609
INFO: [Timing 38-480] Writing timing data to binary archive.
Writing XDEF routing.
Writing XDEF routing logical nets.
Writing XDEF routing special nets.
Write XDEF Complete: Time (s): cpu = 00:00:02 ; elapsed = 00:00:00.74 . Memory (MB): peak = 5319.250 ; gain = 0.000 ; free physical = 102711 ; free virtual = 228591
INFO: [Common 17-1381] The checkpoint '/mnt/vault1/mfaroo19/LUNA/quantum-net-final/fid-opt/fid-opt-classifer/fid-opt-classifier.runs/impl_1/nn_classifier_wrapper_placed.dcp' has been generated.
INFO: [runtcl-4] Executing : report_io -file nn_classifier_wrapper_io_placed.rpt
report_io: Time (s): cpu = 00:00:00.22 ; elapsed = 00:00:00.44 . Memory (MB): peak = 5319.250 ; gain = 0.000 ; free physical = 102671 ; free virtual = 228534
INFO: [runtcl-4] Executing : report_utilization -file nn_classifier_wrapper_utilization_placed.rpt -pb nn_classifier_wrapper_utilization_placed.pb
INFO: [runtcl-4] Executing : report_control_sets -verbose -file nn_classifier_wrapper_control_sets_placed.rpt
report_control_sets: Time (s): cpu = 00:00:00.07 ; elapsed = 00:00:00.24 . Memory (MB): peak = 5319.250 ; gain = 0.000 ; free physical = 102640 ; free virtual = 228503
Command: phys_opt_design
Attempting to get a license for feature 'Implementation' and/or device 'xczu49dr'
INFO: [Common 17-349] Got license for feature 'Implementation' and/or device 'xczu49dr'
INFO: [Common 17-1540] The version limit for your license is '2024.12' and has expired for new software. A version limit expiration means that, although you may be able to continue to use the current version of tools or IP with this license, you will not be eligible for new releases.

Starting Initial Update Timing Task

Time (s): cpu = 00:00:04 ; elapsed = 00:00:01 . Memory (MB): peak = 5319.250 ; gain = 0.000 ; free physical = 102651 ; free virtual = 228514
INFO: [Vivado_Tcl 4-1435] PhysOpt_Tcl_Interface Runtime Before Starting Physical Synthesis Task | CPU: 4.46s |  WALL: 1.20s
Netlist sorting complete. Time (s): cpu = 00:00:00 ; elapsed = 00:00:00 . Memory (MB): peak = 5319.250 ; gain = 0.000 ; free physical = 102650 ; free virtual = 228514

Starting Physical Synthesis Task

Phase 1 Physical Synthesis Initialization
INFO: [Physopt 32-721] Multithreading enabled for phys_opt_design using a maximum of 8 CPUs
INFO: [Physopt 32-619] Estimated Timing Summary | WNS=-0.666 | TNS=-2308.008 |
Phase 1 Physical Synthesis Initialization | Checksum: 1c77676da

Time (s): cpu = 00:00:03 ; elapsed = 00:00:02 . Memory (MB): peak = 5319.250 ; gain = 0.000 ; free physical = 102374 ; free virtual = 228237
INFO: [Physopt 32-619] Estimated Timing Summary | WNS=-0.666 | TNS=-2308.008 |

Phase 2 DSP Register Optimization
INFO: [Physopt 32-456] No candidate cells for DSP register optimization found in the design.
INFO: [Physopt 32-775] End 2 Pass. Optimized 0 net or cell. Created 0 new cell, deleted 0 existing cell and moved 0 existing cell
Phase 2 DSP Register Optimization | Checksum: 1c77676da

Time (s): cpu = 00:00:03 ; elapsed = 00:00:02 . Memory (MB): peak = 5319.250 ; gain = 0.000 ; free physical = 102373 ; free virtual = 228236

Phase 3 Critical Path Optimization
INFO: [Physopt 32-619] Estimated Timing Summary | WNS=-0.666 | TNS=-2308.008 |
INFO: [Physopt 32-702] Processed net out_DATA_OBUF[0]. Optimizations did not improve timing on the net.
INFO: [Physopt 32-81] Processed net u_nn_accelerator/u_logicnet/layer3_reg/M3w[1]. Replicated 1 times.
INFO: [Physopt 32-735] Processed net u_nn_accelerator/u_logicnet/layer3_reg/M3w[1]. Optimization improves timing on the net.
INFO: [Physopt 32-619] Estimated Timing Summary | WNS=-0.665 | TNS=-2309.277 |
INFO: [Physopt 32-702] Processed net u_nn_accelerator/u_logicnet/layer3_reg/M3w[1]. Optimizations did not improve timing on the net.
INFO: [Physopt 32-702] Processed net u_nn_accelerator/u_logicnet/layer3_inst/layer3_N0_inst/out_DATA_reg[0]_i_3_n_0. Optimizations did not improve timing on the net.
INFO: [Physopt 32-608] Optimized 1 net.  Swapped 50 pins.
INFO: [Physopt 32-735] Processed net u_nn_accelerator/u_logicnet/layer3_inst/layer3_N0_inst/out_DATA[0]_i_6_n_0. Optimization improves timing on the net.
INFO: [Physopt 32-619] Estimated Timing Summary | WNS=-0.664 | TNS=-2309.276 |
INFO: [Physopt 32-702] Processed net u_nn_accelerator/u_logicnet/layer3_inst/layer3_N0_inst/out_DATA[0]_i_6_n_0. Optimizations did not improve timing on the net.
INFO: [Physopt 32-702] Processed net u_nn_accelerator/u_logicnet/layer3_inst/layer3_N0_inst/out_DATA_reg[0]_i_17_n_0. Optimizations did not improve timing on the net.
INFO: [Physopt 32-702] Processed net u_nn_accelerator/u_logicnet/layer3_inst/layer3_N0_inst/out_DATA_reg[0]_i_57_n_0. Optimizations did not improve timing on the net.
INFO: [Physopt 32-608] Optimized 1 net.  Swapped 40 pins.
INFO: [Physopt 32-735] Processed net u_nn_accelerator/u_logicnet/layer3_inst/layer3_N0_inst/out_DATA[0]_i_162_n_0. Optimization improves timing on the net.
INFO: [Physopt 32-619] Estimated Timing Summary | WNS=-0.663 | TNS=-2309.275 |
INFO: [Physopt 32-663] Processed net u_nn_accelerator/u_logicnet/layer2_reg/M2w[18].  Re-placed instance u_nn_accelerator/u_logicnet/layer2_reg/data_out_reg[22]
INFO: [Physopt 32-735] Processed net u_nn_accelerator/u_logicnet/layer2_reg/M2w[18]. Optimization improves timing on the net.
INFO: [Physopt 32-619] Estimated Timing Summary | WNS=-0.663 | TNS=-2309.306 |
INFO: [Physopt 32-702] Processed net u_nn_accelerator/u_logicnet/layer3_inst/layer3_N0_inst/out_DATA_reg[0]_i_2_n_0. Optimizations did not improve timing on the net.
INFO: [Physopt 32-702] Processed net u_nn_accelerator/u_logicnet/layer3_inst/layer3_N0_inst/out_DATA[0]_i_4_n_0. Optimizations did not improve timing on the net.
INFO: [Physopt 32-608] Optimized 1 net.  Swapped 50 pins.
INFO: [Physopt 32-735] Processed net u_nn_accelerator/u_logicnet/layer3_inst/layer3_N0_inst/out_DATA[0]_i_9_n_0. Optimization improves timing on the net.
INFO: [Physopt 32-619] Estimated Timing Summary | WNS=-0.661 | TNS=-2309.304 |
INFO: [Physopt 32-702] Processed net u_nn_accelerator/u_logicnet/layer3_reg/M3w[15]. Optimizations did not improve timing on the net.
INFO: [Physopt 32-608] Optimized 1 net.  Swapped 50 pins.
INFO: [Physopt 32-735] Processed net u_nn_accelerator/u_logicnet/layer3_inst/layer3_N0_inst/out_DATA[0]_i_7_n_0. Optimization improves timing on the net.
INFO: [Physopt 32-619] Estimated Timing Summary | WNS=-0.661 | TNS=-2309.304 |
INFO: [Physopt 32-608] Optimized 1 net.  Swapped 45 pins.
INFO: [Physopt 32-735] Processed net u_nn_accelerator/u_logicnet/layer3_inst/layer3_N0_inst/out_DATA[0]_i_8_n_0. Optimization improves timing on the net.
INFO: [Physopt 32-619] Estimated Timing Summary | WNS=-0.660 | TNS=-2309.302 |
INFO: [Physopt 32-702] Processed net u_nn_accelerator/u_logicnet/layer2_reg/M2w[51]. Optimizations did not improve timing on the net.
INFO: [Physopt 32-81] Processed net u_nn_accelerator/u_logicnet/layer1_reg/M1w[195]. Replicated 5 times.
INFO: [Physopt 32-735] Processed net u_nn_accelerator/u_logicnet/layer1_reg/M1w[195]. Optimization improves timing on the net.
INFO: [Physopt 32-619] Estimated Timing Summary | WNS=-0.660 | TNS=-2311.606 |
INFO: [Physopt 32-663] Processed net q_memory_reg_n_0_[296][6].  Re-placed instance q_memory_reg[296][6]
INFO: [Physopt 32-735] Processed net q_memory_reg_n_0_[296][6]. Optimization improves timing on the net.
INFO: [Physopt 32-619] Estimated Timing Summary | WNS=-0.660 | TNS=-2311.567 |
INFO: [Physopt 32-702] Processed net out_DATA_OBUF[1]. Optimizations did not improve timing on the net.
INFO: [Physopt 32-702] Processed net u_nn_accelerator/u_logicnet/layer3_inst/layer3_N0_inst/out_DATA_reg[1]_i_3_n_0. Optimizations did not improve timing on the net.
INFO: [Physopt 32-702] Processed net u_nn_accelerator/u_logicnet/layer3_inst/layer3_N0_inst/out_DATA[1]_i_6_n_0. Optimizations did not improve timing on the net.
INFO: [Physopt 32-702] Processed net u_nn_accelerator/u_logicnet/layer3_inst/layer3_N0_inst/out_DATA_reg[1]_i_15_n_0. Optimizations did not improve timing on the net.
INFO: [Physopt 32-702] Processed net u_nn_accelerator/u_logicnet/layer3_inst/layer3_N0_inst/out_DATA_reg[1]_i_48_n_0. Optimizations did not improve timing on the net.
INFO: [Physopt 32-702] Processed net u_nn_accelerator/u_logicnet/layer3_inst/layer3_N0_inst/out_DATA[1]_i_121_n_0. Optimizations did not improve timing on the net.
INFO: [Physopt 32-663] Processed net u_nn_accelerator/u_logicnet/layer3_inst/layer3_N0_inst/out_DATA[1]_i_183_n_0.  Re-placed instance u_nn_accelerator/u_logicnet/layer3_inst/layer3_N0_inst/out_DATA[1]_i_183
INFO: [Physopt 32-735] Processed net u_nn_accelerator/u_logicnet/layer3_inst/layer3_N0_inst/out_DATA[1]_i_183_n_0. Optimization improves timing on the net.
INFO: [Physopt 32-619] Estimated Timing Summary | WNS=-0.660 | TNS=-2311.567 |
INFO: [Physopt 32-702] Processed net out_DATA_OBUF[1]. Optimizations did not improve timing on the net.
INFO: [Physopt 32-702] Processed net u_nn_accelerator/u_logicnet/layer3_reg/M3w[1]. Optimizations did not improve timing on the net.
INFO: [Physopt 32-702] Processed net u_nn_accelerator/u_logicnet/layer3_inst/layer3_N0_inst/out_DATA_reg[1]_i_3_n_0. Optimizations did not improve timing on the net.
INFO: [Physopt 32-702] Processed net u_nn_accelerator/u_logicnet/layer3_inst/layer3_N0_inst/out_DATA[1]_i_6_n_0. Optimizations did not improve timing on the net.
INFO: [Physopt 32-702] Processed net u_nn_accelerator/u_logicnet/layer3_inst/layer3_N0_inst/out_DATA[1]_i_13_n_0. Optimizations did not improve timing on the net.
INFO: [Physopt 32-702] Processed net u_nn_accelerator/u_logicnet/layer3_inst/layer3_N0_inst/out_DATA[1]_i_40_n_0. Optimizations did not improve timing on the net.
INFO: [Physopt 32-702] Processed net u_nn_accelerator/u_logicnet/layer3_inst/layer3_N0_inst/out_DATA[1]_i_83_n_0. Optimizations did not improve timing on the net.
INFO: [Physopt 32-608] Optimized 1 net.  Swapped 40 pins.
INFO: [Physopt 32-735] Processed net u_nn_accelerator/u_logicnet/layer3_inst/layer3_N0_inst/out_DATA[1]_i_160_n_0. Optimization improves timing on the net.
INFO: [Physopt 32-619] Estimated Timing Summary | WNS=-0.660 | TNS=-2311.566 |
INFO: [Physopt 32-702] Processed net u_nn_accelerator/u_logicnet/layer2_reg/M2w[57]. Optimizations did not improve timing on the net.
INFO: [Physopt 32-663] Processed net u_nn_accelerator/u_logicnet/layer1_reg/M1w[147].  Re-placed instance u_nn_accelerator/u_logicnet/layer1_reg/data_out_reg[205]
INFO: [Physopt 32-735] Processed net u_nn_accelerator/u_logicnet/layer1_reg/M1w[147]. Optimization improves timing on the net.
INFO: [Physopt 32-619] Estimated Timing Summary | WNS=-0.659 | TNS=-2311.859 |
INFO: [Physopt 32-702] Processed net out_DATA_OBUF[0]. Optimizations did not improve timing on the net.
INFO: [Physopt 32-702] Processed net u_nn_accelerator/u_logicnet/layer3_reg/M3w[12]. Optimizations did not improve timing on the net.
INFO: [Physopt 32-702] Processed net u_nn_accelerator/u_logicnet/layer3_inst/layer3_N0_inst/out_DATA_reg[0]_i_2_n_0. Optimizations did not improve timing on the net.
INFO: [Physopt 32-702] Processed net u_nn_accelerator/u_logicnet/layer3_inst/layer3_N0_inst/out_DATA[0]_i_4_n_0. Optimizations did not improve timing on the net.
INFO: [Physopt 32-608] Optimized 1 net.  Swapped 50 pins.
INFO: [Physopt 32-735] Processed net u_nn_accelerator/u_logicnet/layer3_inst/layer3_N0_inst/out_DATA[0]_i_9_n_0. Optimization improves timing on the net.
INFO: [Physopt 32-619] Estimated Timing Summary | WNS=-0.659 | TNS=-2311.858 |
INFO: [Physopt 32-702] Processed net u_nn_accelerator/u_logicnet/layer3_inst/layer3_N0_inst/out_DATA[1]_i_112_n_0. Optimizations did not improve timing on the net.
INFO: [Physopt 32-663] Processed net u_nn_accelerator/u_logicnet/layer3_inst/layer3_N0_inst/out_DATA[1]_i_152_n_0.  Re-placed instance u_nn_accelerator/u_logicnet/layer3_inst/layer3_N0_inst/out_DATA[1]_i_152
INFO: [Physopt 32-735] Processed net u_nn_accelerator/u_logicnet/layer3_inst/layer3_N0_inst/out_DATA[1]_i_152_n_0. Optimization improves timing on the net.
INFO: [Physopt 32-619] Estimated Timing Summary | WNS=-0.658 | TNS=-2311.857 |
INFO: [Physopt 32-702] Processed net u_nn_accelerator/u_logicnet/layer3_reg/M3w[15]. Optimizations did not improve timing on the net.
INFO: [Physopt 32-702] Processed net u_nn_accelerator/u_logicnet/layer3_inst/layer3_N0_inst/out_DATA[0]_i_5_n_0. Optimizations did not improve timing on the net.
INFO: [Physopt 32-702] Processed net u_nn_accelerator/u_logicnet/layer3_inst/layer3_N0_inst/out_DATA_reg[0]_i_15_n_0. Optimizations did not improve timing on the net.
INFO: [Physopt 32-702] Processed net u_nn_accelerator/u_logicnet/layer3_inst/layer3_N0_inst/out_DATA_reg[0]_i_50_n_0. Optimizations did not improve timing on the net.
INFO: [Physopt 32-702] Processed net u_nn_accelerator/u_logicnet/layer3_inst/layer3_N0_inst/out_DATA[0]_i_145_n_0. Optimizations did not improve timing on the net.
INFO: [Physopt 32-608] Optimized 1 net.  Swapped 38 pins.
INFO: [Physopt 32-735] Processed net u_nn_accelerator/u_logicnet/layer3_inst/layer3_N0_inst/out_DATA[0]_i_229_n_0. Optimization improves timing on the net.
INFO: [Physopt 32-619] Estimated Timing Summary | WNS=-0.658 | TNS=-2311.857 |
INFO: [Physopt 32-608] Optimized 1 net.  Swapped 48 pins.
INFO: [Physopt 32-735] Processed net u_nn_accelerator/u_logicnet/layer3_inst/layer3_N0_inst/out_DATA[0]_i_13_n_0. Optimization improves timing on the net.
INFO: [Physopt 32-619] Estimated Timing Summary | WNS=-0.658 | TNS=-2311.853 |
INFO: [Physopt 32-702] Processed net u_nn_accelerator/u_logicnet/layer3_inst/layer3_N0_inst/out_DATA_reg[1]_i_4_n_0. Optimizations did not improve timing on the net.
INFO: [Physopt 32-702] Processed net u_nn_accelerator/u_logicnet/layer3_inst/layer3_N0_inst/out_DATA[1]_i_8_n_0. Optimizations did not improve timing on the net.
INFO: [Physopt 32-608] Optimized 1 net.  Swapped 40 pins.
INFO: [Physopt 32-735] Processed net u_nn_accelerator/u_logicnet/layer3_inst/layer3_N0_inst/out_DATA[1]_i_11_n_0. Optimization improves timing on the net.
INFO: [Physopt 32-619] Estimated Timing Summary | WNS=-0.658 | TNS=-2311.852 |
INFO: [Physopt 32-702] Processed net u_nn_accelerator/u_logicnet/layer2_reg/M2w[28]. Optimizations did not improve timing on the net.
INFO: [Physopt 32-663] Processed net u_nn_accelerator/u_logicnet/layer1_reg/M1w[105].  Re-placed instance u_nn_accelerator/u_logicnet/layer1_reg/data_out_reg[147]
INFO: [Physopt 32-735] Processed net u_nn_accelerator/u_logicnet/layer1_reg/M1w[105]. Optimization improves timing on the net.
INFO: [Physopt 32-619] Estimated Timing Summary | WNS=-0.657 | TNS=-2311.855 |
INFO: [Physopt 32-702] Processed net u_nn_accelerator/u_logicnet/layer3_inst/layer3_N0_inst/out_DATA[1]_i_158_n_0. Optimizations did not improve timing on the net.
INFO: [Physopt 32-702] Processed net u_nn_accelerator/u_logicnet/layer3_inst/layer3_N0_inst/D[1]. Optimizations did not improve timing on the net.
INFO: [Physopt 32-702] Processed net ap_clk_IBUF_inst/OUT. Optimizations did not improve timing on the net.
INFO: [Physopt 32-702] Processed net ap_clk. Optimizations did not improve timing on the net.
INFO: [Physopt 32-619] Estimated Timing Summary | WNS=-0.657 | TNS=-2311.855 |
Phase 3 Critical Path Optimization | Checksum: 209a93c39

Time (s): cpu = 00:00:20 ; elapsed = 00:00:11 . Memory (MB): peak = 5319.250 ; gain = 0.000 ; free physical = 102566 ; free virtual = 228430

Phase 4 Critical Path Optimization
INFO: [Physopt 32-619] Estimated Timing Summary | WNS=-0.657 | TNS=-2311.855 |
INFO: [Physopt 32-702] Processed net out_DATA_OBUF[1]. Optimizations did not improve timing on the net.
INFO: [Physopt 32-702] Processed net u_nn_accelerator/u_logicnet/layer3_reg/M3w[1]. Optimizations did not improve timing on the net.
INFO: [Physopt 32-702] Processed net u_nn_accelerator/u_logicnet/layer3_inst/layer3_N0_inst/out_DATA_reg[1]_i_3_n_0. Optimizations did not improve timing on the net.
INFO: [Physopt 32-702] Processed net u_nn_accelerator/u_logicnet/layer3_inst/layer3_N0_inst/out_DATA[1]_i_6_n_0. Optimizations did not improve timing on the net.
INFO: [Physopt 32-702] Processed net u_nn_accelerator/u_logicnet/layer3_inst/layer3_N0_inst/out_DATA[1]_i_13_n_0. Optimizations did not improve timing on the net.
INFO: [Physopt 32-702] Processed net u_nn_accelerator/u_logicnet/layer3_inst/layer3_N0_inst/out_DATA[1]_i_40_n_0. Optimizations did not improve timing on the net.
INFO: [Physopt 32-81] Processed net u_nn_accelerator/u_logicnet/layer3_inst/layer3_N0_inst/out_DATA[1]_i_83_n_0. Replicated 1 times.
INFO: [Physopt 32-735] Processed net u_nn_accelerator/u_logicnet/layer3_inst/layer3_N0_inst/out_DATA[1]_i_83_n_0. Optimization improves timing on the net.
INFO: [Physopt 32-619] Estimated Timing Summary | WNS=-0.657 | TNS=-2311.855 |
INFO: [Physopt 32-608] Optimized 1 net.  Swapped 35 pins.
INFO: [Physopt 32-735] Processed net u_nn_accelerator/u_logicnet/layer3_inst/layer3_N0_inst/out_DATA[1]_i_82_n_0. Optimization improves timing on the net.
INFO: [Physopt 32-619] Estimated Timing Summary | WNS=-0.656 | TNS=-2311.853 |
INFO: [Physopt 32-702] Processed net u_nn_accelerator/u_logicnet/layer2_reg/M2w[18]. Optimizations did not improve timing on the net.
INFO: [Physopt 32-702] Processed net u_nn_accelerator/u_logicnet/layer2_inst/layer2_N0_inst/data_out_reg[1]_i_2_n_0. Optimizations did not improve timing on the net.
INFO: [Physopt 32-702] Processed net u_nn_accelerator/u_logicnet/layer2_inst/layer2_N0_inst/data_out[1]_i_7_n_0. Optimizations did not improve timing on the net.
INFO: [Physopt 32-608] Optimized 1 net.  Swapped 28 pins.
INFO: [Physopt 32-735] Processed net u_nn_accelerator/u_logicnet/layer2_inst/layer2_N0_inst/data_out[1]_i_19_n_0. Optimization improves timing on the net.
INFO: [Physopt 32-619] Estimated Timing Summary | WNS=-0.655 | TNS=-2311.795 |
INFO: [Physopt 32-702] Processed net u_nn_accelerator/u_logicnet/layer3_reg/M3w[7]. Optimizations did not improve timing on the net.
INFO: [Physopt 32-663] Processed net u_nn_accelerator/u_logicnet/layer2_reg/M2w[31].  Re-placed instance u_nn_accelerator/u_logicnet/layer2_reg/data_out_reg[39]
INFO: [Physopt 32-735] Processed net u_nn_accelerator/u_logicnet/layer2_reg/M2w[31]. Optimization improves timing on the net.
INFO: [Physopt 32-619] Estimated Timing Summary | WNS=-0.655 | TNS=-2311.773 |
INFO: [Physopt 32-702] Processed net u_nn_accelerator/u_logicnet/layer3_inst/layer3_N0_inst/out_DATA_reg[1]_i_16_n_0. Optimizations did not improve timing on the net.
INFO: [Physopt 32-702] Processed net u_nn_accelerator/u_logicnet/layer3_inst/layer3_N0_inst/out_DATA_reg[1]_i_50_n_0. Optimizations did not improve timing on the net.
INFO: [Physopt 32-608] Optimized 1 net.  Swapped 42 pins.
INFO: [Physopt 32-735] Processed net u_nn_accelerator/u_logicnet/layer3_inst/layer3_N0_inst/out_DATA[1]_i_125_n_0. Optimization improves timing on the net.
INFO: [Physopt 32-619] Estimated Timing Summary | WNS=-0.654 | TNS=-2311.770 |
INFO: [Physopt 32-663] Processed net i_memory_reg_n_0_[309][6].  Re-placed instance i_memory_reg[309][6]
INFO: [Physopt 32-735] Processed net i_memory_reg_n_0_[309][6]. Optimization improves timing on the net.
INFO: [Physopt 32-619] Estimated Timing Summary | WNS=-0.654 | TNS=-2311.742 |
INFO: [Physopt 32-702] Processed net out_DATA_OBUF[0]. Optimizations did not improve timing on the net.
INFO: [Physopt 32-702] Processed net u_nn_accelerator/u_logicnet/layer3_inst/layer3_N0_inst/out_DATA_reg[0]_i_3_n_0. Optimizations did not improve timing on the net.
INFO: [Physopt 32-702] Processed net u_nn_accelerator/u_logicnet/layer3_inst/layer3_N0_inst/out_DATA[0]_i_6_n_0. Optimizations did not improve timing on the net.
INFO: [Physopt 32-702] Processed net u_nn_accelerator/u_logicnet/layer3_inst/layer3_N0_inst/out_DATA_reg[0]_i_17_n_0. Optimizations did not improve timing on the net.
INFO: [Physopt 32-702] Processed net u_nn_accelerator/u_logicnet/layer3_inst/layer3_N0_inst/out_DATA_reg[0]_i_56_n_0. Optimizations did not improve timing on the net.
INFO: [Physopt 32-608] Optimized 1 net.  Swapped 40 pins.
INFO: [Physopt 32-735] Processed net u_nn_accelerator/u_logicnet/layer3_inst/layer3_N0_inst/out_DATA[0]_i_159_n_0. Optimization improves timing on the net.
INFO: [Physopt 32-619] Estimated Timing Summary | WNS=-0.653 | TNS=-2311.742 |
INFO: [Physopt 32-702] Processed net u_nn_accelerator/u_logicnet/layer3_reg/M3w[15]. Optimizations did not improve timing on the net.
INFO: [Physopt 32-702] Processed net u_nn_accelerator/u_logicnet/layer3_inst/layer3_N0_inst/out_DATA_reg[0]_i_57_n_0. Optimizations did not improve timing on the net.
INFO: [Physopt 32-608] Optimized 1 net.  Swapped 40 pins.
INFO: [Physopt 32-735] Processed net u_nn_accelerator/u_logicnet/layer3_inst/layer3_N0_inst/out_DATA[0]_i_161_n_0. Optimization improves timing on the net.
INFO: [Physopt 32-619] Estimated Timing Summary | WNS=-0.652 | TNS=-2311.735 |
INFO: [Physopt 32-663] Processed net i_memory_reg_n_0_[257][1].  Re-placed instance i_memory_reg[257][1]
INFO: [Physopt 32-735] Processed net i_memory_reg_n_0_[257][1]. Optimization improves timing on the net.
INFO: [Physopt 32-619] Estimated Timing Summary | WNS=-0.652 | TNS=-2311.721 |
INFO: [Physopt 32-663] Processed net i_memory_reg_n_0_[257][3].  Re-placed instance i_memory_reg[257][3]
INFO: [Physopt 32-735] Processed net i_memory_reg_n_0_[257][3]. Optimization improves timing on the net.
INFO: [Physopt 32-619] Estimated Timing Summary | WNS=-0.652 | TNS=-2311.707 |
INFO: [Physopt 32-663] Processed net i_memory_reg_n_0_[257][5].  Re-placed instance i_memory_reg[257][5]
INFO: [Physopt 32-735] Processed net i_memory_reg_n_0_[257][5]. Optimization improves timing on the net.
INFO: [Physopt 32-619] Estimated Timing Summary | WNS=-0.652 | TNS=-2311.693 |
INFO: [Physopt 32-663] Processed net i_memory_reg_n_0_[296][1].  Re-placed instance i_memory_reg[296][1]
INFO: [Physopt 32-735] Processed net i_memory_reg_n_0_[296][1]. Optimization improves timing on the net.
INFO: [Physopt 32-619] Estimated Timing Summary | WNS=-0.652 | TNS=-2311.596 |
INFO: [Physopt 32-663] Processed net i_memory_reg_n_0_[296][3].  Re-placed instance i_memory_reg[296][3]
INFO: [Physopt 32-735] Processed net i_memory_reg_n_0_[296][3]. Optimization improves timing on the net.
INFO: [Physopt 32-619] Estimated Timing Summary | WNS=-0.652 | TNS=-2311.499 |
INFO: [Physopt 32-663] Processed net i_memory_reg_n_0_[296][5].  Re-placed instance i_memory_reg[296][5]
INFO: [Physopt 32-735] Processed net i_memory_reg_n_0_[296][5]. Optimization improves timing on the net.
INFO: [Physopt 32-619] Estimated Timing Summary | WNS=-0.652 | TNS=-2311.402 |
INFO: [Physopt 32-663] Processed net q_memory_reg_n_0_[257][4].  Re-placed instance q_memory_reg[257][4]
INFO: [Physopt 32-735] Processed net q_memory_reg_n_0_[257][4]. Optimization improves timing on the net.
INFO: [Physopt 32-619] Estimated Timing Summary | WNS=-0.652 | TNS=-2311.388 |
INFO: [Physopt 32-663] Processed net q_memory_reg_n_0_[296][5].  Re-placed instance q_memory_reg[296][5]
INFO: [Physopt 32-735] Processed net q_memory_reg_n_0_[296][5]. Optimization improves timing on the net.
INFO: [Physopt 32-619] Estimated Timing Summary | WNS=-0.652 | TNS=-2311.366 |
INFO: [Physopt 32-702] Processed net u_nn_accelerator/u_logicnet/layer3_reg/M3w[12]. Optimizations did not improve timing on the net.
INFO: [Physopt 32-663] Processed net u_nn_accelerator/u_logicnet/layer2_reg/M2w[13].  Re-placed instance u_nn_accelerator/u_logicnet/layer2_reg/data_out_reg[17]
INFO: [Physopt 32-735] Processed net u_nn_accelerator/u_logicnet/layer2_reg/M2w[13]. Optimization improves timing on the net.
INFO: [Physopt 32-619] Estimated Timing Summary | WNS=-0.652 | TNS=-2311.562 |
INFO: [Physopt 32-702] Processed net i_memory_reg_n_0_[165][2]. Optimizations did not improve timing on the net.
INFO: [Physopt 32-663] Processed net current_state_reg[1].  Re-placed instance FSM_sequential_current_state_reg[1]
INFO: [Physopt 32-735] Processed net current_state_reg[1]. Optimization improves timing on the net.
INFO: [Physopt 32-619] Estimated Timing Summary | WNS=-0.651 | TNS=-2287.428 |
INFO: [Physopt 32-702] Processed net out_DATA_OBUF[1]. Optimizations did not improve timing on the net.
INFO: [Physopt 32-702] Processed net u_nn_accelerator/u_logicnet/layer3_reg/M3w[1]. Optimizations did not improve timing on the net.
INFO: [Physopt 32-702] Processed net u_nn_accelerator/u_logicnet/layer3_inst/layer3_N0_inst/out_DATA_reg[1]_i_3_n_0. Optimizations did not improve timing on the net.
INFO: [Physopt 32-702] Processed net u_nn_accelerator/u_logicnet/layer3_inst/layer3_N0_inst/out_DATA[1]_i_6_n_0. Optimizations did not improve timing on the net.
INFO: [Physopt 32-702] Processed net u_nn_accelerator/u_logicnet/layer3_inst/layer3_N0_inst/out_DATA_reg[1]_i_15_n_0. Optimizations did not improve timing on the net.
INFO: [Physopt 32-702] Processed net u_nn_accelerator/u_logicnet/layer3_inst/layer3_N0_inst/out_DATA_reg[1]_i_47_n_0. Optimizations did not improve timing on the net.
INFO: [Physopt 32-702] Processed net u_nn_accelerator/u_logicnet/layer3_inst/layer3_N0_inst/out_DATA[1]_i_119_n_0. Optimizations did not improve timing on the net.
INFO: [Physopt 32-608] Optimized 1 net.  Swapped 40 pins.
INFO: [Physopt 32-735] Processed net u_nn_accelerator/u_logicnet/layer3_inst/layer3_N0_inst/out_DATA[1]_i_180_n_0. Optimization improves timing on the net.
INFO: [Physopt 32-619] Estimated Timing Summary | WNS=-0.651 | TNS=-2287.428 |
INFO: [Physopt 32-663] Processed net u_nn_accelerator/u_logicnet/layer3_reg/M3w[13].  Re-placed instance u_nn_accelerator/u_logicnet/layer3_reg/data_out_reg[23]
INFO: [Physopt 32-735] Processed net u_nn_accelerator/u_logicnet/layer3_reg/M3w[13]. Optimization improves timing on the net.
INFO: [Physopt 32-619] Estimated Timing Summary | WNS=-0.650 | TNS=-2287.627 |
INFO: [Physopt 32-619] Estimated Timing Summary | WNS=-0.650 | TNS=-2287.627 |
Phase 4 Critical Path Optimization | Checksum: 161023095

Time (s): cpu = 00:00:34 ; elapsed = 00:00:17 . Memory (MB): peak = 5319.250 ; gain = 0.000 ; free physical = 102735 ; free virtual = 228598
Netlist sorting complete. Time (s): cpu = 00:00:00.01 ; elapsed = 00:00:00.01 . Memory (MB): peak = 5319.250 ; gain = 0.000 ; free physical = 102735 ; free virtual = 228598
Netlist sorting complete. Time (s): cpu = 00:00:00.01 ; elapsed = 00:00:00 . Memory (MB): peak = 5319.250 ; gain = 0.000 ; free physical = 102689 ; free virtual = 228552
INFO: [Physopt 32-603] Post Physical Optimization Timing Summary | WNS=-0.650 | TNS=-2287.627 |

Summary of Physical Synthesis Optimizations
============================================


-------------------------------------------------------------------------------------------------------------------------------------------------------------
|  Optimization   |  WNS Gain (ns)  |  TNS Gain (ns)  |  Added Cells  |  Removed Cells  |  Optimized Cells/Nets  |  Dont Touch  |  Iterations  |  Elapsed   |
-------------------------------------------------------------------------------------------------------------------------------------------------------------
|  DSP Register   |          0.000  |          0.000  |            0  |              0  |                     0  |           0  |           1  |  00:00:00  |
|  Critical Path  |          0.016  |         20.381  |            7  |              0  |                    38  |           0  |           2  |  00:00:15  |
|  Total          |          0.016  |         20.381  |            7  |              0  |                    38  |           0  |           3  |  00:00:15  |
-------------------------------------------------------------------------------------------------------------------------------------------------------------


Netlist sorting complete. Time (s): cpu = 00:00:00 ; elapsed = 00:00:00 . Memory (MB): peak = 5319.250 ; gain = 0.000 ; free physical = 102690 ; free virtual = 228554
Ending Physical Synthesis Task | Checksum: 29936e734

Time (s): cpu = 00:00:34 ; elapsed = 00:00:18 . Memory (MB): peak = 5319.250 ; gain = 0.000 ; free physical = 102683 ; free virtual = 228546
INFO: [Common 17-83] Releasing license: Implementation
274 Infos, 0 Warnings, 0 Critical Warnings and 0 Errors encountered.
phys_opt_design completed successfully
phys_opt_design: Time (s): cpu = 00:00:39 ; elapsed = 00:00:19 . Memory (MB): peak = 5319.250 ; gain = 0.000 ; free physical = 102760 ; free virtual = 228623
INFO: [Timing 38-480] Writing timing data to binary archive.
Writing XDEF routing.
Writing XDEF routing logical nets.
Writing XDEF routing special nets.
Write XDEF Complete: Time (s): cpu = 00:00:02 ; elapsed = 00:00:00.77 . Memory (MB): peak = 5319.250 ; gain = 0.000 ; free physical = 102745 ; free virtual = 228630
INFO: [Common 17-1381] The checkpoint '/mnt/vault1/mfaroo19/LUNA/quantum-net-final/fid-opt/fid-opt-classifer/fid-opt-classifier.runs/impl_1/nn_classifier_wrapper_physopt.dcp' has been generated.
Command: route_design
Attempting to get a license for feature 'Implementation' and/or device 'xczu49dr'
INFO: [Common 17-349] Got license for feature 'Implementation' and/or device 'xczu49dr'
INFO: [Common 17-1540] The version limit for your license is '2024.12' and has expired for new software. A version limit expiration means that, although you may be able to continue to use the current version of tools or IP with this license, you will not be eligible for new releases.
INFO: [DRC 23-27] Running DRC with 8 threads
INFO: [Vivado_Tcl 4-198] DRC finished with 0 Errors
INFO: [Vivado_Tcl 4-199] Please refer to the DRC report (report_drc) for more information.
Running DRC as a precondition to command route_design
INFO: [DRC 23-27] Running DRC with 8 threads
INFO: [Vivado_Tcl 4-198] DRC finished with 0 Errors
INFO: [Vivado_Tcl 4-199] Please refer to the DRC report (report_drc) for more information.


Starting Routing Task
INFO: [Route 35-254] Multithreading enabled for route_design using a maximum of 8 CPUs

Phase 1 Build RT Design
Checksum: PlaceDB: 53111811 ConstDB: 0 ShapeSum: dcb560b9 RouteDB: f1c3cab5
Nodegraph reading from file.  Time (s): cpu = 00:00:00.82 ; elapsed = 00:00:00.92 . Memory (MB): peak = 5319.250 ; gain = 0.000 ; free physical = 102525 ; free virtual = 228395
Post Restoration Checksum: NetGraph: d906e486 NumContArr: c32e82fc Constraints: 47d58d4c Timing: 0
Phase 1 Build RT Design | Checksum: 1e40af4ce

Time (s): cpu = 00:00:11 ; elapsed = 00:00:08 . Memory (MB): peak = 5319.250 ; gain = 0.000 ; free physical = 102599 ; free virtual = 228468

Phase 2 Router Initialization

Phase 2.1 Fix Topology Constraints
Phase 2.1 Fix Topology Constraints | Checksum: 1e40af4ce

Time (s): cpu = 00:00:11 ; elapsed = 00:00:08 . Memory (MB): peak = 5319.250 ; gain = 0.000 ; free physical = 102524 ; free virtual = 228394

Phase 2.2 Pre Route Cleanup
Phase 2.2 Pre Route Cleanup | Checksum: 1e40af4ce

Time (s): cpu = 00:00:11 ; elapsed = 00:00:08 . Memory (MB): peak = 5319.250 ; gain = 0.000 ; free physical = 102527 ; free virtual = 228397

Phase 2.3 Global Clock Net Routing
 Number of Nodes with overlaps = 0
Phase 2.3 Global Clock Net Routing | Checksum: 18c5b20f2

Time (s): cpu = 00:00:13 ; elapsed = 00:00:09 . Memory (MB): peak = 5444.254 ; gain = 125.004 ; free physical = 102229 ; free virtual = 228098

Phase 2.4 Update Timing
Phase 2.4 Update Timing | Checksum: 1d1864db1

Time (s): cpu = 00:00:16 ; elapsed = 00:00:10 . Memory (MB): peak = 5444.254 ; gain = 125.004 ; free physical = 102228 ; free virtual = 228098
INFO: [Route 35-416] Intermediate Timing Summary | WNS=-0.567 | TNS=-1211.125| WHS=-0.015 | THS=-0.089 |


Router Utilization Summary
  Global Vertical Routing Utilization    = 0 %
  Global Horizontal Routing Utilization  = 0 %
  Routable Net Status*
  *Does not include unroutable nets such as driverless and loadless.
  Run report_route_status for detailed report.
  Number of Failed Nets               = 17032
    (Failed Nets is the sum of unrouted and partially routed nets)
  Number of Unrouted Nets             = 13906
  Number of Partially Routed Nets     = 3126
  Number of Node Overlaps             = 0

Phase 2 Router Initialization | Checksum: 17bc405f8

Time (s): cpu = 00:00:25 ; elapsed = 00:00:12 . Memory (MB): peak = 5458.215 ; gain = 138.965 ; free physical = 102126 ; free virtual = 227995

Phase 3 Initial Routing

Phase 3.1 Global Routing
Phase 3.1 Global Routing | Checksum: 17bc405f8

Time (s): cpu = 00:00:25 ; elapsed = 00:00:12 . Memory (MB): peak = 5458.215 ; gain = 138.965 ; free physical = 102126 ; free virtual = 227995
Phase 3 Initial Routing | Checksum: 15528bfa7

Time (s): cpu = 00:00:31 ; elapsed = 00:00:14 . Memory (MB): peak = 5458.215 ; gain = 138.965 ; free physical = 102104 ; free virtual = 227974
INFO: [Route 35-580] Design has 2 pins with tight setup and hold constraints.

The top 5 pins with tight setup and hold constraints:

+====================+===================+===========================================================+
| Launch Setup Clock | Launch Hold Clock | Pin                                                       |
+====================+===================+===========================================================+
| ap_clk             | ap_clk            | u_nn_accelerator/u_sum_signed_i1/reduce_layer137_reg[5]/D |
| ap_clk             | ap_clk            | u_nn_accelerator/u_sum_signed_i1/reduce_layer137_reg[6]/D |
+--------------------+-------------------+-----------------------------------------------------------+

File with complete list of pins: tight_setup_hold_pins.txt


Phase 4 Rip-up And Reroute

Phase 4.1 Global Iteration 0
 Number of Nodes with overlaps = 2555
 Number of Nodes with overlaps = 385
 Number of Nodes with overlaps = 68
 Number of Nodes with overlaps = 18
 Number of Nodes with overlaps = 10
 Number of Nodes with overlaps = 0
INFO: [Route 35-416] Intermediate Timing Summary | WNS=-0.784 | TNS=-2314.039| WHS=-0.007 | THS=-0.007 |

Phase 4.1 Global Iteration 0 | Checksum: 1d38235a6

Time (s): cpu = 00:00:52 ; elapsed = 00:00:25 . Memory (MB): peak = 5474.223 ; gain = 154.973 ; free physical = 102302 ; free virtual = 228171

Phase 4.2 Global Iteration 1
 Number of Nodes with overlaps = 122
 Number of Nodes with overlaps = 32
 Number of Nodes with overlaps = 10
 Number of Nodes with overlaps = 4
 Number of Nodes with overlaps = 3
 Number of Nodes with overlaps = 1
 Number of Nodes with overlaps = 0
INFO: [Route 35-416] Intermediate Timing Summary | WNS=-0.739 | TNS=-2312.797| WHS=N/A    | THS=N/A    |

Phase 4.2 Global Iteration 1 | Checksum: 263d77f1e

Time (s): cpu = 00:00:57 ; elapsed = 00:00:29 . Memory (MB): peak = 5474.223 ; gain = 154.973 ; free physical = 102361 ; free virtual = 228230

Phase 4.3 Global Iteration 2
 Number of Nodes with overlaps = 180
 Number of Nodes with overlaps = 51
 Number of Nodes with overlaps = 19
 Number of Nodes with overlaps = 5
 Number of Nodes with overlaps = 2
 Number of Nodes with overlaps = 2
 Number of Nodes with overlaps = 2
 Number of Nodes with overlaps = 2
 Number of Nodes with overlaps = 0
INFO: [Route 35-416] Intermediate Timing Summary | WNS=-0.707 | TNS=-2311.503| WHS=N/A    | THS=N/A    |

Phase 4.3 Global Iteration 2 | Checksum: 157f733a2

Time (s): cpu = 00:01:03 ; elapsed = 00:00:34 . Memory (MB): peak = 5474.223 ; gain = 154.973 ; free physical = 102386 ; free virtual = 228255

Phase 4.4 Global Iteration 3
 Number of Nodes with overlaps = 118
 Number of Nodes with overlaps = 51
 Number of Nodes with overlaps = 20
 Number of Nodes with overlaps = 15
 Number of Nodes with overlaps = 9
 Number of Nodes with overlaps = 6
 Number of Nodes with overlaps = 6
 Number of Nodes with overlaps = 1
 Number of Nodes with overlaps = 1
 Number of Nodes with overlaps = 1
 Number of Nodes with overlaps = 1
 Number of Nodes with overlaps = 0
INFO: [Route 35-416] Intermediate Timing Summary | WNS=-0.702 | TNS=-2307.086| WHS=N/A    | THS=N/A    |

Phase 4.4 Global Iteration 3 | Checksum: 1f5253ca1

Time (s): cpu = 00:01:11 ; elapsed = 00:00:41 . Memory (MB): peak = 5474.223 ; gain = 154.973 ; free physical = 102441 ; free virtual = 228310

Phase 4.5 Global Iteration 4
 Number of Nodes with overlaps = 213
 Number of Nodes with overlaps = 70
 Number of Nodes with overlaps = 30
 Number of Nodes with overlaps = 9
 Number of Nodes with overlaps = 3
 Number of Nodes with overlaps = 2
 Number of Nodes with overlaps = 2
 Number of Nodes with overlaps = 1
 Number of Nodes with overlaps = 1
 Number of Nodes with overlaps = 1
 Number of Nodes with overlaps = 0
INFO: [Route 35-416] Intermediate Timing Summary | WNS=-0.689 | TNS=-2305.057| WHS=N/A    | THS=N/A    |

Phase 4.5 Global Iteration 4 | Checksum: 31507b90f

Time (s): cpu = 00:01:18 ; elapsed = 00:00:47 . Memory (MB): peak = 5474.223 ; gain = 154.973 ; free physical = 102531 ; free virtual = 228400

Phase 4.6 Global Iteration 5
 Number of Nodes with overlaps = 149
 Number of Nodes with overlaps = 40
 Number of Nodes with overlaps = 17
 Number of Nodes with overlaps = 5
 Number of Nodes with overlaps = 1
 Number of Nodes with overlaps = 0
INFO: [Route 35-416] Intermediate Timing Summary | WNS=-0.682 | TNS=-2304.755| WHS=N/A    | THS=N/A    |

Phase 4.6 Global Iteration 5 | Checksum: 2bbc802c8

Time (s): cpu = 00:01:23 ; elapsed = 00:00:50 . Memory (MB): peak = 5474.223 ; gain = 154.973 ; free physical = 102559 ; free virtual = 228429

Phase 4.7 Global Iteration 6
 Number of Nodes with overlaps = 127
 Number of Nodes with overlaps = 45
 Number of Nodes with overlaps = 13
 Number of Nodes with overlaps = 8
 Number of Nodes with overlaps = 6
 Number of Nodes with overlaps = 3
 Number of Nodes with overlaps = 2
 Number of Nodes with overlaps = 2
 Number of Nodes with overlaps = 1
 Number of Nodes with overlaps = 2
 Number of Nodes with overlaps = 1
 Number of Nodes with overlaps = 1
 Number of Nodes with overlaps = 0
INFO: [Route 35-416] Intermediate Timing Summary | WNS=-0.703 | TNS=-2304.966| WHS=N/A    | THS=N/A    |

Phase 4.7 Global Iteration 6 | Checksum: 27e420704

Time (s): cpu = 00:01:29 ; elapsed = 00:00:55 . Memory (MB): peak = 5474.223 ; gain = 154.973 ; free physical = 102553 ; free virtual = 228423
Phase 4 Rip-up And Reroute | Checksum: 27e420704

Time (s): cpu = 00:01:29 ; elapsed = 00:00:56 . Memory (MB): peak = 5474.223 ; gain = 154.973 ; free physical = 102553 ; free virtual = 228423

Phase 5 Delay and Skew Optimization

Phase 5.1 Delay CleanUp

Phase 5.1.1 Update Timing
Phase 5.1.1 Update Timing | Checksum: 2536cb658

Time (s): cpu = 00:01:32 ; elapsed = 00:00:57 . Memory (MB): peak = 5474.223 ; gain = 154.973 ; free physical = 102557 ; free virtual = 228427
INFO: [Route 35-416] Intermediate Timing Summary | WNS=-0.682 | TNS=-2304.755| WHS=0.010  | THS=0.000  |


Phase 5.1.2 Update Timing
Phase 5.1.2 Update Timing | Checksum: 20f00513a

Time (s): cpu = 00:01:35 ; elapsed = 00:00:57 . Memory (MB): peak = 5474.223 ; gain = 154.973 ; free physical = 102559 ; free virtual = 228429
INFO: [Route 35-416] Intermediate Timing Summary | WNS=-0.682 | TNS=-2304.755| WHS=0.010  | THS=0.000  |

 Number of Nodes with overlaps = 0
Phase 5.1 Delay CleanUp | Checksum: 171231c67

Time (s): cpu = 00:01:36 ; elapsed = 00:00:58 . Memory (MB): peak = 5474.223 ; gain = 154.973 ; free physical = 102517 ; free virtual = 228386

Phase 5.2 Clock Skew Optimization
Phase 5.2 Clock Skew Optimization | Checksum: 171231c67

Time (s): cpu = 00:01:36 ; elapsed = 00:00:58 . Memory (MB): peak = 5474.223 ; gain = 154.973 ; free physical = 102517 ; free virtual = 228386
Phase 5 Delay and Skew Optimization | Checksum: 171231c67

Time (s): cpu = 00:01:36 ; elapsed = 00:00:58 . Memory (MB): peak = 5474.223 ; gain = 154.973 ; free physical = 102517 ; free virtual = 228386

Phase 6 Post Hold Fix

Phase 6.1 Hold Fix Iter

Phase 6.1.1 Update Timing
Phase 6.1.1 Update Timing | Checksum: f9f25533

Time (s): cpu = 00:01:39 ; elapsed = 00:00:59 . Memory (MB): peak = 5474.223 ; gain = 154.973 ; free physical = 102509 ; free virtual = 228379
INFO: [Route 35-416] Intermediate Timing Summary | WNS=-0.679 | TNS=-2299.788| WHS=0.010  | THS=0.000  |

Phase 6.1 Hold Fix Iter | Checksum: f9f25533

Time (s): cpu = 00:01:39 ; elapsed = 00:00:59 . Memory (MB): peak = 5474.223 ; gain = 154.973 ; free physical = 102509 ; free virtual = 228379
Phase 6 Post Hold Fix | Checksum: f9f25533

Time (s): cpu = 00:01:39 ; elapsed = 00:00:59 . Memory (MB): peak = 5474.223 ; gain = 154.973 ; free physical = 102509 ; free virtual = 228379

Phase 7 Route finalize

Router Utilization Summary
  Global Vertical Routing Utilization    = 0.543462 %
  Global Horizontal Routing Utilization  = 0.533648 %
  Routable Net Status*
  *Does not include unroutable nets such as driverless and loadless.
  Run report_route_status for detailed report.
  Number of Failed Nets               = 0
    (Failed Nets is the sum of unrouted and partially routed nets)
  Number of Unrouted Nets             = 0
  Number of Partially Routed Nets     = 0
  Number of Node Overlaps             = 0

Congestion Report
North Dir 1x1 Area, Max Cong = 61.5023%, No Congested Regions.
South Dir 1x1 Area, Max Cong = 75.8294%, No Congested Regions.
East Dir 1x1 Area, Max Cong = 55.7692%, No Congested Regions.
West Dir 1x1 Area, Max Cong = 59.6154%, No Congested Regions.

------------------------------
Reporting congestion hotspots
------------------------------
Direction: North
----------------
Congested clusters found at Level 0
Effective congestion level: 0 Aspect Ratio: 1 Sparse Ratio: 0
Direction: South
----------------
Congested clusters found at Level 0
Effective congestion level: 0 Aspect Ratio: 1 Sparse Ratio: 0
Direction: East
----------------
Congested clusters found at Level 0
Effective congestion level: 0 Aspect Ratio: 1 Sparse Ratio: 0
Direction: West
----------------
Congested clusters found at Level 0
Effective congestion level: 0 Aspect Ratio: 1 Sparse Ratio: 0

Phase 7 Route finalize | Checksum: d77f4c73

Time (s): cpu = 00:01:39 ; elapsed = 00:00:59 . Memory (MB): peak = 5474.223 ; gain = 154.973 ; free physical = 102502 ; free virtual = 228371

Phase 8 Verifying routed nets

 Verification completed successfully
Phase 8 Verifying routed nets | Checksum: d77f4c73

Time (s): cpu = 00:01:40 ; elapsed = 00:00:59 . Memory (MB): peak = 5474.223 ; gain = 154.973 ; free physical = 102500 ; free virtual = 228370

Phase 9 Depositing Routes
Phase 9 Depositing Routes | Checksum: d77f4c73

Time (s): cpu = 00:01:40 ; elapsed = 00:01:00 . Memory (MB): peak = 5474.223 ; gain = 154.973 ; free physical = 102493 ; free virtual = 228363

Phase 10 Resolve XTalk
Phase 10 Resolve XTalk | Checksum: d77f4c73

Time (s): cpu = 00:01:41 ; elapsed = 00:01:00 . Memory (MB): peak = 5474.223 ; gain = 154.973 ; free physical = 102517 ; free virtual = 228387

Phase 11 Post Router Timing
INFO: [Route 35-57] Estimated Timing Summary | WNS=-0.679 | TNS=-2299.788| WHS=0.010  | THS=0.000  |

WARNING: [Route 35-328] Router estimated timing not met.
Resolution: For a complete and accurate timing signoff, report_timing_summary must be run after route_design. Alternatively, route_design can be run with the -timing_summary option to enable a complete timing signoff at the end of route_design.
Phase 11 Post Router Timing | Checksum: d77f4c73

Time (s): cpu = 00:01:42 ; elapsed = 00:01:00 . Memory (MB): peak = 5474.223 ; gain = 154.973 ; free physical = 102520 ; free virtual = 228390
Time taken to check if laguna hold fix is required (in secs): 0

Phase 12 Physical Synthesis in Router

Phase 12.1 Physical Synthesis Initialization
INFO: [Physopt 32-668] Current Timing Summary | WNS=-0.679 | TNS=-2298.960 | WHS=0.010 | THS=0.000 |
Phase 12.1 Physical Synthesis Initialization | Checksum: d77f4c73

Time (s): cpu = 00:01:55 ; elapsed = 00:01:09 . Memory (MB): peak = 5474.223 ; gain = 154.973 ; free physical = 102502 ; free virtual = 228371
WARNING: [Physopt 32-745] Physical Optimization has determined that the magnitude of the negative slack is too large and it is highly unlikely that slack will be improved. Post-Route Physical Optimization is most effective when WNS is above -0.5ns

Phase 12.2 Critical Path Optimization
INFO: [Physopt 32-668] Current Timing Summary | WNS=-0.679 | TNS=-2298.960 | WHS=0.010 | THS=0.000 |
INFO: [Physopt 32-953] Path group WNS did not improve. Path group: ap_clk. Processed net: out_DATA_OBUF[0].
INFO: [Physopt 32-953] Path group WNS did not improve. Path group: ap_clk. Processed net: u_nn_accelerator/u_logicnet/layer3_reg/M3w[15].
INFO: [Physopt 32-953] Path group WNS did not improve. Path group: ap_clk. Processed net: u_nn_accelerator/u_logicnet/layer3_inst/layer3_N0_inst/out_DATA_reg[0]_i_3_n_0.
INFO: [Physopt 32-668] Current Timing Summary | WNS=-0.679 | TNS=-2298.960 | WHS=0.010 | THS=0.000 |
Phase 12.2 Critical Path Optimization | Checksum: 15622202f

Time (s): cpu = 00:01:56 ; elapsed = 00:01:10 . Memory (MB): peak = 5474.223 ; gain = 154.973 ; free physical = 102416 ; free virtual = 228286
Netlist sorting complete. Time (s): cpu = 00:00:00 ; elapsed = 00:00:00 . Memory (MB): peak = 5474.223 ; gain = 0.000 ; free physical = 102416 ; free virtual = 228286
INFO: [Physopt 32-669] Post Physical Optimization Timing Summary | WNS=-0.679 | TNS=-2298.960 | WHS=0.010 | THS=0.000 |
Phase 12 Physical Synthesis in Router | Checksum: 15622202f

Time (s): cpu = 00:01:57 ; elapsed = 00:01:10 . Memory (MB): peak = 5474.223 ; gain = 154.973 ; free physical = 102430 ; free virtual = 228300
INFO: [Route 35-16] Router Completed Successfully

Time (s): cpu = 00:01:57 ; elapsed = 00:01:10 . Memory (MB): peak = 5474.223 ; gain = 154.973 ; free physical = 102583 ; free virtual = 228452
INFO: [Common 17-83] Releasing license: Implementation
307 Infos, 2 Warnings, 0 Critical Warnings and 0 Errors encountered.
route_design completed successfully
route_design: Time (s): cpu = 00:02:00 ; elapsed = 00:01:11 . Memory (MB): peak = 5474.223 ; gain = 154.973 ; free physical = 102583 ; free virtual = 228452
INFO: [Timing 38-480] Writing timing data to binary archive.
Writing XDEF routing.
Writing XDEF routing logical nets.
Writing XDEF routing special nets.
Write XDEF Complete: Time (s): cpu = 00:00:02 ; elapsed = 00:00:00.84 . Memory (MB): peak = 5474.430 ; gain = 0.207 ; free physical = 102557 ; free virtual = 228452
INFO: [Common 17-1381] The checkpoint '/mnt/vault1/mfaroo19/LUNA/quantum-net-final/fid-opt/fid-opt-classifer/fid-opt-classifier.runs/impl_1/nn_classifier_wrapper_routed.dcp' has been generated.
INFO: [runtcl-4] Executing : report_drc -file nn_classifier_wrapper_drc_routed.rpt -pb nn_classifier_wrapper_drc_routed.pb -rpx nn_classifier_wrapper_drc_routed.rpx
Command: report_drc -file nn_classifier_wrapper_drc_routed.rpt -pb nn_classifier_wrapper_drc_routed.pb -rpx nn_classifier_wrapper_drc_routed.rpx
INFO: [IP_Flow 19-1839] IP Catalog is up to date.
INFO: [DRC 23-27] Running DRC with 8 threads
INFO: [Vivado_Tcl 2-168] The results of DRC are in file /mnt/vault1/mfaroo19/LUNA/quantum-net-final/fid-opt/fid-opt-classifer/fid-opt-classifier.runs/impl_1/nn_classifier_wrapper_drc_routed.rpt.
report_drc completed successfully
INFO: [runtcl-4] Executing : report_methodology -file nn_classifier_wrapper_methodology_drc_routed.rpt -pb nn_classifier_wrapper_methodology_drc_routed.pb -rpx nn_classifier_wrapper_methodology_drc_routed.rpx
Command: report_methodology -file nn_classifier_wrapper_methodology_drc_routed.rpt -pb nn_classifier_wrapper_methodology_drc_routed.pb -rpx nn_classifier_wrapper_methodology_drc_routed.rpx
INFO: [Timing 38-35] Done setting XDC timing constraints.
INFO: [DRC 23-133] Running Methodology with 8 threads
INFO: [Vivado_Tcl 2-1520] The results of Report Methodology are in file /mnt/vault1/mfaroo19/LUNA/quantum-net-final/fid-opt/fid-opt-classifer/fid-opt-classifier.runs/impl_1/nn_classifier_wrapper_methodology_drc_routed.rpt.
report_methodology completed successfully
INFO: [runtcl-4] Executing : report_power -file nn_classifier_wrapper_power_routed.rpt -pb nn_classifier_wrapper_power_summary_routed.pb -rpx nn_classifier_wrapper_power_routed.rpx
Command: report_power -file nn_classifier_wrapper_power_routed.rpt -pb nn_classifier_wrapper_power_summary_routed.pb -rpx nn_classifier_wrapper_power_routed.rpx
INFO: [Timing 38-35] Done setting XDC timing constraints.
Running Vector-less Activity Propagation...

Finished Running Vector-less Activity Propagation
319 Infos, 2 Warnings, 0 Critical Warnings and 0 Errors encountered.
report_power completed successfully
INFO: [runtcl-4] Executing : report_route_status -file nn_classifier_wrapper_route_status.rpt -pb nn_classifier_wrapper_route_status.pb
INFO: [runtcl-4] Executing : report_timing_summary -max_paths 10 -report_unconstrained -file nn_classifier_wrapper_timing_summary_routed.rpt -pb nn_classifier_wrapper_timing_summary_routed.pb -rpx nn_classifier_wrapper_timing_summary_routed.rpx -warn_on_violation 
INFO: [Timing 38-91] UpdateTimingParams: Speed grade: -2, Temperature grade: E, Delay Type: min_max.
INFO: [Timing 38-191] Multithreading enabled for timing update using a maximum of 8 CPUs
CRITICAL WARNING: [Timing 38-282] The design failed to meet the timing requirements. Please see the timing summary report for details on the timing violations.
INFO: [runtcl-4] Executing : report_incremental_reuse -file nn_classifier_wrapper_incremental_reuse_routed.rpt
INFO: [Vivado_Tcl 4-1062] Incremental flow is disabled. No incremental reuse Info to report.
INFO: [runtcl-4] Executing : report_clock_utilization -file nn_classifier_wrapper_clock_utilization_routed.rpt
report_clock_utilization: Time (s): cpu = 00:00:05 ; elapsed = 00:00:06 . Memory (MB): peak = 5536.617 ; gain = 0.000 ; free physical = 102461 ; free virtual = 228345
INFO: [runtcl-4] Executing : report_bus_skew -warn_on_violation -file nn_classifier_wrapper_bus_skew_routed.rpt -pb nn_classifier_wrapper_bus_skew_routed.pb -rpx nn_classifier_wrapper_bus_skew_routed.rpx
INFO: [Timing 38-91] UpdateTimingParams: Speed grade: -2, Temperature grade: E, Delay Type: min_max.
INFO: [Timing 38-191] Multithreading enabled for timing update using a maximum of 8 CPUs
INFO: [Common 17-206] Exiting Vivado at Tue May 12 13:51:14 2026...
