Copyright 1986-2022 Xilinx, Inc. All Rights Reserved.
--------------------------------------------------------------------------------------------------
| Tool Version : Vivado v.2022.2 (lin64) Build 3671981 Fri Oct 14 04:59:54 MDT 2022
| Date         : Wed Nov 12 15:05:45 2025
| Host         : en4228283l running 64-bit Ubuntu 22.04.5 LTS
| Command      : report_control_sets -verbose -file nn_classifier_wrapper_control_sets_placed.rpt
| Design       : nn_classifier_wrapper
| Device       : xczu49dr
--------------------------------------------------------------------------------------------------

Control Set Information

Table of Contents
-----------------
1. Summary
2. Histogram
3. Flip-Flop Distribution
4. Detailed Control Set Information

1. Summary
----------

+----------------------------------------------------------+-------+
|                          Status                          | Count |
+----------------------------------------------------------+-------+
| Total control sets                                       |   407 |
|    Minimum number of control sets                        |   407 |
|    Addition due to synthesis replication                 |     0 |
|    Addition due to physical synthesis replication        |     0 |
| Unused register locations in slices containing registers |   811 |
+----------------------------------------------------------+-------+
* Control sets can be merged at opt_design using control_set_merge or merge_equivalent_drivers
** Run report_qor_suggestions for automated merging and remapping suggestions


2. Histogram
------------

+--------------------+-------+
|       Fanout       | Count |
+--------------------+-------+
| Total control sets |   407 |
| >= 0 to < 4        |     3 |
| >= 4 to < 6        |     0 |
| >= 6 to < 8        |     0 |
| >= 8 to < 10       |     0 |
| >= 10 to < 12      |   400 |
| >= 12 to < 14      |     1 |
| >= 14 to < 16      |     1 |
| >= 16              |     2 |
+--------------------+-------+
* Control sets can be remapped at either synth_design or opt_design


3. Flip-Flop Distribution
-------------------------

+--------------+-----------------------+------------------------+-----------------+--------------+
| Clock Enable | Synchronous Set/Reset | Asynchronous Set/Reset | Total Registers | Total Slices |
+--------------+-----------------------+------------------------+-----------------+--------------+
| No           | No                    | No                     |              18 |            2 |
| No           | No                    | Yes                    |               3 |            3 |
| No           | Yes                   | No                     |            5616 |         1027 |
| Yes          | No                    | No                     |            4005 |          447 |
| Yes          | No                    | Yes                    |              27 |            8 |
| Yes          | Yes                   | No                     |               0 |            0 |
+--------------+-----------------------+------------------------+-----------------+--------------+


4. Detailed Control Set Information
-----------------------------------

+-------------------+--------------------------+----------------------+------------------+----------------+--------------+
|    Clock Signal   |       Enable Signal      |   Set/Reset Signal   | Slice Load Count | Bel Load Count | Bels / Slice |
+-------------------+--------------------------+----------------------+------------------+----------------+--------------+
|  ap_clk_IBUF_BUFG | out_DATA[0]_i_1_n_0      | ap_rst_n_IBUF_inst/O |                1 |              1 |         1.00 |
|  ap_clk_IBUF_BUFG | store_count              |                      |                1 |              2 |         2.00 |
|  ap_clk_IBUF_BUFG | compute_count[2]_i_1_n_0 |                      |                1 |              3 |         3.00 |
|  ap_clk_IBUF_BUFG | i_memory[347][4]_i_1_n_0 |                      |                2 |             10 |         5.00 |
|  ap_clk_IBUF_BUFG | i_memory[325][4]_i_1_n_0 |                      |                2 |             10 |         5.00 |
|  ap_clk_IBUF_BUFG | i_memory[346][4]_i_1_n_0 |                      |                3 |             10 |         3.33 |
|  ap_clk_IBUF_BUFG | i_memory[345][4]_i_1_n_0 |                      |                2 |             10 |         5.00 |
|  ap_clk_IBUF_BUFG | i_memory[344][4]_i_1_n_0 |                      |                1 |             10 |        10.00 |
|  ap_clk_IBUF_BUFG | i_memory[343][4]_i_1_n_0 |                      |                3 |             10 |         3.33 |
|  ap_clk_IBUF_BUFG | i_memory[342][4]_i_1_n_0 |                      |                2 |             10 |         5.00 |
|  ap_clk_IBUF_BUFG | i_memory[341][4]_i_1_n_0 |                      |                2 |             10 |         5.00 |
|  ap_clk_IBUF_BUFG | i_memory[340][4]_i_1_n_0 |                      |                2 |             10 |         5.00 |
|  ap_clk_IBUF_BUFG | i_memory[33][4]_i_1_n_0  |                      |                2 |             10 |         5.00 |
|  ap_clk_IBUF_BUFG | i_memory[339][4]_i_1_n_0 |                      |                2 |             10 |         5.00 |
|  ap_clk_IBUF_BUFG | i_memory[338][4]_i_1_n_0 |                      |                2 |             10 |         5.00 |
|  ap_clk_IBUF_BUFG | i_memory[337][4]_i_1_n_0 |                      |                2 |             10 |         5.00 |
|  ap_clk_IBUF_BUFG | i_memory[336][4]_i_1_n_0 |                      |                2 |             10 |         5.00 |
|  ap_clk_IBUF_BUFG | i_memory[335][4]_i_1_n_0 |                      |                3 |             10 |         3.33 |
|  ap_clk_IBUF_BUFG | i_memory[334][4]_i_1_n_0 |                      |                1 |             10 |        10.00 |
|  ap_clk_IBUF_BUFG | i_memory[333][4]_i_1_n_0 |                      |                2 |             10 |         5.00 |
|  ap_clk_IBUF_BUFG | i_memory[332][4]_i_1_n_0 |                      |                2 |             10 |         5.00 |
|  ap_clk_IBUF_BUFG | i_memory[331][4]_i_1_n_0 |                      |                1 |             10 |        10.00 |
|  ap_clk_IBUF_BUFG | i_memory[330][4]_i_1_n_0 |                      |                3 |             10 |         3.33 |
|  ap_clk_IBUF_BUFG | i_memory[32][4]_i_1_n_0  |                      |                1 |             10 |        10.00 |
|  ap_clk_IBUF_BUFG | i_memory[329][4]_i_1_n_0 |                      |                2 |             10 |         5.00 |
|  ap_clk_IBUF_BUFG | i_memory[328][4]_i_1_n_0 |                      |                1 |             10 |        10.00 |
|  ap_clk_IBUF_BUFG | i_memory[327][4]_i_1_n_0 |                      |                2 |             10 |         5.00 |
|  ap_clk_IBUF_BUFG | i_memory[326][4]_i_1_n_0 |                      |                3 |             10 |         3.33 |
|  ap_clk_IBUF_BUFG | i_memory[36][4]_i_1_n_0  |                      |                3 |             10 |         3.33 |
|  ap_clk_IBUF_BUFG | i_memory[359][4]_i_1_n_0 |                      |                4 |             10 |         2.50 |
|  ap_clk_IBUF_BUFG | i_memory[280][4]_i_1_n_0 |                      |                1 |             10 |        10.00 |
|  ap_clk_IBUF_BUFG | i_memory[369][4]_i_1_n_0 |                      |                3 |             10 |         3.33 |
|  ap_clk_IBUF_BUFG | i_memory[368][4]_i_1_n_0 |                      |                2 |             10 |         5.00 |
|  ap_clk_IBUF_BUFG | i_memory[367][4]_i_1_n_0 |                      |                1 |             10 |        10.00 |
|  ap_clk_IBUF_BUFG | i_memory[366][4]_i_1_n_0 |                      |                1 |             10 |        10.00 |
|  ap_clk_IBUF_BUFG | i_memory[365][4]_i_1_n_0 |                      |                2 |             10 |         5.00 |
|  ap_clk_IBUF_BUFG | i_memory[364][4]_i_1_n_0 |                      |                2 |             10 |         5.00 |
|  ap_clk_IBUF_BUFG | i_memory[363][4]_i_1_n_0 |                      |                6 |             10 |         1.67 |
|  ap_clk_IBUF_BUFG | i_memory[362][4]_i_1_n_0 |                      |                6 |             10 |         1.67 |
|  ap_clk_IBUF_BUFG | i_memory[361][4]_i_1_n_0 |                      |                2 |             10 |         5.00 |
|  ap_clk_IBUF_BUFG | i_memory[360][4]_i_1_n_0 |                      |                3 |             10 |         3.33 |
|  ap_clk_IBUF_BUFG | i_memory[35][4]_i_1_n_0  |                      |                3 |             10 |         3.33 |
|  ap_clk_IBUF_BUFG | i_memory[348][4]_i_1_n_0 |                      |                2 |             10 |         5.00 |
|  ap_clk_IBUF_BUFG | i_memory[358][4]_i_1_n_0 |                      |                3 |             10 |         3.33 |
|  ap_clk_IBUF_BUFG | i_memory[357][4]_i_1_n_0 |                      |                1 |             10 |        10.00 |
|  ap_clk_IBUF_BUFG | i_memory[356][4]_i_1_n_0 |                      |                2 |             10 |         5.00 |
|  ap_clk_IBUF_BUFG | i_memory[355][4]_i_1_n_0 |                      |                2 |             10 |         5.00 |
|  ap_clk_IBUF_BUFG | i_memory[354][4]_i_1_n_0 |                      |                3 |             10 |         3.33 |
|  ap_clk_IBUF_BUFG | i_memory[353][4]_i_1_n_0 |                      |                3 |             10 |         3.33 |
|  ap_clk_IBUF_BUFG | i_memory[352][4]_i_1_n_0 |                      |                4 |             10 |         2.50 |
|  ap_clk_IBUF_BUFG | i_memory[351][4]_i_1_n_0 |                      |                3 |             10 |         3.33 |
|  ap_clk_IBUF_BUFG | i_memory[350][4]_i_1_n_0 |                      |                2 |             10 |         5.00 |
|  ap_clk_IBUF_BUFG | i_memory[34][4]_i_1_n_0  |                      |                2 |             10 |         5.00 |
|  ap_clk_IBUF_BUFG | i_memory[349][4]_i_1_n_0 |                      |                1 |             10 |        10.00 |
|  ap_clk_IBUF_BUFG | i_memory[290][4]_i_1_n_0 |                      |                1 |             10 |        10.00 |
|  ap_clk_IBUF_BUFG | i_memory[300][4]_i_1_n_0 |                      |                3 |             10 |         3.33 |
|  ap_clk_IBUF_BUFG | i_memory[2][4]_i_1_n_0   |                      |                3 |             10 |         3.33 |
|  ap_clk_IBUF_BUFG | i_memory[29][4]_i_1_n_0  |                      |                2 |             10 |         5.00 |
|  ap_clk_IBUF_BUFG | i_memory[299][4]_i_1_n_0 |                      |                3 |             10 |         3.33 |
|  ap_clk_IBUF_BUFG | i_memory[298][4]_i_1_n_0 |                      |                3 |             10 |         3.33 |
|  ap_clk_IBUF_BUFG | i_memory[297][4]_i_1_n_0 |                      |                2 |             10 |         5.00 |
|  ap_clk_IBUF_BUFG | i_memory[296][4]_i_1_n_0 |                      |                3 |             10 |         3.33 |
|  ap_clk_IBUF_BUFG | i_memory[295][4]_i_1_n_0 |                      |                2 |             10 |         5.00 |
|  ap_clk_IBUF_BUFG | i_memory[294][4]_i_1_n_0 |                      |                2 |             10 |         5.00 |
|  ap_clk_IBUF_BUFG | i_memory[293][4]_i_1_n_0 |                      |                1 |             10 |        10.00 |
|  ap_clk_IBUF_BUFG | i_memory[292][4]_i_1_n_0 |                      |                2 |             10 |         5.00 |
|  ap_clk_IBUF_BUFG | i_memory[291][4]_i_1_n_0 |                      |                1 |             10 |        10.00 |
|  ap_clk_IBUF_BUFG | i_memory[301][4]_i_1_n_0 |                      |                3 |             10 |         3.33 |
|  ap_clk_IBUF_BUFG | i_memory[28][4]_i_1_n_0  |                      |                3 |             10 |         3.33 |
|  ap_clk_IBUF_BUFG | i_memory[289][4]_i_1_n_0 |                      |                1 |             10 |        10.00 |
|  ap_clk_IBUF_BUFG | i_memory[288][4]_i_1_n_0 |                      |                1 |             10 |        10.00 |
|  ap_clk_IBUF_BUFG | i_memory[287][4]_i_1_n_0 |                      |                2 |             10 |         5.00 |
|  ap_clk_IBUF_BUFG | i_memory[286][4]_i_1_n_0 |                      |                2 |             10 |         5.00 |
|  ap_clk_IBUF_BUFG | i_memory[285][4]_i_1_n_0 |                      |                3 |             10 |         3.33 |
|  ap_clk_IBUF_BUFG | i_memory[284][4]_i_1_n_0 |                      |                3 |             10 |         3.33 |
|  ap_clk_IBUF_BUFG | i_memory[283][4]_i_1_n_0 |                      |                3 |             10 |         3.33 |
|  ap_clk_IBUF_BUFG | i_memory[282][4]_i_1_n_0 |                      |                3 |             10 |         3.33 |
|  ap_clk_IBUF_BUFG | i_memory[281][4]_i_1_n_0 |                      |                1 |             10 |        10.00 |
|  ap_clk_IBUF_BUFG | i_memory[279][4]_i_1_n_0 |                      |                4 |             10 |         2.50 |
|  ap_clk_IBUF_BUFG | i_memory[312][4]_i_1_n_0 |                      |                3 |             10 |         3.33 |
|  ap_clk_IBUF_BUFG | i_memory[323][4]_i_1_n_0 |                      |                4 |             10 |         2.50 |
|  ap_clk_IBUF_BUFG | i_memory[322][4]_i_1_n_0 |                      |                2 |             10 |         5.00 |
|  ap_clk_IBUF_BUFG | i_memory[321][4]_i_1_n_0 |                      |                4 |             10 |         2.50 |
|  ap_clk_IBUF_BUFG | i_memory[320][4]_i_1_n_0 |                      |                4 |             10 |         2.50 |
|  ap_clk_IBUF_BUFG | i_memory[31][4]_i_1_n_0  |                      |                1 |             10 |        10.00 |
|  ap_clk_IBUF_BUFG | i_memory[319][4]_i_1_n_0 |                      |                3 |             10 |         3.33 |
|  ap_clk_IBUF_BUFG | i_memory[318][4]_i_1_n_0 |                      |                3 |             10 |         3.33 |
|  ap_clk_IBUF_BUFG | i_memory[317][4]_i_1_n_0 |                      |                3 |             10 |         3.33 |
|  ap_clk_IBUF_BUFG | i_memory[316][4]_i_1_n_0 |                      |                3 |             10 |         3.33 |
|  ap_clk_IBUF_BUFG | i_memory[315][4]_i_1_n_0 |                      |                2 |             10 |         5.00 |
|  ap_clk_IBUF_BUFG | i_memory[314][4]_i_1_n_0 |                      |                3 |             10 |         3.33 |
|  ap_clk_IBUF_BUFG | i_memory[313][4]_i_1_n_0 |                      |                3 |             10 |         3.33 |
|  ap_clk_IBUF_BUFG | i_memory[324][4]_i_1_n_0 |                      |                2 |             10 |         5.00 |
|  ap_clk_IBUF_BUFG | i_memory[311][4]_i_1_n_0 |                      |                3 |             10 |         3.33 |
|  ap_clk_IBUF_BUFG | i_memory[310][4]_i_1_n_0 |                      |                3 |             10 |         3.33 |
|  ap_clk_IBUF_BUFG | i_memory[30][4]_i_1_n_0  |                      |                1 |             10 |        10.00 |
|  ap_clk_IBUF_BUFG | i_memory[309][4]_i_1_n_0 |                      |                3 |             10 |         3.33 |
|  ap_clk_IBUF_BUFG | i_memory[308][4]_i_1_n_0 |                      |                2 |             10 |         5.00 |
|  ap_clk_IBUF_BUFG | i_memory[307][4]_i_1_n_0 |                      |                2 |             10 |         5.00 |
|  ap_clk_IBUF_BUFG | i_memory[306][4]_i_1_n_0 |                      |                3 |             10 |         3.33 |
|  ap_clk_IBUF_BUFG | i_memory[305][4]_i_1_n_0 |                      |                2 |             10 |         5.00 |
|  ap_clk_IBUF_BUFG | i_memory[304][4]_i_1_n_0 |                      |                1 |             10 |        10.00 |
|  ap_clk_IBUF_BUFG | i_memory[303][4]_i_1_n_0 |                      |                1 |             10 |        10.00 |
|  ap_clk_IBUF_BUFG | i_memory[302][4]_i_1_n_0 |                      |                2 |             10 |         5.00 |
|  ap_clk_IBUF_BUFG | i_memory[66][4]_i_1_n_0  |                      |                3 |             10 |         3.33 |
|  ap_clk_IBUF_BUFG | i_memory[77][4]_i_1_n_0  |                      |                1 |             10 |        10.00 |
|  ap_clk_IBUF_BUFG | i_memory[76][4]_i_1_n_0  |                      |                1 |             10 |        10.00 |
|  ap_clk_IBUF_BUFG | i_memory[75][4]_i_1_n_0  |                      |                3 |             10 |         3.33 |
|  ap_clk_IBUF_BUFG | i_memory[74][4]_i_1_n_0  |                      |                2 |             10 |         5.00 |
|  ap_clk_IBUF_BUFG | i_memory[73][4]_i_1_n_0  |                      |                3 |             10 |         3.33 |
|  ap_clk_IBUF_BUFG | i_memory[72][4]_i_1_n_0  |                      |                2 |             10 |         5.00 |
|  ap_clk_IBUF_BUFG | i_memory[71][4]_i_1_n_0  |                      |                3 |             10 |         3.33 |
|  ap_clk_IBUF_BUFG | i_memory[70][4]_i_1_n_0  |                      |                2 |             10 |         5.00 |
|  ap_clk_IBUF_BUFG | i_memory[6][4]_i_1_n_0   |                      |                3 |             10 |         3.33 |
|  ap_clk_IBUF_BUFG | i_memory[69][4]_i_1_n_0  |                      |                1 |             10 |        10.00 |
|  ap_clk_IBUF_BUFG | i_memory[68][4]_i_1_n_0  |                      |                2 |             10 |         5.00 |
|  ap_clk_IBUF_BUFG | i_memory[67][4]_i_1_n_0  |                      |                3 |             10 |         3.33 |
|  ap_clk_IBUF_BUFG | i_memory[78][4]_i_1_n_0  |                      |                3 |             10 |         3.33 |
|  ap_clk_IBUF_BUFG | i_memory[65][4]_i_1_n_0  |                      |                4 |             10 |         2.50 |
|  ap_clk_IBUF_BUFG | i_memory[64][4]_i_1_n_0  |                      |                1 |             10 |        10.00 |
|  ap_clk_IBUF_BUFG | i_memory[63][4]_i_1_n_0  |                      |                1 |             10 |        10.00 |
|  ap_clk_IBUF_BUFG | i_memory[62][4]_i_1_n_0  |                      |                2 |             10 |         5.00 |
|  ap_clk_IBUF_BUFG | i_memory[61][4]_i_1_n_0  |                      |                3 |             10 |         3.33 |
|  ap_clk_IBUF_BUFG | i_memory[60][4]_i_1_n_0  |                      |                1 |             10 |        10.00 |
|  ap_clk_IBUF_BUFG | i_memory[5][4]_i_1_n_0   |                      |                2 |             10 |         5.00 |
|  ap_clk_IBUF_BUFG | i_memory[59][4]_i_1_n_0  |                      |                2 |             10 |         5.00 |
|  ap_clk_IBUF_BUFG | i_memory[58][4]_i_1_n_0  |                      |                3 |             10 |         3.33 |
|  ap_clk_IBUF_BUFG | i_memory[57][4]_i_1_n_0  |                      |                2 |             10 |         5.00 |
|  ap_clk_IBUF_BUFG | i_memory[56][4]_i_1_n_0  |                      |                1 |             10 |        10.00 |
|  ap_clk_IBUF_BUFG | i_memory[89][4]_i_1_n_0  |                      |                3 |             10 |         3.33 |
|  ap_clk_IBUF_BUFG | i_memory[9][4]_i_1_n_0   |                      |                3 |             10 |         3.33 |
|  ap_clk_IBUF_BUFG | i_memory[99][4]_i_1_n_0  |                      |                4 |             10 |         2.50 |
|  ap_clk_IBUF_BUFG | i_memory[98][4]_i_1_n_0  |                      |                2 |             10 |         5.00 |
|  ap_clk_IBUF_BUFG | i_memory[97][4]_i_1_n_0  |                      |                3 |             10 |         3.33 |
|  ap_clk_IBUF_BUFG | i_memory[96][4]_i_1_n_0  |                      |                3 |             10 |         3.33 |
|  ap_clk_IBUF_BUFG | i_memory[95][4]_i_1_n_0  |                      |                3 |             10 |         3.33 |
|  ap_clk_IBUF_BUFG | i_memory[94][4]_i_1_n_0  |                      |                3 |             10 |         3.33 |
|  ap_clk_IBUF_BUFG | i_memory[93][4]_i_1_n_0  |                      |                3 |             10 |         3.33 |
|  ap_clk_IBUF_BUFG | i_memory[92][4]_i_1_n_0  |                      |                3 |             10 |         3.33 |
|  ap_clk_IBUF_BUFG | i_memory[91][4]_i_1_n_0  |                      |                3 |             10 |         3.33 |
|  ap_clk_IBUF_BUFG | i_memory[90][4]_i_1_n_0  |                      |                3 |             10 |         3.33 |
|  ap_clk_IBUF_BUFG | i_memory[8][4]_i_1_n_0   |                      |                3 |             10 |         3.33 |
|  ap_clk_IBUF_BUFG | i_memory[55][4]_i_1_n_0  |                      |                2 |             10 |         5.00 |
|  ap_clk_IBUF_BUFG | i_memory[88][4]_i_1_n_0  |                      |                3 |             10 |         3.33 |
|  ap_clk_IBUF_BUFG | i_memory[87][4]_i_1_n_0  |                      |                1 |             10 |        10.00 |
|  ap_clk_IBUF_BUFG | i_memory[86][4]_i_1_n_0  |                      |                2 |             10 |         5.00 |
|  ap_clk_IBUF_BUFG | i_memory[85][4]_i_1_n_0  |                      |                3 |             10 |         3.33 |
|  ap_clk_IBUF_BUFG | i_memory[84][4]_i_1_n_0  |                      |                3 |             10 |         3.33 |
|  ap_clk_IBUF_BUFG | i_memory[83][4]_i_1_n_0  |                      |                3 |             10 |         3.33 |
|  ap_clk_IBUF_BUFG | i_memory[82][4]_i_1_n_0  |                      |                2 |             10 |         5.00 |
|  ap_clk_IBUF_BUFG | i_memory[81][4]_i_1_n_0  |                      |                1 |             10 |        10.00 |
|  ap_clk_IBUF_BUFG | i_memory[80][4]_i_1_n_0  |                      |                3 |             10 |         3.33 |
|  ap_clk_IBUF_BUFG | i_memory[7][4]_i_1_n_0   |                      |                2 |             10 |         5.00 |
|  ap_clk_IBUF_BUFG | i_memory[79][4]_i_1_n_0  |                      |                3 |             10 |         3.33 |
|  ap_clk_IBUF_BUFG | i_memory[381][4]_i_1_n_0 |                      |                3 |             10 |         3.33 |
|  ap_clk_IBUF_BUFG | i_memory[392][4]_i_1_n_0 |                      |                4 |             10 |         2.50 |
|  ap_clk_IBUF_BUFG | i_memory[391][4]_i_1_n_0 |                      |                3 |             10 |         3.33 |
|  ap_clk_IBUF_BUFG | i_memory[390][4]_i_1_n_0 |                      |                3 |             10 |         3.33 |
|  ap_clk_IBUF_BUFG | i_memory[38][4]_i_1_n_0  |                      |                3 |             10 |         3.33 |
|  ap_clk_IBUF_BUFG | i_memory[389][4]_i_1_n_0 |                      |                2 |             10 |         5.00 |
|  ap_clk_IBUF_BUFG | i_memory[388][4]_i_1_n_0 |                      |                3 |             10 |         3.33 |
|  ap_clk_IBUF_BUFG | i_memory[387][4]_i_1_n_0 |                      |                2 |             10 |         5.00 |
|  ap_clk_IBUF_BUFG | i_memory[386][4]_i_1_n_0 |                      |                3 |             10 |         3.33 |
|  ap_clk_IBUF_BUFG | i_memory[385][4]_i_1_n_0 |                      |                3 |             10 |         3.33 |
|  ap_clk_IBUF_BUFG | i_memory[384][4]_i_1_n_0 |                      |                2 |             10 |         5.00 |
|  ap_clk_IBUF_BUFG | i_memory[383][4]_i_1_n_0 |                      |                4 |             10 |         2.50 |
|  ap_clk_IBUF_BUFG | i_memory[382][4]_i_1_n_0 |                      |                3 |             10 |         3.33 |
|  ap_clk_IBUF_BUFG | i_memory[393][4]_i_1_n_0 |                      |                2 |             10 |         5.00 |
|  ap_clk_IBUF_BUFG | i_memory[380][4]_i_1_n_0 |                      |                3 |             10 |         3.33 |
|  ap_clk_IBUF_BUFG | i_memory[37][4]_i_1_n_0  |                      |                2 |             10 |         5.00 |
|  ap_clk_IBUF_BUFG | i_memory[379][4]_i_1_n_0 |                      |                3 |             10 |         3.33 |
|  ap_clk_IBUF_BUFG | i_memory[378][4]_i_1_n_0 |                      |                3 |             10 |         3.33 |
|  ap_clk_IBUF_BUFG | i_memory[377][4]_i_1_n_0 |                      |                3 |             10 |         3.33 |
|  ap_clk_IBUF_BUFG | i_memory[376][4]_i_1_n_0 |                      |                2 |             10 |         5.00 |
|  ap_clk_IBUF_BUFG | i_memory[375][4]_i_1_n_0 |                      |                2 |             10 |         5.00 |
|  ap_clk_IBUF_BUFG | i_memory[374][4]_i_1_n_0 |                      |                2 |             10 |         5.00 |
|  ap_clk_IBUF_BUFG | i_memory[373][4]_i_1_n_0 |                      |                3 |             10 |         3.33 |
|  ap_clk_IBUF_BUFG | i_memory[372][4]_i_1_n_0 |                      |                3 |             10 |         3.33 |
|  ap_clk_IBUF_BUFG | i_memory[371][4]_i_1_n_0 |                      |                1 |             10 |        10.00 |
|  ap_clk_IBUF_BUFG | i_memory[43][4]_i_1_n_0  |                      |                3 |             10 |         3.33 |
|  ap_clk_IBUF_BUFG | i_memory[54][4]_i_1_n_0  |                      |                2 |             10 |         5.00 |
|  ap_clk_IBUF_BUFG | i_memory[53][4]_i_1_n_0  |                      |                1 |             10 |        10.00 |
|  ap_clk_IBUF_BUFG | i_memory[52][4]_i_1_n_0  |                      |                1 |             10 |        10.00 |
|  ap_clk_IBUF_BUFG | i_memory[51][4]_i_1_n_0  |                      |                3 |             10 |         3.33 |
|  ap_clk_IBUF_BUFG | i_memory[50][4]_i_1_n_0  |                      |                4 |             10 |         2.50 |
|  ap_clk_IBUF_BUFG | i_memory[4][4]_i_1_n_0   |                      |                3 |             10 |         3.33 |
|  ap_clk_IBUF_BUFG | i_memory[49][4]_i_1_n_0  |                      |                2 |             10 |         5.00 |
|  ap_clk_IBUF_BUFG | i_memory[48][4]_i_1_n_0  |                      |                1 |             10 |        10.00 |
|  ap_clk_IBUF_BUFG | i_memory[47][4]_i_1_n_0  |                      |                3 |             10 |         3.33 |
|  ap_clk_IBUF_BUFG | i_memory[46][4]_i_1_n_0  |                      |                2 |             10 |         5.00 |
|  ap_clk_IBUF_BUFG | i_memory[45][4]_i_1_n_0  |                      |                3 |             10 |         3.33 |
|  ap_clk_IBUF_BUFG | i_memory[44][4]_i_1_n_0  |                      |                3 |             10 |         3.33 |
|  ap_clk_IBUF_BUFG | i_memory[370][4]_i_1_n_0 |                      |                1 |             10 |        10.00 |
|  ap_clk_IBUF_BUFG | i_memory[42][4]_i_1_n_0  |                      |                3 |             10 |         3.33 |
|  ap_clk_IBUF_BUFG | i_memory[41][4]_i_1_n_0  |                      |                3 |             10 |         3.33 |
|  ap_clk_IBUF_BUFG | i_memory[40][4]_i_1_n_0  |                      |                2 |             10 |         5.00 |
|  ap_clk_IBUF_BUFG | i_memory[3][4]_i_1_n_0   |                      |                2 |             10 |         5.00 |
|  ap_clk_IBUF_BUFG | i_memory[39][4]_i_1_n_0  |                      |                2 |             10 |         5.00 |
|  ap_clk_IBUF_BUFG | i_memory[399][4]_i_1_n_0 |                      |                2 |             10 |         5.00 |
|  ap_clk_IBUF_BUFG | i_memory[398][4]_i_1_n_0 |                      |                4 |             10 |         2.50 |
|  ap_clk_IBUF_BUFG | i_memory[397][4]_i_1_n_0 |                      |                1 |             10 |        10.00 |
|  ap_clk_IBUF_BUFG | i_memory[396][4]_i_1_n_0 |                      |                3 |             10 |         3.33 |
|  ap_clk_IBUF_BUFG | i_memory[395][4]_i_1_n_0 |                      |                2 |             10 |         5.00 |
|  ap_clk_IBUF_BUFG | i_memory[394][4]_i_1_n_0 |                      |                2 |             10 |         5.00 |
|  ap_clk_IBUF_BUFG | i_memory[155][4]_i_1_n_0 |                      |                3 |             10 |         3.33 |
|  ap_clk_IBUF_BUFG | i_memory[166][4]_i_1_n_0 |                      |                2 |             10 |         5.00 |
|  ap_clk_IBUF_BUFG | i_memory[165][4]_i_1_n_0 |                      |                1 |             10 |        10.00 |
|  ap_clk_IBUF_BUFG | i_memory[164][4]_i_1_n_0 |                      |                3 |             10 |         3.33 |
|  ap_clk_IBUF_BUFG | i_memory[163][4]_i_1_n_0 |                      |                3 |             10 |         3.33 |
|  ap_clk_IBUF_BUFG | i_memory[162][4]_i_1_n_0 |                      |                1 |             10 |        10.00 |
|  ap_clk_IBUF_BUFG | i_memory[161][4]_i_1_n_0 |                      |                2 |             10 |         5.00 |
|  ap_clk_IBUF_BUFG | i_memory[160][4]_i_1_n_0 |                      |                3 |             10 |         3.33 |
|  ap_clk_IBUF_BUFG | i_memory[15][4]_i_1_n_0  |                      |                3 |             10 |         3.33 |
|  ap_clk_IBUF_BUFG | i_memory[159][4]_i_1_n_0 |                      |                2 |             10 |         5.00 |
|  ap_clk_IBUF_BUFG | i_memory[158][4]_i_1_n_0 |                      |                4 |             10 |         2.50 |
|  ap_clk_IBUF_BUFG | i_memory[157][4]_i_1_n_0 |                      |                3 |             10 |         3.33 |
|  ap_clk_IBUF_BUFG | i_memory[156][4]_i_1_n_0 |                      |                2 |             10 |         5.00 |
|  ap_clk_IBUF_BUFG | i_memory[167][4]_i_1_n_0 |                      |                3 |             10 |         3.33 |
|  ap_clk_IBUF_BUFG | i_memory[154][4]_i_1_n_0 |                      |                3 |             10 |         3.33 |
|  ap_clk_IBUF_BUFG | i_memory[153][4]_i_1_n_0 |                      |                2 |             10 |         5.00 |
|  ap_clk_IBUF_BUFG | i_memory[152][4]_i_1_n_0 |                      |                3 |             10 |         3.33 |
|  ap_clk_IBUF_BUFG | i_memory[151][4]_i_1_n_0 |                      |                2 |             10 |         5.00 |
|  ap_clk_IBUF_BUFG | i_memory[150][4]_i_1_n_0 |                      |                2 |             10 |         5.00 |
|  ap_clk_IBUF_BUFG | i_memory[14][4]_i_1_n_0  |                      |                3 |             10 |         3.33 |
|  ap_clk_IBUF_BUFG | i_memory[149][4]_i_1_n_0 |                      |                1 |             10 |        10.00 |
|  ap_clk_IBUF_BUFG | i_memory[148][4]_i_1_n_0 |                      |                2 |             10 |         5.00 |
|  ap_clk_IBUF_BUFG | i_memory[147][4]_i_1_n_0 |                      |                2 |             10 |         5.00 |
|  ap_clk_IBUF_BUFG | i_memory[146][4]_i_1_n_0 |                      |                2 |             10 |         5.00 |
|  ap_clk_IBUF_BUFG | i_memory[145][4]_i_1_n_0 |                      |                2 |             10 |         5.00 |
|  ap_clk_IBUF_BUFG | i_memory[178][4]_i_1_n_0 |                      |                2 |             10 |         5.00 |
|  ap_clk_IBUF_BUFG | i_memory[189][4]_i_1_n_0 |                      |                1 |             10 |        10.00 |
|  ap_clk_IBUF_BUFG | i_memory[188][4]_i_1_n_0 |                      |                3 |             10 |         3.33 |
|  ap_clk_IBUF_BUFG | i_memory[187][4]_i_1_n_0 |                      |                2 |             10 |         5.00 |
|  ap_clk_IBUF_BUFG | i_memory[186][4]_i_1_n_0 |                      |                3 |             10 |         3.33 |
|  ap_clk_IBUF_BUFG | i_memory[185][4]_i_1_n_0 |                      |                3 |             10 |         3.33 |
|  ap_clk_IBUF_BUFG | i_memory[184][4]_i_1_n_0 |                      |                1 |             10 |        10.00 |
|  ap_clk_IBUF_BUFG | i_memory[183][4]_i_1_n_0 |                      |                2 |             10 |         5.00 |
|  ap_clk_IBUF_BUFG | i_memory[182][4]_i_1_n_0 |                      |                5 |             10 |         2.00 |
|  ap_clk_IBUF_BUFG | i_memory[181][4]_i_1_n_0 |                      |                3 |             10 |         3.33 |
|  ap_clk_IBUF_BUFG | i_memory[180][4]_i_1_n_0 |                      |                2 |             10 |         5.00 |
|  ap_clk_IBUF_BUFG | i_memory[17][4]_i_1_n_0  |                      |                3 |             10 |         3.33 |
|  ap_clk_IBUF_BUFG | i_memory[179][4]_i_1_n_0 |                      |                2 |             10 |         5.00 |
|  ap_clk_IBUF_BUFG | i_memory[144][4]_i_1_n_0 |                      |                3 |             10 |         3.33 |
|  ap_clk_IBUF_BUFG | i_memory[177][4]_i_1_n_0 |                      |                3 |             10 |         3.33 |
|  ap_clk_IBUF_BUFG | i_memory[176][4]_i_1_n_0 |                      |                2 |             10 |         5.00 |
|  ap_clk_IBUF_BUFG | i_memory[175][4]_i_1_n_0 |                      |                1 |             10 |        10.00 |
|  ap_clk_IBUF_BUFG | i_memory[174][4]_i_1_n_0 |                      |                1 |             10 |        10.00 |
|  ap_clk_IBUF_BUFG | i_memory[173][4]_i_1_n_0 |                      |                1 |             10 |        10.00 |
|  ap_clk_IBUF_BUFG | i_memory[172][4]_i_1_n_0 |                      |                3 |             10 |         3.33 |
|  ap_clk_IBUF_BUFG | i_memory[171][4]_i_1_n_0 |                      |                2 |             10 |         5.00 |
|  ap_clk_IBUF_BUFG | i_memory[170][4]_i_1_n_0 |                      |                2 |             10 |         5.00 |
|  ap_clk_IBUF_BUFG | i_memory[16][4]_i_1_n_0  |                      |                3 |             10 |         3.33 |
|  ap_clk_IBUF_BUFG | i_memory[169][4]_i_1_n_0 |                      |                2 |             10 |         5.00 |
|  ap_clk_IBUF_BUFG | i_memory[168][4]_i_1_n_0 |                      |                2 |             10 |         5.00 |
|  ap_clk_IBUF_BUFG | i_memory[10][4]_i_1_n_0  |                      |                3 |             10 |         3.33 |
|  ap_clk_IBUF_BUFG | i_memory[120][4]_i_1_n_0 |                      |                1 |             10 |        10.00 |
|  ap_clk_IBUF_BUFG | i_memory[11][4]_i_1_n_0  |                      |                3 |             10 |         3.33 |
|  ap_clk_IBUF_BUFG | i_memory[119][4]_i_1_n_0 |                      |                2 |             10 |         5.00 |
|  ap_clk_IBUF_BUFG | i_memory[118][4]_i_1_n_0 |                      |                3 |             10 |         3.33 |
|  ap_clk_IBUF_BUFG | i_memory[117][4]_i_1_n_0 |                      |                2 |             10 |         5.00 |
|  ap_clk_IBUF_BUFG | i_memory[116][4]_i_1_n_0 |                      |                3 |             10 |         3.33 |
|  ap_clk_IBUF_BUFG | i_memory[115][4]_i_1_n_0 |                      |                3 |             10 |         3.33 |
|  ap_clk_IBUF_BUFG | i_memory[114][4]_i_1_n_0 |                      |                3 |             10 |         3.33 |
|  ap_clk_IBUF_BUFG | i_memory[113][4]_i_1_n_0 |                      |                3 |             10 |         3.33 |
|  ap_clk_IBUF_BUFG | i_memory[112][4]_i_1_n_0 |                      |                2 |             10 |         5.00 |
|  ap_clk_IBUF_BUFG | i_memory[111][4]_i_1_n_0 |                      |                1 |             10 |        10.00 |
|  ap_clk_IBUF_BUFG | i_memory[110][4]_i_1_n_0 |                      |                1 |             10 |        10.00 |
|  ap_clk_IBUF_BUFG | i_memory[121][4]_i_1_n_0 |                      |                2 |             10 |         5.00 |
|  ap_clk_IBUF_BUFG | i_memory[109][4]_i_1_n_0 |                      |                1 |             10 |        10.00 |
|  ap_clk_IBUF_BUFG | i_memory[108][4]_i_1_n_0 |                      |                2 |             10 |         5.00 |
|  ap_clk_IBUF_BUFG | i_memory[107][4]_i_1_n_0 |                      |                2 |             10 |         5.00 |
|  ap_clk_IBUF_BUFG | i_memory[106][4]_i_1_n_0 |                      |                2 |             10 |         5.00 |
|  ap_clk_IBUF_BUFG | i_memory[105][4]_i_1_n_0 |                      |                2 |             10 |         5.00 |
|  ap_clk_IBUF_BUFG | i_memory[104][4]_i_1_n_0 |                      |                2 |             10 |         5.00 |
|  ap_clk_IBUF_BUFG | i_memory[103][4]_i_1_n_0 |                      |                3 |             10 |         3.33 |
|  ap_clk_IBUF_BUFG | i_memory[102][4]_i_1_n_0 |                      |                3 |             10 |         3.33 |
|  ap_clk_IBUF_BUFG | i_memory[101][4]_i_1_n_0 |                      |                2 |             10 |         5.00 |
|  ap_clk_IBUF_BUFG | i_memory[100][4]_i_1_n_0 |                      |                1 |             10 |        10.00 |
|  ap_clk_IBUF_BUFG | i_memory[0][4]_i_1_n_0   |                      |                1 |             10 |        10.00 |
|  ap_clk_IBUF_BUFG | i_memory[132][4]_i_1_n_0 |                      |                2 |             10 |         5.00 |
|  ap_clk_IBUF_BUFG | i_memory[143][4]_i_1_n_0 |                      |                3 |             10 |         3.33 |
|  ap_clk_IBUF_BUFG | i_memory[142][4]_i_1_n_0 |                      |                2 |             10 |         5.00 |
|  ap_clk_IBUF_BUFG | i_memory[141][4]_i_1_n_0 |                      |                2 |             10 |         5.00 |
|  ap_clk_IBUF_BUFG | i_memory[140][4]_i_1_n_0 |                      |                3 |             10 |         3.33 |
|  ap_clk_IBUF_BUFG | i_memory[13][4]_i_1_n_0  |                      |                3 |             10 |         3.33 |
|  ap_clk_IBUF_BUFG | i_memory[139][4]_i_1_n_0 |                      |                4 |             10 |         2.50 |
|  ap_clk_IBUF_BUFG | i_memory[138][4]_i_1_n_0 |                      |                2 |             10 |         5.00 |
|  ap_clk_IBUF_BUFG | i_memory[137][4]_i_1_n_0 |                      |                2 |             10 |         5.00 |
|  ap_clk_IBUF_BUFG | i_memory[136][4]_i_1_n_0 |                      |                3 |             10 |         3.33 |
|  ap_clk_IBUF_BUFG | i_memory[135][4]_i_1_n_0 |                      |                2 |             10 |         5.00 |
|  ap_clk_IBUF_BUFG | i_memory[134][4]_i_1_n_0 |                      |                3 |             10 |         3.33 |
|  ap_clk_IBUF_BUFG | i_memory[133][4]_i_1_n_0 |                      |                3 |             10 |         3.33 |
|  ap_clk_IBUF_BUFG | i_memory[18][4]_i_1_n_0  |                      |                3 |             10 |         3.33 |
|  ap_clk_IBUF_BUFG | i_memory[131][4]_i_1_n_0 |                      |                3 |             10 |         3.33 |
|  ap_clk_IBUF_BUFG | i_memory[130][4]_i_1_n_0 |                      |                2 |             10 |         5.00 |
|  ap_clk_IBUF_BUFG | i_memory[12][4]_i_1_n_0  |                      |                3 |             10 |         3.33 |
|  ap_clk_IBUF_BUFG | i_memory[129][4]_i_1_n_0 |                      |                3 |             10 |         3.33 |
|  ap_clk_IBUF_BUFG | i_memory[128][4]_i_1_n_0 |                      |                2 |             10 |         5.00 |
|  ap_clk_IBUF_BUFG | i_memory[127][4]_i_1_n_0 |                      |                3 |             10 |         3.33 |
|  ap_clk_IBUF_BUFG | i_memory[126][4]_i_1_n_0 |                      |                4 |             10 |         2.50 |
|  ap_clk_IBUF_BUFG | i_memory[125][4]_i_1_n_0 |                      |                3 |             10 |         3.33 |
|  ap_clk_IBUF_BUFG | i_memory[124][4]_i_1_n_0 |                      |                1 |             10 |        10.00 |
|  ap_clk_IBUF_BUFG | i_memory[123][4]_i_1_n_0 |                      |                3 |             10 |         3.33 |
|  ap_clk_IBUF_BUFG | i_memory[122][4]_i_1_n_0 |                      |                3 |             10 |         3.33 |
|  ap_clk_IBUF_BUFG | i_memory[245][4]_i_1_n_0 |                      |                1 |             10 |        10.00 |
|  ap_clk_IBUF_BUFG | i_memory[256][4]_i_1_n_0 |                      |                2 |             10 |         5.00 |
|  ap_clk_IBUF_BUFG | i_memory[255][4]_i_1_n_0 |                      |                3 |             10 |         3.33 |
|  ap_clk_IBUF_BUFG | i_memory[254][4]_i_1_n_0 |                      |                3 |             10 |         3.33 |
|  ap_clk_IBUF_BUFG | i_memory[253][4]_i_1_n_0 |                      |                3 |             10 |         3.33 |
|  ap_clk_IBUF_BUFG | i_memory[252][4]_i_1_n_0 |                      |                2 |             10 |         5.00 |
|  ap_clk_IBUF_BUFG | i_memory[251][4]_i_1_n_0 |                      |                3 |             10 |         3.33 |
|  ap_clk_IBUF_BUFG | i_memory[250][4]_i_1_n_0 |                      |                3 |             10 |         3.33 |
|  ap_clk_IBUF_BUFG | i_memory[24][4]_i_1_n_0  |                      |                2 |             10 |         5.00 |
|  ap_clk_IBUF_BUFG | i_memory[249][4]_i_1_n_0 |                      |                2 |             10 |         5.00 |
|  ap_clk_IBUF_BUFG | i_memory[248][4]_i_1_n_0 |                      |                2 |             10 |         5.00 |
|  ap_clk_IBUF_BUFG | i_memory[247][4]_i_1_n_0 |                      |                3 |             10 |         3.33 |
|  ap_clk_IBUF_BUFG | i_memory[246][4]_i_1_n_0 |                      |                4 |             10 |         2.50 |
|  ap_clk_IBUF_BUFG | i_memory[257][4]_i_1_n_0 |                      |                3 |             10 |         3.33 |
|  ap_clk_IBUF_BUFG | i_memory[244][4]_i_1_n_0 |                      |                3 |             10 |         3.33 |
|  ap_clk_IBUF_BUFG | i_memory[243][4]_i_1_n_0 |                      |                2 |             10 |         5.00 |
|  ap_clk_IBUF_BUFG | i_memory[242][4]_i_1_n_0 |                      |                2 |             10 |         5.00 |
|  ap_clk_IBUF_BUFG | i_memory[241][4]_i_1_n_0 |                      |                3 |             10 |         3.33 |
|  ap_clk_IBUF_BUFG | i_memory[240][4]_i_1_n_0 |                      |                3 |             10 |         3.33 |
|  ap_clk_IBUF_BUFG | i_memory[23][4]_i_1_n_0  |                      |                2 |             10 |         5.00 |
|  ap_clk_IBUF_BUFG | i_memory[239][4]_i_1_n_0 |                      |                2 |             10 |         5.00 |
|  ap_clk_IBUF_BUFG | i_memory[238][4]_i_1_n_0 |                      |                2 |             10 |         5.00 |
|  ap_clk_IBUF_BUFG | i_memory[237][4]_i_1_n_0 |                      |                2 |             10 |         5.00 |
|  ap_clk_IBUF_BUFG | i_memory[236][4]_i_1_n_0 |                      |                2 |             10 |         5.00 |
|  ap_clk_IBUF_BUFG | i_memory[235][4]_i_1_n_0 |                      |                3 |             10 |         3.33 |
|  ap_clk_IBUF_BUFG | i_memory[268][4]_i_1_n_0 |                      |                3 |             10 |         3.33 |
|  ap_clk_IBUF_BUFG | i_memory[27][4]_i_1_n_0  |                      |                2 |             10 |         5.00 |
|  ap_clk_IBUF_BUFG | i_memory[278][4]_i_1_n_0 |                      |                4 |             10 |         2.50 |
|  ap_clk_IBUF_BUFG | i_memory[277][4]_i_1_n_0 |                      |                3 |             10 |         3.33 |
|  ap_clk_IBUF_BUFG | i_memory[276][4]_i_1_n_0 |                      |                2 |             10 |         5.00 |
|  ap_clk_IBUF_BUFG | i_memory[275][4]_i_1_n_0 |                      |                2 |             10 |         5.00 |
|  ap_clk_IBUF_BUFG | i_memory[274][4]_i_1_n_0 |                      |                5 |             10 |         2.00 |
|  ap_clk_IBUF_BUFG | i_memory[273][4]_i_1_n_0 |                      |                3 |             10 |         3.33 |
|  ap_clk_IBUF_BUFG | i_memory[272][4]_i_1_n_0 |                      |                3 |             10 |         3.33 |
|  ap_clk_IBUF_BUFG | i_memory[271][4]_i_1_n_0 |                      |                3 |             10 |         3.33 |
|  ap_clk_IBUF_BUFG | i_memory[270][4]_i_1_n_0 |                      |                2 |             10 |         5.00 |
|  ap_clk_IBUF_BUFG | i_memory[26][4]_i_1_n_0  |                      |                2 |             10 |         5.00 |
|  ap_clk_IBUF_BUFG | i_memory[269][4]_i_1_n_0 |                      |                3 |             10 |         3.33 |
|  ap_clk_IBUF_BUFG | i_memory[234][4]_i_1_n_0 |                      |                3 |             10 |         3.33 |
|  ap_clk_IBUF_BUFG | i_memory[267][4]_i_1_n_0 |                      |                4 |             10 |         2.50 |
|  ap_clk_IBUF_BUFG | i_memory[266][4]_i_1_n_0 |                      |                2 |             10 |         5.00 |
|  ap_clk_IBUF_BUFG | i_memory[265][4]_i_1_n_0 |                      |                2 |             10 |         5.00 |
|  ap_clk_IBUF_BUFG | i_memory[264][4]_i_1_n_0 |                      |                2 |             10 |         5.00 |
|  ap_clk_IBUF_BUFG | i_memory[263][4]_i_1_n_0 |                      |                3 |             10 |         3.33 |
|  ap_clk_IBUF_BUFG | i_memory[262][4]_i_1_n_0 |                      |                2 |             10 |         5.00 |
|  ap_clk_IBUF_BUFG | i_memory[261][4]_i_1_n_0 |                      |                4 |             10 |         2.50 |
|  ap_clk_IBUF_BUFG | i_memory[260][4]_i_1_n_0 |                      |                1 |             10 |        10.00 |
|  ap_clk_IBUF_BUFG | i_memory[25][4]_i_1_n_0  |                      |                2 |             10 |         5.00 |
|  ap_clk_IBUF_BUFG | i_memory[259][4]_i_1_n_0 |                      |                2 |             10 |         5.00 |
|  ap_clk_IBUF_BUFG | i_memory[258][4]_i_1_n_0 |                      |                3 |             10 |         3.33 |
|  ap_clk_IBUF_BUFG | i_memory[1][4]_i_1_n_0   |                      |                2 |             10 |         5.00 |
|  ap_clk_IBUF_BUFG | i_memory[210][4]_i_1_n_0 |                      |                3 |             10 |         3.33 |
|  ap_clk_IBUF_BUFG | i_memory[20][4]_i_1_n_0  |                      |                1 |             10 |        10.00 |
|  ap_clk_IBUF_BUFG | i_memory[209][4]_i_1_n_0 |                      |                2 |             10 |         5.00 |
|  ap_clk_IBUF_BUFG | i_memory[208][4]_i_1_n_0 |                      |                1 |             10 |        10.00 |
|  ap_clk_IBUF_BUFG | i_memory[207][4]_i_1_n_0 |                      |                3 |             10 |         3.33 |
|  ap_clk_IBUF_BUFG | i_memory[206][4]_i_1_n_0 |                      |                1 |             10 |        10.00 |
|  ap_clk_IBUF_BUFG | i_memory[205][4]_i_1_n_0 |                      |                3 |             10 |         3.33 |
|  ap_clk_IBUF_BUFG | i_memory[204][4]_i_1_n_0 |                      |                3 |             10 |         3.33 |
|  ap_clk_IBUF_BUFG | i_memory[203][4]_i_1_n_0 |                      |                2 |             10 |         5.00 |
|  ap_clk_IBUF_BUFG | i_memory[202][4]_i_1_n_0 |                      |                3 |             10 |         3.33 |
|  ap_clk_IBUF_BUFG | i_memory[201][4]_i_1_n_0 |                      |                3 |             10 |         3.33 |
|  ap_clk_IBUF_BUFG | i_memory[200][4]_i_1_n_0 |                      |                3 |             10 |         3.33 |
|  ap_clk_IBUF_BUFG | i_memory[211][4]_i_1_n_0 |                      |                3 |             10 |         3.33 |
|  ap_clk_IBUF_BUFG | i_memory[19][4]_i_1_n_0  |                      |                1 |             10 |        10.00 |
|  ap_clk_IBUF_BUFG | i_memory[199][4]_i_1_n_0 |                      |                2 |             10 |         5.00 |
|  ap_clk_IBUF_BUFG | i_memory[198][4]_i_1_n_0 |                      |                3 |             10 |         3.33 |
|  ap_clk_IBUF_BUFG | i_memory[197][4]_i_1_n_0 |                      |                3 |             10 |         3.33 |
|  ap_clk_IBUF_BUFG | i_memory[196][4]_i_1_n_0 |                      |                3 |             10 |         3.33 |
|  ap_clk_IBUF_BUFG | i_memory[195][4]_i_1_n_0 |                      |                1 |             10 |        10.00 |
|  ap_clk_IBUF_BUFG | i_memory[194][4]_i_1_n_0 |                      |                3 |             10 |         3.33 |
|  ap_clk_IBUF_BUFG | i_memory[193][4]_i_1_n_0 |                      |                2 |             10 |         5.00 |
|  ap_clk_IBUF_BUFG | i_memory[192][4]_i_1_n_0 |                      |                1 |             10 |        10.00 |
|  ap_clk_IBUF_BUFG | i_memory[191][4]_i_1_n_0 |                      |                2 |             10 |         5.00 |
|  ap_clk_IBUF_BUFG | i_memory[190][4]_i_1_n_0 |                      |                1 |             10 |        10.00 |
|  ap_clk_IBUF_BUFG | i_memory[222][4]_i_1_n_0 |                      |                3 |             10 |         3.33 |
|  ap_clk_IBUF_BUFG | i_memory[233][4]_i_1_n_0 |                      |                2 |             10 |         5.00 |
|  ap_clk_IBUF_BUFG | i_memory[232][4]_i_1_n_0 |                      |                2 |             10 |         5.00 |
|  ap_clk_IBUF_BUFG | i_memory[231][4]_i_1_n_0 |                      |                1 |             10 |        10.00 |
|  ap_clk_IBUF_BUFG | i_memory[230][4]_i_1_n_0 |                      |                3 |             10 |         3.33 |
|  ap_clk_IBUF_BUFG | i_memory[22][4]_i_1_n_0  |                      |                2 |             10 |         5.00 |
|  ap_clk_IBUF_BUFG | i_memory[229][4]_i_1_n_0 |                      |                3 |             10 |         3.33 |
|  ap_clk_IBUF_BUFG | i_memory[228][4]_i_1_n_0 |                      |                2 |             10 |         5.00 |
|  ap_clk_IBUF_BUFG | i_memory[227][4]_i_1_n_0 |                      |                2 |             10 |         5.00 |
|  ap_clk_IBUF_BUFG | i_memory[226][4]_i_1_n_0 |                      |                2 |             10 |         5.00 |
|  ap_clk_IBUF_BUFG | i_memory[225][4]_i_1_n_0 |                      |                2 |             10 |         5.00 |
|  ap_clk_IBUF_BUFG | i_memory[224][4]_i_1_n_0 |                      |                3 |             10 |         3.33 |
|  ap_clk_IBUF_BUFG | i_memory[223][4]_i_1_n_0 |                      |                2 |             10 |         5.00 |
|  ap_clk_IBUF_BUFG | i_memory[221][4]_i_1_n_0 |                      |                3 |             10 |         3.33 |
|  ap_clk_IBUF_BUFG | i_memory[220][4]_i_1_n_0 |                      |                1 |             10 |        10.00 |
|  ap_clk_IBUF_BUFG | i_memory[21][4]_i_1_n_0  |                      |                3 |             10 |         3.33 |
|  ap_clk_IBUF_BUFG | i_memory[219][4]_i_1_n_0 |                      |                3 |             10 |         3.33 |
|  ap_clk_IBUF_BUFG | i_memory[218][4]_i_1_n_0 |                      |                4 |             10 |         2.50 |
|  ap_clk_IBUF_BUFG | i_memory[217][4]_i_1_n_0 |                      |                3 |             10 |         3.33 |
|  ap_clk_IBUF_BUFG | i_memory[216][4]_i_1_n_0 |                      |                3 |             10 |         3.33 |
|  ap_clk_IBUF_BUFG | i_memory[215][4]_i_1_n_0 |                      |                3 |             10 |         3.33 |
|  ap_clk_IBUF_BUFG | i_memory[214][4]_i_1_n_0 |                      |                3 |             10 |         3.33 |
|  ap_clk_IBUF_BUFG | i_memory[213][4]_i_1_n_0 |                      |                3 |             10 |         3.33 |
|  ap_clk_IBUF_BUFG | i_memory[212][4]_i_1_n_0 |                      |                3 |             10 |         3.33 |
|  ap_clk_IBUF_BUFG | load_count[9]_i_1_n_0    | ap_rst_n_IBUF_inst/O |                5 |             12 |         2.40 |
|  ap_clk_IBUF_BUFG | pred_addr_reg            | ap_rst_n_IBUF_inst/O |                3 |             14 |         4.67 |
|  ap_clk_IBUF_BUFG |                          |                      |                2 |             36 |        18.00 |
|  ap_clk_IBUF_BUFG |                          | ap_rst_n_IBUF_inst/O |             1029 |           5619 |         5.46 |
+-------------------+--------------------------+----------------------+------------------+----------------+--------------+


