Copyright 1986-2022 Xilinx, Inc. All Rights Reserved.
-----------------------------------------------------------------------------------------
| Tool Version      : Vivado v.2022.2 (lin64) Build 3671981 Fri Oct 14 04:59:54 MDT 2022
| Date              : Tue May 12 13:25:34 2026
| Host              : en4228283l running 64-bit Ubuntu 22.04.5 LTS
| Command           : report_timing_summary -file ./timing_project.rpt
| Design            : nn_classifier_wrapper
| Device            : xczu49dr-ffvf1760
| Speed File        : -2  PRODUCTION 1.32 01-31-2021
| Temperature Grade : E
-----------------------------------------------------------------------------------------

Timing Summary Report

------------------------------------------------------------------------------------------------
| Timer Settings
| --------------
------------------------------------------------------------------------------------------------

  Enable Multi Corner Analysis               :  Yes
  Enable Pessimism Removal                   :  Yes
  Pessimism Removal Resolution               :  Nearest Common Node
  Enable Input Delay Default Clock           :  No
  Enable Preset / Clear Arcs                 :  No
  Disable Flight Delays                      :  No
  Ignore I/O Paths                           :  No
  Timing Early Launch at Borrowing Latches   :  No
  Borrow Time for Max Delay Exceptions       :  Yes
  Merge Timing Exceptions                    :  Yes

  Corner  Analyze    Analyze    
  Name    Max Paths  Min Paths  
  ------  ---------  ---------  
  Slow    Yes        Yes        
  Fast    Yes        Yes        


------------------------------------------------------------------------------------------------
| Report Methodology
| ------------------
------------------------------------------------------------------------------------------------

No report available as report_methodology has not been run prior. Run report_methodology on the current design for the summary of methodology violations.



check_timing report

Table of Contents
-----------------
1. checking no_clock (0)
2. checking constant_clock (0)
3. checking pulse_width_clock (0)
4. checking unconstrained_internal_endpoints (0)
5. checking no_input_delay (13)
6. checking no_output_delay (17)
7. checking multiple_clock (0)
8. checking generated_clocks (0)
9. checking loops (0)
10. checking partial_input_delay (0)
11. checking partial_output_delay (0)
12. checking latch_loops (0)

1. checking no_clock (0)
------------------------
 There are 0 register/latch pins with no clock.


2. checking constant_clock (0)
------------------------------
 There are 0 register/latch pins with constant_clock.


3. checking pulse_width_clock (0)
---------------------------------
 There are 0 register/latch pins which need pulse_width check


4. checking unconstrained_internal_endpoints (0)
------------------------------------------------
 There are 0 pins that are not constrained for maximum delay.

 There are 0 pins that are not constrained for maximum delay due to constant clock.


5. checking no_input_delay (13)
-------------------------------
 There are 13 input ports with no input delay specified. (HIGH)

 There are 0 input ports with no input delay but user has a false path constraint.


6. checking no_output_delay (17)
--------------------------------
 There are 17 ports with no output delay specified. (HIGH)

 There are 0 ports with no output delay but user has a false path constraint

 There are 0 ports with no output delay but with a timing clock defined on it or propagating through it


7. checking multiple_clock (0)
------------------------------
 There are 0 register/latch pins with multiple clocks.


8. checking generated_clocks (0)
--------------------------------
 There are 0 generated clocks that are not connected to a clock source.


9. checking loops (0)
---------------------
 There are 0 combinational loops in the design.


10. checking partial_input_delay (0)
------------------------------------
 There are 0 input ports with partial input delay specified.


11. checking partial_output_delay (0)
-------------------------------------
 There are 0 ports with partial output delay specified.


12. checking latch_loops (0)
----------------------------
 There are 0 combinational latch loops in the design through latch input



------------------------------------------------------------------------------------------------
| Design Timing Summary
| ---------------------
------------------------------------------------------------------------------------------------

    WNS(ns)      TNS(ns)  TNS Failing Endpoints  TNS Total Endpoints      WHS(ns)      THS(ns)  THS Failing Endpoints  THS Total Endpoints     WPWS(ns)     TPWS(ns)  TPWS Failing Endpoints  TPWS Total Endpoints  
    -------      -------  ---------------------  -------------------      -------      -------  ---------------------  -------------------     --------     --------  ----------------------  --------------------  
     -0.348     -819.632                   4330                 9900        0.001        0.000                      0                 9900       -0.290       -2.338                      33                  9845  


Timing constraints are not met.


------------------------------------------------------------------------------------------------
| Clock Summary
| -------------
------------------------------------------------------------------------------------------------

Clock   Waveform(ns)         Period(ns)      Frequency(MHz)
-----   ------------         ----------      --------------
ap_clk  {0.000 0.500}        1.000           1000.000        


------------------------------------------------------------------------------------------------
| Intra Clock Table
| -----------------
------------------------------------------------------------------------------------------------

Clock             WNS(ns)      TNS(ns)  TNS Failing Endpoints  TNS Total Endpoints      WHS(ns)      THS(ns)  THS Failing Endpoints  THS Total Endpoints     WPWS(ns)     TPWS(ns)  TPWS Failing Endpoints  TPWS Total Endpoints  
-----             -------      -------  ---------------------  -------------------      -------      -------  ---------------------  -------------------     --------     --------  ----------------------  --------------------  
ap_clk             -0.348     -819.632                   4330                 9900        0.001        0.000                      0                 9900       -0.290       -2.338                      33                  9845  


------------------------------------------------------------------------------------------------
| Inter Clock Table
| -----------------
------------------------------------------------------------------------------------------------

From Clock    To Clock          WNS(ns)      TNS(ns)  TNS Failing Endpoints  TNS Total Endpoints      WHS(ns)      THS(ns)  THS Failing Endpoints  THS Total Endpoints  
----------    --------          -------      -------  ---------------------  -------------------      -------      -------  ---------------------  -------------------  


------------------------------------------------------------------------------------------------
| Other Path Groups Table
| -----------------------
------------------------------------------------------------------------------------------------

Path Group    From Clock    To Clock          WNS(ns)      TNS(ns)  TNS Failing Endpoints  TNS Total Endpoints      WHS(ns)      THS(ns)  THS Failing Endpoints  THS Total Endpoints  
----------    ----------    --------          -------      -------  ---------------------  -------------------      -------      -------  ---------------------  -------------------  


------------------------------------------------------------------------------------------------
| Timing Details
| --------------
------------------------------------------------------------------------------------------------


---------------------------------------------------------------------------------------------------
From Clock:  ap_clk
  To Clock:  ap_clk

Setup :         4330  Failing Endpoints,  Worst Slack       -0.348ns,  Total Violation     -819.632ns
Hold  :            0  Failing Endpoints,  Worst Slack        0.001ns,  Total Violation        0.000ns
PW    :           33  Failing Endpoints,  Worst Slack       -0.290ns,  Total Violation       -2.338ns
---------------------------------------------------------------------------------------------------


Max Delay Paths
--------------------------------------------------------------------------------------
Slack (VIOLATED) :        -0.348ns  (required time - arrival time)
  Source:                 load_count_reg[5]/C
                            (rising edge-triggered cell FDCE clocked by ap_clk  {rise@0.000ns fall@0.500ns period=1.000ns})
  Destination:            i_memory_reg[179][2]/CE
                            (rising edge-triggered cell FDRE clocked by ap_clk  {rise@0.000ns fall@0.500ns period=1.000ns})
  Path Group:             ap_clk
  Path Type:              Setup (Max at Slow Process Corner)
  Requirement:            1.000ns  (ap_clk rise@1.000ns - ap_clk rise@0.000ns)
  Data Path Delay:        1.177ns  (logic 0.317ns (26.938%)  route 0.860ns (73.062%))
  Logic Levels:           2  (LUT5=2)
  Clock Path Skew:        -0.075ns (DCD - SCD + CPR)
    Destination Clock Delay (DCD):    2.003ns = ( 3.003 - 1.000 ) 
    Source Clock Delay      (SCD):    2.713ns
    Clock Pessimism Removal (CPR):    0.635ns
  Clock Uncertainty:      0.035ns  ((TSJ^2 + TIJ^2)^1/2 + DJ) / 2 + PE
    Total System Jitter     (TSJ):    0.071ns
    Total Input Jitter      (TIJ):    0.000ns
    Discrete Jitter          (DJ):    0.000ns
    Phase Error              (PE):    0.000ns
  Clock Net Delay (Source):      1.406ns (routing 0.596ns, distribution 0.810ns)
  Clock Net Delay (Destination): 1.242ns (routing 0.543ns, distribution 0.699ns)

    Location             Delay type                Incr(ns)  Path(ns)    Netlist Resource(s)
  -------------------------------------------------------------------    -------------------
                         (clock ap_clk rise edge)     0.000     0.000 r  
    J16                                               0.000     0.000 r  ap_clk (IN)
                         net (fo=0)                   0.000     0.000    ap_clk_IBUF_inst/I
    J16                  INBUF (Prop_INBUF_HDIOB_M_PAD_O)
                                                      1.075     1.075 r  ap_clk_IBUF_inst/INBUF_INST/O
                         net (fo=1, routed)           0.000     1.075    ap_clk_IBUF_inst/OUT
    J16                  IBUFCTRL (Prop_IBUFCTRL_HDIOB_M_I_O)
                                                      0.000     1.075 r  ap_clk_IBUF_inst/IBUFCTRL_INST/O
                         net (fo=1, routed)           0.204     1.279    ap_clk_IBUF
    BUFGCE_HDIO_X0Y4     BUFGCE (Prop_BUFCE_BUFGCE_HDIO_I_O)
                                                      0.028     1.307 r  ap_clk_IBUF_BUFG_inst/O
    X4Y5 (CLOCK_ROOT)    net (fo=9844, routed)        1.406     2.713    ap_clk_IBUF_BUFG
    SLICE_X94Y332        FDCE                                         r  load_count_reg[5]/C
  -------------------------------------------------------------------    -------------------
    SLICE_X94Y332        FDCE (Prop_DFF_SLICEM_C_Q)
                                                      0.078     2.791 r  load_count_reg[5]/Q
                         net (fo=29, routed)          0.302     3.093    load_count[5]
    SLICE_X95Y327        LUT5 (Prop_G6LUT_SLICEL_I2_O)
                                                      0.149     3.242 r  i_memory[49][4]_i_2/O
                         net (fo=16, routed)          0.339     3.581    i_memory[49][4]_i_2_n_0
    SLICE_X94Y319        LUT5 (Prop_G6LUT_SLICEM_I2_O)
                                                      0.090     3.671 r  i_memory[179][4]_i_1/O
                         net (fo=10, routed)          0.219     3.890    i_memory[179][4]_i_1_n_0
    SLICE_X94Y317        FDRE                                         r  i_memory_reg[179][2]/CE
  -------------------------------------------------------------------    -------------------

                         (clock ap_clk rise edge)     1.000     1.000 r  
    J16                                               0.000     1.000 r  ap_clk (IN)
                         net (fo=0)                   0.000     1.000    ap_clk_IBUF_inst/I
    J16                  INBUF (Prop_INBUF_HDIOB_M_PAD_O)
                                                      0.567     1.567 r  ap_clk_IBUF_inst/INBUF_INST/O
                         net (fo=1, routed)           0.000     1.567    ap_clk_IBUF_inst/OUT
    J16                  IBUFCTRL (Prop_IBUFCTRL_HDIOB_M_I_O)
                                                      0.000     1.567 r  ap_clk_IBUF_inst/IBUFCTRL_INST/O
                         net (fo=1, routed)           0.169     1.736    ap_clk_IBUF
    BUFGCE_HDIO_X0Y4     BUFGCE (Prop_BUFCE_BUFGCE_HDIO_I_O)
                                                      0.024     1.760 r  ap_clk_IBUF_BUFG_inst/O
    X4Y5 (CLOCK_ROOT)    net (fo=9844, routed)        1.242     3.003    ap_clk_IBUF_BUFG
    SLICE_X94Y317        FDRE                                         r  i_memory_reg[179][2]/C
                         clock pessimism              0.635     3.638    
                         clock uncertainty           -0.035     3.602    
    SLICE_X94Y317        FDRE (Setup_EFF2_SLICEM_C_CE)
                                                     -0.061     3.541    i_memory_reg[179][2]
  -------------------------------------------------------------------
                         required time                          3.541    
                         arrival time                          -3.890    
  -------------------------------------------------------------------
                         slack                                 -0.348    





Min Delay Paths
--------------------------------------------------------------------------------------
Slack (MET) :             0.001ns  (arrival time - required time)
  Source:                 i_memory_reg[301][1]/C
                            (rising edge-triggered cell FDRE clocked by ap_clk  {rise@0.000ns fall@0.500ns period=1.000ns})
  Destination:            u_nn_accelerator/u_sum_signed_i1/reduce_layer150_reg[1]/D
                            (rising edge-triggered cell FDRE clocked by ap_clk  {rise@0.000ns fall@0.500ns period=1.000ns})
  Path Group:             ap_clk
  Path Type:              Hold (Min at Slow Process Corner)
  Requirement:            0.000ns  (ap_clk rise@0.000ns - ap_clk rise@0.000ns)
  Data Path Delay:        0.186ns  (logic 0.083ns (44.574%)  route 0.103ns (55.426%))
  Logic Levels:           1  (LUT4=1)
  Clock Path Skew:        0.125ns (DCD - SCD - CPR)
    Destination Clock Delay (DCD):    2.757ns
    Source Clock Delay      (SCD):    1.997ns
    Clock Pessimism Removal (CPR):    0.635ns
  Clock Net Delay (Source):      1.237ns (routing 0.543ns, distribution 0.694ns)
  Clock Net Delay (Destination): 1.450ns (routing 0.596ns, distribution 0.854ns)

    Location             Delay type                Incr(ns)  Path(ns)    Netlist Resource(s)
  -------------------------------------------------------------------    -------------------
                         (clock ap_clk rise edge)     0.000     0.000 r  
    J16                                               0.000     0.000 r  ap_clk (IN)
                         net (fo=0)                   0.000     0.000    ap_clk_IBUF_inst/I
    J16                  INBUF (Prop_INBUF_HDIOB_M_PAD_O)
                                                      0.567     0.567 r  ap_clk_IBUF_inst/INBUF_INST/O
                         net (fo=1, routed)           0.000     0.567    ap_clk_IBUF_inst/OUT
    J16                  IBUFCTRL (Prop_IBUFCTRL_HDIOB_M_I_O)
                                                      0.000     0.567 r  ap_clk_IBUF_inst/IBUFCTRL_INST/O
                         net (fo=1, routed)           0.169     0.736    ap_clk_IBUF
    BUFGCE_HDIO_X0Y4     BUFGCE (Prop_BUFCE_BUFGCE_HDIO_I_O)
                                                      0.024     0.760 r  ap_clk_IBUF_BUFG_inst/O
    X4Y5 (CLOCK_ROOT)    net (fo=9844, routed)        1.237     1.997    ap_clk_IBUF_BUFG
    SLICE_X94Y344        FDRE                                         r  i_memory_reg[301][1]/C
  -------------------------------------------------------------------    -------------------
    SLICE_X94Y344        FDRE (Prop_DFF2_SLICEM_C_Q)
                                                      0.061     2.058 r  i_memory_reg[301][1]/Q
                         net (fo=3, routed)           0.074     2.132    u_nn_accelerator/u_sum_signed_i1/reduce_layer150_reg[4]_0[1]
    SLICE_X93Y345        LUT4 (Prop_B6LUT_SLICEM_I2_O)
                                                      0.022     2.154 r  u_nn_accelerator/u_sum_signed_i1/reduce_layer150[1]_i_1/O
                         net (fo=1, routed)           0.029     2.183    u_nn_accelerator/u_sum_signed_i1/w_reduce_layer150[1]
    SLICE_X93Y345        FDRE                                         r  u_nn_accelerator/u_sum_signed_i1/reduce_layer150_reg[1]/D
  -------------------------------------------------------------------    -------------------

                         (clock ap_clk rise edge)     0.000     0.000 r  
    J16                                               0.000     0.000 r  ap_clk (IN)
                         net (fo=0)                   0.000     0.000    ap_clk_IBUF_inst/I
    J16                  INBUF (Prop_INBUF_HDIOB_M_PAD_O)
                                                      1.075     1.075 r  ap_clk_IBUF_inst/INBUF_INST/O
                         net (fo=1, routed)           0.000     1.075    ap_clk_IBUF_inst/OUT
    J16                  IBUFCTRL (Prop_IBUFCTRL_HDIOB_M_I_O)
                                                      0.000     1.075 r  ap_clk_IBUF_inst/IBUFCTRL_INST/O
                         net (fo=1, routed)           0.204     1.279    ap_clk_IBUF
    BUFGCE_HDIO_X0Y4     BUFGCE (Prop_BUFCE_BUFGCE_HDIO_I_O)
                                                      0.028     1.307 r  ap_clk_IBUF_BUFG_inst/O
    X4Y5 (CLOCK_ROOT)    net (fo=9844, routed)        1.450     2.757    u_nn_accelerator/u_sum_signed_i1/ap_clk_IBUF_BUFG
    SLICE_X93Y345        FDRE                                         r  u_nn_accelerator/u_sum_signed_i1/reduce_layer150_reg[1]/C
                         clock pessimism             -0.635     2.122    
    SLICE_X93Y345        FDRE (Hold_BFF_SLICEM_C_D)
                                                      0.060     2.182    u_nn_accelerator/u_sum_signed_i1/reduce_layer150_reg[1]
  -------------------------------------------------------------------
                         required time                         -2.182    
                         arrival time                           2.183    
  -------------------------------------------------------------------
                         slack                                  0.001    





Pulse Width Checks
--------------------------------------------------------------------------------------
Clock Name:         ap_clk
Waveform(ns):       { 0.000 0.500 }
Period(ns):         1.000
Sources:            { ap_clk }

Check Type        Corner  Lib Pin     Reference Pin  Required(ns)  Actual(ns)  Slack(ns)  Location          Pin
Min Period        n/a     BUFGCE/I    n/a            1.290         1.000       -0.290     BUFGCE_HDIO_X0Y4  ap_clk_IBUF_BUFG_inst/I
Low Pulse Width   Fast    SRL16E/CLK  n/a            0.532         0.500       -0.032     SLICE_X107Y346    u_nn_accelerator/u_sum_signed_i1/reduce_layer412_reg[0]_srl2___u_nn_accelerator_u_sum_signed_i0_reduce_layer412_reg_r/CLK
High Pulse Width  Slow    SRL16E/CLK  n/a            0.532         0.500       -0.032     SLICE_X89Y309     u_nn_accelerator/u_sum_signed_i0/reduce_layer412_reg[0]_srl2___u_nn_accelerator_u_sum_signed_i0_reduce_layer412_reg_r/CLK



