
*** Running vivado
    with args -log nn_classifier_wrapper.vdi -applog -m64 -product Vivado -messageDb vivado.pb -mode batch -source nn_classifier_wrapper.tcl -notrace


****** Vivado v2022.2 (64-bit)
  **** SW Build 3671981 on Fri Oct 14 04:59:54 MDT 2022
  **** IP Build 3669848 on Fri Oct 14 08:30:02 MDT 2022
    ** Copyright 1986-2022 Xilinx, Inc. All Rights Reserved.

source nn_classifier_wrapper.tcl -notrace
Command: link_design -top nn_classifier_wrapper -part xczu49dr-ffvf1760-2-e
Design is defaulting to srcset: sources_1
Design is defaulting to constrset: constrs_1
INFO: [Device 21-403] Loading part xczu49dr-ffvf1760-2-e
Netlist sorting complete. Time (s): cpu = 00:00:00.04 ; elapsed = 00:00:00.04 . Memory (MB): peak = 2704.473 ; gain = 0.000 ; free physical = 106014 ; free virtual = 230837
INFO: [Netlist 29-17] Analyzing 510 Unisim elements for replacement
INFO: [Netlist 29-28] Unisim Transformation completed in 0 CPU seconds
INFO: [Project 1-479] Netlist was created with Vivado 2022.2
INFO: [Project 1-570] Preparing netlist for logic optimization
Parsing XDC File [/mnt/vault1/mfaroo19/LUNA/quantum-net-final/latency-opt/constraints.xdc]
Finished Parsing XDC File [/mnt/vault1/mfaroo19/LUNA/quantum-net-final/latency-opt/constraints.xdc]
INFO: [Opt 31-138] Pushed 0 inverter(s) to 0 load pin(s).
Netlist sorting complete. Time (s): cpu = 00:00:00 ; elapsed = 00:00:00 . Memory (MB): peak = 2845.566 ; gain = 0.000 ; free physical = 105950 ; free virtual = 230773
INFO: [Project 1-111] Unisim Transformation Summary:
  A total of 14 instances were transformed.
  IBUF => IBUF (IBUFCTRL, INBUF): 14 instances

7 Infos, 0 Warnings, 0 Critical Warnings and 0 Errors encountered.
link_design completed successfully
link_design: Time (s): cpu = 00:00:09 ; elapsed = 00:00:11 . Memory (MB): peak = 2845.566 ; gain = 1138.039 ; free physical = 105950 ; free virtual = 230773
Command: opt_design
Attempting to get a license for feature 'Implementation' and/or device 'xczu49dr'
INFO: [Common 17-349] Got license for feature 'Implementation' and/or device 'xczu49dr'
INFO: [Common 17-1540] The version limit for your license is '2024.12' and has expired for new software. A version limit expiration means that, although you may be able to continue to use the current version of tools or IP with this license, you will not be eligible for new releases.
Running DRC as a precondition to command opt_design

Starting DRC Task
INFO: [DRC 23-27] Running DRC with 8 threads
INFO: [Project 1-461] DRC finished with 0 Errors
INFO: [Project 1-462] Please refer to the DRC report (report_drc) for more information.

Time (s): cpu = 00:00:02 ; elapsed = 00:00:01 . Memory (MB): peak = 2945.320 ; gain = 91.750 ; free physical = 105946 ; free virtual = 230769

Starting Cache Timing Information Task
INFO: [Timing 38-35] Done setting XDC timing constraints.
Ending Cache Timing Information Task | Checksum: 125602002

Time (s): cpu = 00:00:02 ; elapsed = 00:00:02 . Memory (MB): peak = 3284.758 ; gain = 339.438 ; free physical = 105735 ; free virtual = 230558

Starting Logic Optimization Task

Phase 1 Retarget
INFO: [Opt 31-138] Pushed 1 inverter(s) to 5764 load pin(s).
INFO: [Opt 31-49] Retargeted 0 cell(s).
Phase 1 Retarget | Checksum: 1811995c4

Time (s): cpu = 00:00:00.96 ; elapsed = 00:00:00.64 . Memory (MB): peak = 3561.680 ; gain = 0.000 ; free physical = 105493 ; free virtual = 230316
INFO: [Opt 31-389] Phase Retarget created 0 cells and removed 1 cells

Phase 2 Constant propagation
INFO: [Opt 31-138] Pushed 0 inverter(s) to 0 load pin(s).
Phase 2 Constant propagation | Checksum: 1811995c4

Time (s): cpu = 00:00:01 ; elapsed = 00:00:00.7 . Memory (MB): peak = 3561.680 ; gain = 0.000 ; free physical = 105492 ; free virtual = 230316
INFO: [Opt 31-389] Phase Constant propagation created 0 cells and removed 0 cells

Phase 3 Sweep
Phase 3 Sweep | Checksum: 19d692522

Time (s): cpu = 00:00:01 ; elapsed = 00:00:00.8 . Memory (MB): peak = 3561.680 ; gain = 0.000 ; free physical = 105492 ; free virtual = 230315
INFO: [Opt 31-389] Phase Sweep created 0 cells and removed 0 cells

Phase 4 BUFG optimization
INFO: [Opt 31-1077] Phase BUFG optimization inserted 0 global clock buffer(s) for CLOCK_LOW_FANOUT.
Phase 4 BUFG optimization | Checksum: 19d692522

Time (s): cpu = 00:00:01 ; elapsed = 00:00:00.9 . Memory (MB): peak = 3593.695 ; gain = 32.016 ; free physical = 105490 ; free virtual = 230313
INFO: [Opt 31-662] Phase BUFG optimization created 0 cells of which 0 are BUFGs and removed 0 cells.

Phase 5 Shift Register Optimization
INFO: [Opt 31-1064] SRL Remap converted 0 SRLs to 0 registers and converted 0 registers of register chains to 0 SRLs
Phase 5 Shift Register Optimization | Checksum: 19d692522

Time (s): cpu = 00:00:01 ; elapsed = 00:00:00.91 . Memory (MB): peak = 3593.695 ; gain = 32.016 ; free physical = 105490 ; free virtual = 230313
INFO: [Opt 31-389] Phase Shift Register Optimization created 0 cells and removed 0 cells

Phase 6 Post Processing Netlist
Phase 6 Post Processing Netlist | Checksum: 19d692522

Time (s): cpu = 00:00:01 ; elapsed = 00:00:00.93 . Memory (MB): peak = 3593.695 ; gain = 32.016 ; free physical = 105490 ; free virtual = 230313
INFO: [Opt 31-389] Phase Post Processing Netlist created 0 cells and removed 0 cells
Opt_design Change Summary
=========================


-------------------------------------------------------------------------------------------------------------------------
|  Phase                        |  #Cells created  |  #Cells Removed  |  #Constrained objects preventing optimizations  |
-------------------------------------------------------------------------------------------------------------------------
|  Retarget                     |               0  |               1  |                                              0  |
|  Constant propagation         |               0  |               0  |                                              0  |
|  Sweep                        |               0  |               0  |                                              0  |
|  BUFG optimization            |               0  |               0  |                                              0  |
|  Shift Register Optimization  |               0  |               0  |                                              0  |
|  Post Processing Netlist      |               0  |               0  |                                              0  |
-------------------------------------------------------------------------------------------------------------------------



Starting Connectivity Check Task

Time (s): cpu = 00:00:00.02 ; elapsed = 00:00:00.02 . Memory (MB): peak = 3593.695 ; gain = 0.000 ; free physical = 105491 ; free virtual = 230314
Ending Logic Optimization Task | Checksum: 12d1e6dae

Time (s): cpu = 00:00:02 ; elapsed = 00:00:01 . Memory (MB): peak = 3593.695 ; gain = 32.016 ; free physical = 105491 ; free virtual = 230314

Starting Power Optimization Task
INFO: [Pwropt 34-132] Skipping clock gating for clocks with a period < 2.00 ns.
Ending Power Optimization Task | Checksum: 12d1e6dae

Time (s): cpu = 00:00:00.01 ; elapsed = 00:00:00.01 . Memory (MB): peak = 3593.695 ; gain = 0.000 ; free physical = 105491 ; free virtual = 230314

Starting Final Cleanup Task
Ending Final Cleanup Task | Checksum: 12d1e6dae

Time (s): cpu = 00:00:00 ; elapsed = 00:00:00 . Memory (MB): peak = 3593.695 ; gain = 0.000 ; free physical = 105491 ; free virtual = 230314

Starting Netlist Obfuscation Task
Netlist sorting complete. Time (s): cpu = 00:00:00 ; elapsed = 00:00:00 . Memory (MB): peak = 3593.695 ; gain = 0.000 ; free physical = 105491 ; free virtual = 230314
Ending Netlist Obfuscation Task | Checksum: 12d1e6dae

Time (s): cpu = 00:00:00 ; elapsed = 00:00:00 . Memory (MB): peak = 3593.695 ; gain = 0.000 ; free physical = 105491 ; free virtual = 230314
INFO: [Common 17-83] Releasing license: Implementation
26 Infos, 0 Warnings, 0 Critical Warnings and 0 Errors encountered.
opt_design completed successfully
opt_design: Time (s): cpu = 00:00:07 ; elapsed = 00:00:06 . Memory (MB): peak = 3593.695 ; gain = 748.129 ; free physical = 105491 ; free virtual = 230314
INFO: [Timing 38-480] Writing timing data to binary archive.
INFO: [Common 17-1381] The checkpoint '/mnt/vault1/mfaroo19/LUNA/quantum-net-final/latency-opt/lat-opt-classifer/lat-opt-classifier.runs/impl_1/nn_classifier_wrapper_opt.dcp' has been generated.
INFO: [runtcl-4] Executing : report_drc -file nn_classifier_wrapper_drc_opted.rpt -pb nn_classifier_wrapper_drc_opted.pb -rpx nn_classifier_wrapper_drc_opted.rpx
Command: report_drc -file nn_classifier_wrapper_drc_opted.rpt -pb nn_classifier_wrapper_drc_opted.pb -rpx nn_classifier_wrapper_drc_opted.rpx
INFO: [IP_Flow 19-234] Refreshing IP repositories
INFO: [IP_Flow 19-1704] No user IP repositories specified
INFO: [IP_Flow 19-2313] Loaded Vivado IP repository '/mnt/vault1/kmhatre/Software/AMD/Vivado/2022.2/data/ip'.
INFO: [DRC 23-27] Running DRC with 8 threads
INFO: [Vivado_Tcl 2-168] The results of DRC are in file /mnt/vault1/mfaroo19/LUNA/quantum-net-final/latency-opt/lat-opt-classifer/lat-opt-classifier.runs/impl_1/nn_classifier_wrapper_drc_opted.rpt.
report_drc completed successfully
Command: place_design
Attempting to get a license for feature 'Implementation' and/or device 'xczu49dr'
INFO: [Common 17-349] Got license for feature 'Implementation' and/or device 'xczu49dr'
INFO: [Common 17-1540] The version limit for your license is '2024.12' and has expired for new software. A version limit expiration means that, although you may be able to continue to use the current version of tools or IP with this license, you will not be eligible for new releases.
INFO: [DRC 23-27] Running DRC with 8 threads
INFO: [Vivado_Tcl 4-198] DRC finished with 0 Errors
INFO: [Vivado_Tcl 4-199] Please refer to the DRC report (report_drc) for more information.
Running DRC as a precondition to command place_design
INFO: [DRC 23-27] Running DRC with 8 threads
INFO: [Vivado_Tcl 4-198] DRC finished with 0 Errors
INFO: [Vivado_Tcl 4-199] Please refer to the DRC report (report_drc) for more information.

Starting Placer Task
INFO: [Place 30-611] Multithreading enabled for place_design using a maximum of 8 CPUs

Phase 1 Placer Initialization

Phase 1.1 Placer Initialization Netlist Sorting
Netlist sorting complete. Time (s): cpu = 00:00:00 ; elapsed = 00:00:00 . Memory (MB): peak = 3739.504 ; gain = 0.000 ; free physical = 105278 ; free virtual = 230103
Phase 1.1 Placer Initialization Netlist Sorting | Checksum: a5a7b16b

Time (s): cpu = 00:00:00.01 ; elapsed = 00:00:00.02 . Memory (MB): peak = 3739.504 ; gain = 0.000 ; free physical = 105278 ; free virtual = 230103
Netlist sorting complete. Time (s): cpu = 00:00:00 ; elapsed = 00:00:00 . Memory (MB): peak = 3739.504 ; gain = 0.000 ; free physical = 105278 ; free virtual = 230103

Phase 1.2 IO Placement/ Clock Placement/ Build Placer Device
INFO: [Timing 38-35] Done setting XDC timing constraints.
Phase 1.2 IO Placement/ Clock Placement/ Build Placer Device | Checksum: 6733969c

Time (s): cpu = 00:00:17 ; elapsed = 00:00:22 . Memory (MB): peak = 4904.871 ; gain = 1165.367 ; free physical = 104537 ; free virtual = 229362

Phase 1.3 Build Placer Netlist Model
Phase 1.3 Build Placer Netlist Model | Checksum: 13ffbd572

Time (s): cpu = 00:00:21 ; elapsed = 00:00:24 . Memory (MB): peak = 4943.914 ; gain = 1204.410 ; free physical = 104280 ; free virtual = 229105

Phase 1.4 Constrain Clocks/Macros
Phase 1.4 Constrain Clocks/Macros | Checksum: 13ffbd572

Time (s): cpu = 00:00:21 ; elapsed = 00:00:24 . Memory (MB): peak = 4943.914 ; gain = 1204.410 ; free physical = 104276 ; free virtual = 229101
Phase 1 Placer Initialization | Checksum: 13ffbd572

Time (s): cpu = 00:00:21 ; elapsed = 00:00:24 . Memory (MB): peak = 4943.914 ; gain = 1204.410 ; free physical = 104268 ; free virtual = 229093

Phase 2 Global Placement

Phase 2.1 Floorplanning

Phase 2.1.1 Partition Driven Placement

Phase 2.1.1.1 PBP: Partition Driven Placement
Phase 2.1.1.1 PBP: Partition Driven Placement | Checksum: f18418f2

Time (s): cpu = 00:00:24 ; elapsed = 00:00:25 . Memory (MB): peak = 4943.914 ; gain = 1204.410 ; free physical = 104457 ; free virtual = 229282

Phase 2.1.1.2 PBP: Clock Region Placement
Phase 2.1.1.2 PBP: Clock Region Placement | Checksum: f18418f2

Time (s): cpu = 00:00:24 ; elapsed = 00:00:26 . Memory (MB): peak = 4943.914 ; gain = 1204.410 ; free physical = 104455 ; free virtual = 229280

Phase 2.1.1.3 PBP: Compute Congestion
Phase 2.1.1.3 PBP: Compute Congestion | Checksum: f18418f2

Time (s): cpu = 00:00:26 ; elapsed = 00:00:27 . Memory (MB): peak = 4990.277 ; gain = 1250.773 ; free physical = 104181 ; free virtual = 229006

Phase 2.1.1.4 PBP: UpdateTiming
Phase 2.1.1.4 PBP: UpdateTiming | Checksum: 8ee09f57

Time (s): cpu = 00:00:27 ; elapsed = 00:00:27 . Memory (MB): peak = 5020.293 ; gain = 1280.789 ; free physical = 104183 ; free virtual = 229008

Phase 2.1.1.5 PBP: Add part constraints
Phase 2.1.1.5 PBP: Add part constraints | Checksum: 8ee09f57

Time (s): cpu = 00:00:27 ; elapsed = 00:00:27 . Memory (MB): peak = 5020.293 ; gain = 1280.789 ; free physical = 104183 ; free virtual = 229008
Phase 2.1.1 Partition Driven Placement | Checksum: 8ee09f57

Time (s): cpu = 00:00:27 ; elapsed = 00:00:27 . Memory (MB): peak = 5020.293 ; gain = 1280.789 ; free physical = 104183 ; free virtual = 229008
Phase 2.1 Floorplanning | Checksum: d612a88a

Time (s): cpu = 00:00:27 ; elapsed = 00:00:27 . Memory (MB): peak = 5020.293 ; gain = 1280.789 ; free physical = 104183 ; free virtual = 229008

Phase 2.2 Update Timing before SLR Path Opt
Phase 2.2 Update Timing before SLR Path Opt | Checksum: d612a88a

Time (s): cpu = 00:00:27 ; elapsed = 00:00:27 . Memory (MB): peak = 5020.293 ; gain = 1280.789 ; free physical = 104183 ; free virtual = 229008

Phase 2.3 Post-Processing in Floorplanning
Phase 2.3 Post-Processing in Floorplanning | Checksum: 14476a9ed

Time (s): cpu = 00:00:27 ; elapsed = 00:00:27 . Memory (MB): peak = 5020.293 ; gain = 1280.789 ; free physical = 104183 ; free virtual = 229008

Phase 2.4 Global Placement Core

Phase 2.4.1 UpdateTiming Before Physical Synthesis
Phase 2.4.1 UpdateTiming Before Physical Synthesis | Checksum: f91b59f9

Time (s): cpu = 00:00:50 ; elapsed = 00:00:36 . Memory (MB): peak = 5147.633 ; gain = 1408.129 ; free physical = 103896 ; free virtual = 228721

Phase 2.4.2 Physical Synthesis In Placer
INFO: [Physopt 32-1035] Found 0 LUTNM shape to break, 4 LUT instances to create LUTNM shape
INFO: [Physopt 32-1044] Break lutnm for timing: one critical 0, two critical 0, total 0, new lutff created 0
INFO: [Physopt 32-1138] End 1 Pass. Optimized 0 net or LUT. Breaked 0 LUT, combined 0 existing LUT and moved 0 existing LUT
INFO: [Physopt 32-1030] Pass 1. Identified 4 candidate driver sets for equivalent driver rewiring.
INFO: [Physopt 32-661] Optimized 2 nets.  Re-placed 7 instances.
INFO: [Physopt 32-775] End 1 Pass. Optimized 2 nets or cells. Created 0 new cell, deleted 0 existing cell and moved 7 existing cells
Netlist sorting complete. Time (s): cpu = 00:00:00 ; elapsed = 00:00:00.01 . Memory (MB): peak = 5147.633 ; gain = 0.000 ; free physical = 103894 ; free virtual = 228719
INFO: [Physopt 32-65] No nets found for high-fanout optimization.
INFO: [Physopt 32-232] Optimized 0 net. Created 0 new instance.
INFO: [Physopt 32-775] End 1 Pass. Optimized 0 net or cell. Created 0 new cell, deleted 0 existing cell and moved 0 existing cell
INFO: [Physopt 32-456] No candidate cells for DSP register optimization found in the design.
INFO: [Physopt 32-775] End 2 Pass. Optimized 0 net or cell. Created 0 new cell, deleted 0 existing cell and moved 0 existing cell
INFO: [Physopt 32-1123] No candidate cells found for Shift Register to Pipeline optimization
INFO: [Physopt 32-775] End 2 Pass. Optimized 0 net or cell. Created 0 new cell, deleted 0 existing cell and moved 0 existing cell
INFO: [Physopt 32-677] No candidate cells for Shift Register optimization found in the design
INFO: [Physopt 32-775] End 1 Pass. Optimized 0 net or cell. Created 0 new cell, deleted 0 existing cell and moved 0 existing cell
INFO: [Physopt 32-526] No candidate cells for BRAM register optimization found in the design
INFO: [Physopt 32-775] End 1 Pass. Optimized 0 net or cell. Created 0 new cell, deleted 0 existing cell and moved 0 existing cell
INFO: [Physopt 32-846] No candidate cells for URAM register optimization found in the design
INFO: [Physopt 32-775] End 2 Pass. Optimized 0 net or cell. Created 0 new cell, deleted 0 existing cell and moved 0 existing cell
INFO: [Physopt 32-949] No candidate nets found for dynamic/static region interface net replication
INFO: [Physopt 32-775] End 1 Pass. Optimized 0 net or cell. Created 0 new cell, deleted 0 existing cell and moved 0 existing cell
Netlist sorting complete. Time (s): cpu = 00:00:00 ; elapsed = 00:00:00 . Memory (MB): peak = 5147.633 ; gain = 0.000 ; free physical = 103905 ; free virtual = 228730

Summary of Physical Synthesis Optimizations
============================================


-----------------------------------------------------------------------------------------------------------------------------------------------------------
|  Optimization                                     |  Added Cells  |  Removed Cells  |  Optimized Cells/Nets  |  Dont Touch  |  Iterations  |  Elapsed   |
-----------------------------------------------------------------------------------------------------------------------------------------------------------
|  LUT Combining                                    |            0  |              0  |                     0  |           0  |           1  |  00:00:00  |
|  Retime                                           |            0  |              0  |                     0  |           0  |           1  |  00:00:00  |
|  Equivalent Driver Rewiring                       |            0  |              0  |                     2  |           0  |           1  |  00:00:00  |
|  Very High Fanout                                 |            0  |              0  |                     0  |           0  |           1  |  00:00:00  |
|  DSP Register                                     |            0  |              0  |                     0  |           0  |           1  |  00:00:00  |
|  Shift Register to Pipeline                       |            0  |              0  |                     0  |           0  |           1  |  00:00:00  |
|  Shift Register                                   |            0  |              0  |                     0  |           0  |           1  |  00:00:00  |
|  BRAM Register                                    |            0  |              0  |                     0  |           0  |           1  |  00:00:00  |
|  URAM Register                                    |            0  |              0  |                     0  |           0  |           1  |  00:00:00  |
|  Dynamic/Static Region Interface Net Replication  |            0  |              0  |                     0  |           0  |           1  |  00:00:00  |
|  Total                                            |            0  |              0  |                     2  |           0  |          10  |  00:00:00  |
-----------------------------------------------------------------------------------------------------------------------------------------------------------


Phase 2.4.2 Physical Synthesis In Placer | Checksum: 150d6aead

Time (s): cpu = 00:00:51 ; elapsed = 00:00:37 . Memory (MB): peak = 5147.633 ; gain = 1408.129 ; free physical = 103906 ; free virtual = 228731
Phase 2.4 Global Placement Core | Checksum: f04969ab

Time (s): cpu = 00:00:57 ; elapsed = 00:00:39 . Memory (MB): peak = 5147.633 ; gain = 1408.129 ; free physical = 103637 ; free virtual = 228462
Phase 2 Global Placement | Checksum: f04969ab

Time (s): cpu = 00:00:57 ; elapsed = 00:00:39 . Memory (MB): peak = 5147.633 ; gain = 1408.129 ; free physical = 103643 ; free virtual = 228469

Phase 3 Detail Placement

Phase 3.1 Commit Multi Column Macros
Phase 3.1 Commit Multi Column Macros | Checksum: cc90bb33

Time (s): cpu = 00:00:59 ; elapsed = 00:00:41 . Memory (MB): peak = 5147.633 ; gain = 1408.129 ; free physical = 103678 ; free virtual = 228504

Phase 3.2 Commit Most Macros & LUTRAMs
Phase 3.2 Commit Most Macros & LUTRAMs | Checksum: 1030c1faf

Time (s): cpu = 00:01:00 ; elapsed = 00:00:41 . Memory (MB): peak = 5147.633 ; gain = 1408.129 ; free physical = 103694 ; free virtual = 228519

Phase 3.3 Small Shape DP

Phase 3.3.1 Small Shape Clustering
Phase 3.3.1 Small Shape Clustering | Checksum: 7265b844

Time (s): cpu = 00:01:03 ; elapsed = 00:00:43 . Memory (MB): peak = 5155.637 ; gain = 1416.133 ; free physical = 103778 ; free virtual = 228604

Phase 3.3.2 Flow Legalize Slice Clusters
Phase 3.3.2 Flow Legalize Slice Clusters | Checksum: 7e65e1dc

Time (s): cpu = 00:01:03 ; elapsed = 00:00:43 . Memory (MB): peak = 5155.637 ; gain = 1416.133 ; free physical = 103778 ; free virtual = 228604

Phase 3.3.3 Slice Area Swap

Phase 3.3.3.1 Slice Area Swap Initial
Phase 3.3.3.1 Slice Area Swap Initial | Checksum: 126a0ffff

Time (s): cpu = 00:01:04 ; elapsed = 00:00:44 . Memory (MB): peak = 5155.637 ; gain = 1416.133 ; free physical = 103764 ; free virtual = 228589
Phase 3.3.3 Slice Area Swap | Checksum: 126a0ffff

Time (s): cpu = 00:01:04 ; elapsed = 00:00:44 . Memory (MB): peak = 5155.637 ; gain = 1416.133 ; free physical = 103716 ; free virtual = 228541
Phase 3.3 Small Shape DP | Checksum: d4828bcb

Time (s): cpu = 00:01:06 ; elapsed = 00:00:45 . Memory (MB): peak = 5155.637 ; gain = 1416.133 ; free physical = 103709 ; free virtual = 228535

Phase 3.4 Re-assign LUT pins
Phase 3.4 Re-assign LUT pins | Checksum: eca21f80

Time (s): cpu = 00:01:06 ; elapsed = 00:00:45 . Memory (MB): peak = 5155.637 ; gain = 1416.133 ; free physical = 103731 ; free virtual = 228556

Phase 3.5 Pipeline Register Optimization
Phase 3.5 Pipeline Register Optimization | Checksum: fe2a6228

Time (s): cpu = 00:01:07 ; elapsed = 00:00:45 . Memory (MB): peak = 5155.637 ; gain = 1416.133 ; free physical = 103731 ; free virtual = 228556

Phase 3.6 Fast Optimization
Phase 3.6 Fast Optimization | Checksum: 130087e6a

Time (s): cpu = 00:01:18 ; elapsed = 00:00:55 . Memory (MB): peak = 5155.637 ; gain = 1416.133 ; free physical = 104011 ; free virtual = 228836
Phase 3 Detail Placement | Checksum: 130087e6a

Time (s): cpu = 00:01:18 ; elapsed = 00:00:55 . Memory (MB): peak = 5155.637 ; gain = 1416.133 ; free physical = 104011 ; free virtual = 228836

Phase 4 Post Placement Optimization and Clean-Up

Phase 4.1 Post Commit Optimization
INFO: [Timing 38-35] Done setting XDC timing constraints.

Phase 4.1.1 Post Placement Optimization
Post Placement Optimization Initialization | Checksum: 18fee7640

Phase 4.1.1.1 BUFG Insertion

Starting Physical Synthesis Task

Phase 1 Physical Synthesis Initialization
INFO: [Physopt 32-721] Multithreading enabled for phys_opt_design using a maximum of 8 CPUs
INFO: [Physopt 32-619] Estimated Timing Summary | WNS=-0.405 | TNS=-802.111 |
Phase 1 Physical Synthesis Initialization | Checksum: 11024bdaf

Time (s): cpu = 00:00:00.4 ; elapsed = 00:00:00.12 . Memory (MB): peak = 5206.164 ; gain = 0.000 ; free physical = 103723 ; free virtual = 228548
INFO: [Place 46-56] BUFG insertion identified 0 candidate nets. Inserted BUFG: 0, Replicated BUFG Driver: 0, Skipped due to Placement/Routing Conflicts: 0, Skipped due to Timing Degradation: 0, Skipped due to Illegal Netlist: 0.
Ending Physical Synthesis Task | Checksum: 183232398

Time (s): cpu = 00:00:00.47 ; elapsed = 00:00:00.18 . Memory (MB): peak = 5206.164 ; gain = 0.000 ; free physical = 103723 ; free virtual = 228548
Phase 4.1.1.1 BUFG Insertion | Checksum: 18fee7640

Time (s): cpu = 00:01:24 ; elapsed = 00:00:58 . Memory (MB): peak = 5206.164 ; gain = 1466.660 ; free physical = 103723 ; free virtual = 228548

Phase 4.1.1.2 Post Placement Timing Optimization
INFO: [Place 30-746] Post Placement Timing Summary WNS=-0.323. For the most accurate timing information please run report_timing.
Phase 4.1.1.2 Post Placement Timing Optimization | Checksum: 2072a6a94

Time (s): cpu = 00:02:44 ; elapsed = 00:02:18 . Memory (MB): peak = 5206.164 ; gain = 1466.660 ; free physical = 104431 ; free virtual = 229257

Time (s): cpu = 00:02:44 ; elapsed = 00:02:18 . Memory (MB): peak = 5206.164 ; gain = 1466.660 ; free physical = 104430 ; free virtual = 229255
Phase 4.1 Post Commit Optimization | Checksum: 2072a6a94

Time (s): cpu = 00:02:44 ; elapsed = 00:02:18 . Memory (MB): peak = 5206.164 ; gain = 1466.660 ; free physical = 104416 ; free virtual = 229241
Netlist sorting complete. Time (s): cpu = 00:00:00 ; elapsed = 00:00:00.01 . Memory (MB): peak = 5273.539 ; gain = 0.000 ; free physical = 104152 ; free virtual = 228978

Phase 4.2 Post Placement Cleanup
Phase 4.2 Post Placement Cleanup | Checksum: 2aa4d7610

Time (s): cpu = 00:02:54 ; elapsed = 00:02:27 . Memory (MB): peak = 5273.539 ; gain = 1534.035 ; free physical = 104170 ; free virtual = 228995

Phase 4.3 Placer Reporting

Phase 4.3.1 Print Estimated Congestion
INFO: [Place 30-612] Post-Placement Estimated Congestion 
 ________________________________________________________________________
|           | Global Congestion | Long Congestion   | Short Congestion  |
| Direction | Region Size       | Region Size       | Region Size       |
|___________|___________________|___________________|___________________|
|      North|                1x1|                1x1|                4x4|
|___________|___________________|___________________|___________________|
|      South|                1x1|                1x1|                4x4|
|___________|___________________|___________________|___________________|
|       East|                1x1|                1x1|                4x4|
|___________|___________________|___________________|___________________|
|       West|                1x1|                1x1|                4x4|
|___________|___________________|___________________|___________________|

Phase 4.3.1 Print Estimated Congestion | Checksum: 2aa4d7610

Time (s): cpu = 00:02:54 ; elapsed = 00:02:27 . Memory (MB): peak = 5273.539 ; gain = 1534.035 ; free physical = 104170 ; free virtual = 228995
Phase 4.3 Placer Reporting | Checksum: 2aa4d7610

Time (s): cpu = 00:02:54 ; elapsed = 00:02:27 . Memory (MB): peak = 5273.539 ; gain = 1534.035 ; free physical = 104170 ; free virtual = 228995

Phase 4.4 Final Placement Cleanup
Netlist sorting complete. Time (s): cpu = 00:00:00 ; elapsed = 00:00:00 . Memory (MB): peak = 5273.539 ; gain = 0.000 ; free physical = 104170 ; free virtual = 228995

Time (s): cpu = 00:02:54 ; elapsed = 00:02:27 . Memory (MB): peak = 5273.539 ; gain = 1534.035 ; free physical = 104170 ; free virtual = 228995
Phase 4 Post Placement Optimization and Clean-Up | Checksum: 266021f90

Time (s): cpu = 00:02:54 ; elapsed = 00:02:27 . Memory (MB): peak = 5273.539 ; gain = 1534.035 ; free physical = 104175 ; free virtual = 229000
Ending Placer Task | Checksum: 22fee9f75

Time (s): cpu = 00:02:54 ; elapsed = 00:02:27 . Memory (MB): peak = 5273.539 ; gain = 1534.035 ; free physical = 104175 ; free virtual = 229000
INFO: [Common 17-83] Releasing license: Implementation
72 Infos, 0 Warnings, 0 Critical Warnings and 0 Errors encountered.
place_design completed successfully
place_design: Time (s): cpu = 00:02:56 ; elapsed = 00:02:28 . Memory (MB): peak = 5273.539 ; gain = 1539.973 ; free physical = 104402 ; free virtual = 229227
INFO: [Timing 38-480] Writing timing data to binary archive.
Writing XDEF routing.
Writing XDEF routing logical nets.
Writing XDEF routing special nets.
Write XDEF Complete: Time (s): cpu = 00:00:01 ; elapsed = 00:00:00.44 . Memory (MB): peak = 5273.539 ; gain = 0.000 ; free physical = 104390 ; free virtual = 229230
INFO: [Common 17-1381] The checkpoint '/mnt/vault1/mfaroo19/LUNA/quantum-net-final/latency-opt/lat-opt-classifer/lat-opt-classifier.runs/impl_1/nn_classifier_wrapper_placed.dcp' has been generated.
INFO: [runtcl-4] Executing : report_io -file nn_classifier_wrapper_io_placed.rpt
report_io: Time (s): cpu = 00:00:00.23 ; elapsed = 00:00:00.44 . Memory (MB): peak = 5273.539 ; gain = 0.000 ; free physical = 104338 ; free virtual = 229168
INFO: [runtcl-4] Executing : report_utilization -file nn_classifier_wrapper_utilization_placed.rpt -pb nn_classifier_wrapper_utilization_placed.pb
INFO: [runtcl-4] Executing : report_control_sets -verbose -file nn_classifier_wrapper_control_sets_placed.rpt
report_control_sets: Time (s): cpu = 00:00:00.06 ; elapsed = 00:00:00.23 . Memory (MB): peak = 5273.539 ; gain = 0.000 ; free physical = 104347 ; free virtual = 229177
Command: phys_opt_design
Attempting to get a license for feature 'Implementation' and/or device 'xczu49dr'
INFO: [Common 17-349] Got license for feature 'Implementation' and/or device 'xczu49dr'
INFO: [Common 17-1540] The version limit for your license is '2024.12' and has expired for new software. A version limit expiration means that, although you may be able to continue to use the current version of tools or IP with this license, you will not be eligible for new releases.

Starting Initial Update Timing Task

Time (s): cpu = 00:00:02 ; elapsed = 00:00:00.76 . Memory (MB): peak = 5273.539 ; gain = 0.000 ; free physical = 104341 ; free virtual = 229171
INFO: [Vivado_Tcl 4-1435] PhysOpt_Tcl_Interface Runtime Before Starting Physical Synthesis Task | CPU: 2.62s |  WALL: 0.82s
Netlist sorting complete. Time (s): cpu = 00:00:00 ; elapsed = 00:00:00 . Memory (MB): peak = 5273.539 ; gain = 0.000 ; free physical = 104341 ; free virtual = 229171

Starting Physical Synthesis Task

Phase 1 Physical Synthesis Initialization
INFO: [Physopt 32-721] Multithreading enabled for phys_opt_design using a maximum of 8 CPUs
INFO: [Physopt 32-619] Estimated Timing Summary | WNS=-0.319 | TNS=-742.639 |
Phase 1 Physical Synthesis Initialization | Checksum: 1b305c93a

Time (s): cpu = 00:00:02 ; elapsed = 00:00:02 . Memory (MB): peak = 5273.539 ; gain = 0.000 ; free physical = 104051 ; free virtual = 228881
INFO: [Physopt 32-619] Estimated Timing Summary | WNS=-0.319 | TNS=-742.639 |

Phase 2 DSP Register Optimization
INFO: [Physopt 32-456] No candidate cells for DSP register optimization found in the design.
INFO: [Physopt 32-775] End 2 Pass. Optimized 0 net or cell. Created 0 new cell, deleted 0 existing cell and moved 0 existing cell
Phase 2 DSP Register Optimization | Checksum: 1b305c93a

Time (s): cpu = 00:00:02 ; elapsed = 00:00:02 . Memory (MB): peak = 5273.539 ; gain = 0.000 ; free physical = 104051 ; free virtual = 228881

Phase 3 Critical Path Optimization
INFO: [Physopt 32-619] Estimated Timing Summary | WNS=-0.319 | TNS=-742.639 |
INFO: [Physopt 32-663] Processed net q_memory_reg_n_0_[158][1].  Re-placed instance q_memory_reg[158][1]
INFO: [Physopt 32-735] Processed net q_memory_reg_n_0_[158][1]. Optimization improves timing on the net.
INFO: [Physopt 32-619] Estimated Timing Summary | WNS=-0.319 | TNS=-742.589 |
INFO: [Physopt 32-663] Processed net q_memory_reg_n_0_[158][3].  Re-placed instance q_memory_reg[158][3]
INFO: [Physopt 32-735] Processed net q_memory_reg_n_0_[158][3]. Optimization improves timing on the net.
INFO: [Physopt 32-619] Estimated Timing Summary | WNS=-0.317 | TNS=-742.539 |
INFO: [Physopt 32-663] Processed net i_memory_reg_n_0_[158][4].  Re-placed instance i_memory_reg[158][4]
INFO: [Physopt 32-735] Processed net i_memory_reg_n_0_[158][4]. Optimization improves timing on the net.
INFO: [Physopt 32-619] Estimated Timing Summary | WNS=-0.317 | TNS=-742.491 |
INFO: [Physopt 32-663] Processed net q_memory_reg_n_0_[158][0].  Re-placed instance q_memory_reg[158][0]
INFO: [Physopt 32-735] Processed net q_memory_reg_n_0_[158][0]. Optimization improves timing on the net.
INFO: [Physopt 32-619] Estimated Timing Summary | WNS=-0.317 | TNS=-742.443 |
INFO: [Physopt 32-663] Processed net q_memory_reg_n_0_[158][2].  Re-placed instance q_memory_reg[158][2]
INFO: [Physopt 32-735] Processed net q_memory_reg_n_0_[158][2]. Optimization improves timing on the net.
INFO: [Physopt 32-619] Estimated Timing Summary | WNS=-0.317 | TNS=-742.433 |
INFO: [Physopt 32-663] Processed net q_memory_reg_n_0_[158][4].  Re-placed instance q_memory_reg[158][4]
INFO: [Physopt 32-735] Processed net q_memory_reg_n_0_[158][4]. Optimization improves timing on the net.
INFO: [Physopt 32-619] Estimated Timing Summary | WNS=-0.316 | TNS=-742.422 |
INFO: [Physopt 32-702] Processed net q_memory_reg_n_0_[361][1]. Optimizations did not improve timing on the net.
INFO: [Physopt 32-81] Processed net load_count[4]. Replicated 3 times.
INFO: [Physopt 32-735] Processed net load_count[4]. Optimization improves timing on the net.
INFO: [Physopt 32-619] Estimated Timing Summary | WNS=-0.311 | TNS=-711.790 |
INFO: [Physopt 32-663] Processed net q_memory_reg_n_0_[24][3].  Re-placed instance q_memory_reg[24][3]
INFO: [Physopt 32-735] Processed net q_memory_reg_n_0_[24][3]. Optimization improves timing on the net.
INFO: [Physopt 32-619] Estimated Timing Summary | WNS=-0.307 | TNS=-711.741 |
INFO: [Physopt 32-663] Processed net q_memory_reg_n_0_[158][2].  Re-placed instance q_memory_reg[158][2]
INFO: [Physopt 32-735] Processed net q_memory_reg_n_0_[158][2]. Optimization improves timing on the net.
INFO: [Physopt 32-619] Estimated Timing Summary | WNS=-0.307 | TNS=-711.737 |
INFO: [Physopt 32-663] Processed net q_memory_reg_n_0_[158][4].  Re-placed instance q_memory_reg[158][4]
INFO: [Physopt 32-735] Processed net q_memory_reg_n_0_[158][4]. Optimization improves timing on the net.
INFO: [Physopt 32-619] Estimated Timing Summary | WNS=-0.307 | TNS=-711.724 |
INFO: [Physopt 32-663] Processed net q_memory_reg_n_0_[177][2].  Re-placed instance q_memory_reg[177][2]
INFO: [Physopt 32-735] Processed net q_memory_reg_n_0_[177][2]. Optimization improves timing on the net.
INFO: [Physopt 32-619] Estimated Timing Summary | WNS=-0.307 | TNS=-711.675 |
INFO: [Physopt 32-663] Processed net q_memory_reg_n_0_[177][3].  Re-placed instance q_memory_reg[177][3]
INFO: [Physopt 32-735] Processed net q_memory_reg_n_0_[177][3]. Optimization improves timing on the net.
INFO: [Physopt 32-619] Estimated Timing Summary | WNS=-0.306 | TNS=-711.626 |
INFO: [Physopt 32-663] Processed net q_memory_reg_n_0_[148][0].  Re-placed instance q_memory_reg[148][0]
INFO: [Physopt 32-735] Processed net q_memory_reg_n_0_[148][0]. Optimization improves timing on the net.
INFO: [Physopt 32-619] Estimated Timing Summary | WNS=-0.305 | TNS=-711.624 |
INFO: [Physopt 32-663] Processed net i_memory_reg_n_0_[86][3].  Re-placed instance i_memory_reg[86][3]
INFO: [Physopt 32-735] Processed net i_memory_reg_n_0_[86][3]. Optimization improves timing on the net.
INFO: [Physopt 32-619] Estimated Timing Summary | WNS=-0.305 | TNS=-711.526 |
INFO: [Physopt 32-663] Processed net i_memory_reg_n_0_[86][4].  Re-placed instance i_memory_reg[86][4]
INFO: [Physopt 32-735] Processed net i_memory_reg_n_0_[86][4]. Optimization improves timing on the net.
INFO: [Physopt 32-619] Estimated Timing Summary | WNS=-0.305 | TNS=-711.428 |
INFO: [Physopt 32-663] Processed net q_memory_reg_n_0_[86][0].  Re-placed instance q_memory_reg[86][0]
INFO: [Physopt 32-735] Processed net q_memory_reg_n_0_[86][0]. Optimization improves timing on the net.
INFO: [Physopt 32-619] Estimated Timing Summary | WNS=-0.305 | TNS=-711.330 |
INFO: [Physopt 32-663] Processed net q_memory_reg_n_0_[86][1].  Re-placed instance q_memory_reg[86][1]
INFO: [Physopt 32-735] Processed net q_memory_reg_n_0_[86][1]. Optimization improves timing on the net.
INFO: [Physopt 32-619] Estimated Timing Summary | WNS=-0.304 | TNS=-711.232 |
INFO: [Physopt 32-702] Processed net i_memory_reg_n_0_[148][4]. Optimizations did not improve timing on the net.
INFO: [Physopt 32-702] Processed net load_count[5]. Optimizations did not improve timing on the net.
INFO: [Physopt 32-608] Optimized 1 net.  Swapped 60 pins.
INFO: [Physopt 32-735] Processed net i_memory[0][4]_i_3_n_0. Optimization improves timing on the net.
INFO: [Physopt 32-619] Estimated Timing Summary | WNS=-0.303 | TNS=-710.837 |
INFO: [Physopt 32-663] Processed net i_memory_reg_n_0_[157][0].  Re-placed instance i_memory_reg[157][0]
INFO: [Physopt 32-735] Processed net i_memory_reg_n_0_[157][0]. Optimization improves timing on the net.
INFO: [Physopt 32-619] Estimated Timing Summary | WNS=-0.303 | TNS=-710.791 |
INFO: [Physopt 32-663] Processed net i_memory_reg_n_0_[157][2].  Re-placed instance i_memory_reg[157][2]
INFO: [Physopt 32-735] Processed net i_memory_reg_n_0_[157][2]. Optimization improves timing on the net.
INFO: [Physopt 32-619] Estimated Timing Summary | WNS=-0.303 | TNS=-710.745 |
INFO: [Physopt 32-619] Estimated Timing Summary | WNS=-0.303 | TNS=-710.745 |
Phase 3 Critical Path Optimization | Checksum: 2072739de

Time (s): cpu = 00:00:09 ; elapsed = 00:00:06 . Memory (MB): peak = 5273.539 ; gain = 0.000 ; free physical = 104069 ; free virtual = 228899

Phase 4 Critical Path Optimization
INFO: [Physopt 32-619] Estimated Timing Summary | WNS=-0.303 | TNS=-710.745 |
INFO: [Physopt 32-663] Processed net q_memory_reg_n_0_[157][0].  Re-placed instance q_memory_reg[157][0]
INFO: [Physopt 32-735] Processed net q_memory_reg_n_0_[157][0]. Optimization improves timing on the net.
INFO: [Physopt 32-619] Estimated Timing Summary | WNS=-0.303 | TNS=-710.699 |
INFO: [Physopt 32-663] Processed net q_memory_reg_n_0_[157][2].  Re-placed instance q_memory_reg[157][2]
INFO: [Physopt 32-735] Processed net q_memory_reg_n_0_[157][2]. Optimization improves timing on the net.
INFO: [Physopt 32-619] Estimated Timing Summary | WNS=-0.302 | TNS=-710.653 |
INFO: [Physopt 32-702] Processed net q_memory_reg_n_0_[207][0]. Optimizations did not improve timing on the net.
INFO: [Physopt 32-81] Processed net load_count[8]. Replicated 9 times.
INFO: [Physopt 32-735] Processed net load_count[8]. Optimization improves timing on the net.
INFO: [Physopt 32-619] Estimated Timing Summary | WNS=-0.301 | TNS=-686.481 |
INFO: [Physopt 32-702] Processed net i_memory_reg_n_0_[148][4]. Optimizations did not improve timing on the net.
INFO: [Physopt 32-81] Processed net load_count[6]. Replicated 4 times.
INFO: [Physopt 32-735] Processed net load_count[6]. Optimization improves timing on the net.
INFO: [Physopt 32-619] Estimated Timing Summary | WNS=-0.299 | TNS=-680.853 |
INFO: [Physopt 32-663] Processed net i_memory_reg_n_0_[8][4].  Re-placed instance i_memory_reg[8][4]
INFO: [Physopt 32-735] Processed net i_memory_reg_n_0_[8][4]. Optimization improves timing on the net.
INFO: [Physopt 32-619] Estimated Timing Summary | WNS=-0.299 | TNS=-680.816 |
INFO: [Physopt 32-702] Processed net q_memory_reg_n_0_[8][3]. Optimizations did not improve timing on the net.
INFO: [Physopt 32-702] Processed net load_count[7]. Optimizations did not improve timing on the net.
INFO: [Physopt 32-702] Processed net i_memory[0][4]_i_2_n_0. Optimizations did not improve timing on the net.
INFO: [Physopt 32-702] Processed net i_memory[8][4]_i_1_n_0. Optimizations did not improve timing on the net.
INFO: [Physopt 32-702] Processed net ap_clk_IBUF_inst/OUT. Optimizations did not improve timing on the net.
INFO: [Physopt 32-702] Processed net ap_clk. Optimizations did not improve timing on the net.
INFO: [Physopt 32-702] Processed net q_memory_reg_n_0_[8][3]. Optimizations did not improve timing on the net.
INFO: [Physopt 32-702] Processed net load_count[7]. Optimizations did not improve timing on the net.
INFO: [Physopt 32-702] Processed net i_memory[0][4]_i_2_n_0. Optimizations did not improve timing on the net.
INFO: [Physopt 32-702] Processed net i_memory[8][4]_i_1_n_0. Optimizations did not improve timing on the net.
INFO: [Physopt 32-702] Processed net ap_clk_IBUF_inst/OUT. Optimizations did not improve timing on the net.
INFO: [Physopt 32-702] Processed net ap_clk. Optimizations did not improve timing on the net.
INFO: [Physopt 32-619] Estimated Timing Summary | WNS=-0.299 | TNS=-680.816 |
Phase 4 Critical Path Optimization | Checksum: 2072739de

Time (s): cpu = 00:00:25 ; elapsed = 00:00:13 . Memory (MB): peak = 5273.539 ; gain = 0.000 ; free physical = 104135 ; free virtual = 228965
Netlist sorting complete. Time (s): cpu = 00:00:00.01 ; elapsed = 00:00:00.01 . Memory (MB): peak = 5273.539 ; gain = 0.000 ; free physical = 104135 ; free virtual = 228965
Netlist sorting complete. Time (s): cpu = 00:00:00 ; elapsed = 00:00:00 . Memory (MB): peak = 5273.539 ; gain = 0.000 ; free physical = 104103 ; free virtual = 228934
INFO: [Physopt 32-603] Post Physical Optimization Timing Summary | WNS=-0.299 | TNS=-680.816 |

Summary of Physical Synthesis Optimizations
============================================


-------------------------------------------------------------------------------------------------------------------------------------------------------------
|  Optimization   |  WNS Gain (ns)  |  TNS Gain (ns)  |  Added Cells  |  Removed Cells  |  Optimized Cells/Nets  |  Dont Touch  |  Iterations  |  Elapsed   |
-------------------------------------------------------------------------------------------------------------------------------------------------------------
|  DSP Register   |          0.000  |          0.000  |            0  |              0  |                     0  |           0  |           1  |  00:00:00  |
|  Critical Path  |          0.020  |         61.823  |           16  |              0  |                    25  |           0  |           2  |  00:00:11  |
|  Total          |          0.020  |         61.823  |           16  |              0  |                    25  |           0  |           3  |  00:00:11  |
-------------------------------------------------------------------------------------------------------------------------------------------------------------


Netlist sorting complete. Time (s): cpu = 00:00:00 ; elapsed = 00:00:00 . Memory (MB): peak = 5273.539 ; gain = 0.000 ; free physical = 104103 ; free virtual = 228934
Ending Physical Synthesis Task | Checksum: 352b3f26d

Time (s): cpu = 00:00:26 ; elapsed = 00:00:13 . Memory (MB): peak = 5273.539 ; gain = 0.000 ; free physical = 104103 ; free virtual = 228934
INFO: [Common 17-83] Releasing license: Implementation
183 Infos, 0 Warnings, 0 Critical Warnings and 0 Errors encountered.
phys_opt_design completed successfully
phys_opt_design: Time (s): cpu = 00:00:28 ; elapsed = 00:00:14 . Memory (MB): peak = 5273.539 ; gain = 0.000 ; free physical = 104173 ; free virtual = 229003
INFO: [Timing 38-480] Writing timing data to binary archive.
Writing XDEF routing.
Writing XDEF routing logical nets.
Writing XDEF routing special nets.
Write XDEF Complete: Time (s): cpu = 00:00:01 ; elapsed = 00:00:00.43 . Memory (MB): peak = 5273.539 ; gain = 0.000 ; free physical = 104156 ; free virtual = 229000
INFO: [Common 17-1381] The checkpoint '/mnt/vault1/mfaroo19/LUNA/quantum-net-final/latency-opt/lat-opt-classifer/lat-opt-classifier.runs/impl_1/nn_classifier_wrapper_physopt.dcp' has been generated.
Command: route_design
Attempting to get a license for feature 'Implementation' and/or device 'xczu49dr'
INFO: [Common 17-349] Got license for feature 'Implementation' and/or device 'xczu49dr'
INFO: [Common 17-1540] The version limit for your license is '2024.12' and has expired for new software. A version limit expiration means that, although you may be able to continue to use the current version of tools or IP with this license, you will not be eligible for new releases.
INFO: [DRC 23-27] Running DRC with 8 threads
INFO: [Vivado_Tcl 4-198] DRC finished with 0 Errors
INFO: [Vivado_Tcl 4-199] Please refer to the DRC report (report_drc) for more information.
Running DRC as a precondition to command route_design
INFO: [DRC 23-27] Running DRC with 8 threads
INFO: [Vivado_Tcl 4-198] DRC finished with 0 Errors
INFO: [Vivado_Tcl 4-199] Please refer to the DRC report (report_drc) for more information.


Starting Routing Task
INFO: [Route 35-254] Multithreading enabled for route_design using a maximum of 8 CPUs

Phase 1 Build RT Design
Checksum: PlaceDB: c1ed40ac ConstDB: 0 ShapeSum: f31cea9f RouteDB: c0c6c08d
Nodegraph reading from file.  Time (s): cpu = 00:00:00.83 ; elapsed = 00:00:00.92 . Memory (MB): peak = 5273.539 ; gain = 0.000 ; free physical = 103861 ; free virtual = 228695
Post Restoration Checksum: NetGraph: a5cf14d2 NumContArr: 2a40c8df Constraints: eb6b4344 Timing: 0
Phase 1 Build RT Design | Checksum: 1bb7b20f5

Time (s): cpu = 00:00:09 ; elapsed = 00:00:07 . Memory (MB): peak = 5273.539 ; gain = 0.000 ; free physical = 103920 ; free virtual = 228754

Phase 2 Router Initialization

Phase 2.1 Fix Topology Constraints
Phase 2.1 Fix Topology Constraints | Checksum: 1bb7b20f5

Time (s): cpu = 00:00:10 ; elapsed = 00:00:07 . Memory (MB): peak = 5273.539 ; gain = 0.000 ; free physical = 103842 ; free virtual = 228676

Phase 2.2 Pre Route Cleanup
Phase 2.2 Pre Route Cleanup | Checksum: 1bb7b20f5

Time (s): cpu = 00:00:10 ; elapsed = 00:00:07 . Memory (MB): peak = 5273.539 ; gain = 0.000 ; free physical = 103842 ; free virtual = 228676

Phase 2.3 Global Clock Net Routing
 Number of Nodes with overlaps = 0
Phase 2.3 Global Clock Net Routing | Checksum: 24058e521

Time (s): cpu = 00:00:11 ; elapsed = 00:00:08 . Memory (MB): peak = 5396.543 ; gain = 123.004 ; free physical = 103576 ; free virtual = 228410

Phase 2.4 Update Timing
Phase 2.4 Update Timing | Checksum: 372381c7a

Time (s): cpu = 00:00:13 ; elapsed = 00:00:09 . Memory (MB): peak = 5396.543 ; gain = 123.004 ; free physical = 103547 ; free virtual = 228381
INFO: [Route 35-416] Intermediate Timing Summary | WNS=-0.205 | TNS=-146.971| WHS=-0.043 | THS=-0.082 |


Router Utilization Summary
  Global Vertical Routing Utilization    = 0 %
  Global Horizontal Routing Utilization  = 0 %
  Routable Net Status*
  *Does not include unroutable nets such as driverless and loadless.
  Run report_route_status for detailed report.
  Number of Failed Nets               = 10812
    (Failed Nets is the sum of unrouted and partially routed nets)
  Number of Unrouted Nets             = 9973
  Number of Partially Routed Nets     = 839
  Number of Node Overlaps             = 0

Phase 2 Router Initialization | Checksum: 3acb53b04

Time (s): cpu = 00:00:19 ; elapsed = 00:00:11 . Memory (MB): peak = 5406.223 ; gain = 132.684 ; free physical = 103368 ; free virtual = 228202

Phase 3 Initial Routing

Phase 3.1 Global Routing
Phase 3.1 Global Routing | Checksum: 3acb53b04

Time (s): cpu = 00:00:19 ; elapsed = 00:00:11 . Memory (MB): peak = 5406.223 ; gain = 132.684 ; free physical = 103375 ; free virtual = 228209
Phase 3 Initial Routing | Checksum: 262b0f548

Time (s): cpu = 00:00:23 ; elapsed = 00:00:12 . Memory (MB): peak = 5406.223 ; gain = 132.684 ; free physical = 103360 ; free virtual = 228194
INFO: [Route 35-580] Design has 1 pins with tight setup and hold constraints.

The top 5 pins with tight setup and hold constraints:

+====================+===================+===========================================================+
| Launch Setup Clock | Launch Hold Clock | Pin                                                       |
+====================+===================+===========================================================+
| ap_clk             | ap_clk            | u_nn_accelerator/u_sum_signed_i1/reduce_layer184_reg[5]/D |
+--------------------+-------------------+-----------------------------------------------------------+

File with complete list of pins: tight_setup_hold_pins.txt


Phase 4 Rip-up And Reroute

Phase 4.1 Global Iteration 0
 Number of Nodes with overlaps = 2271
 Number of Nodes with overlaps = 443
 Number of Nodes with overlaps = 125
 Number of Nodes with overlaps = 44
 Number of Nodes with overlaps = 10
 Number of Nodes with overlaps = 5
 Number of Nodes with overlaps = 2
 Number of Nodes with overlaps = 2
 Number of Nodes with overlaps = 1
 Number of Nodes with overlaps = 1
 Number of Nodes with overlaps = 1
 Number of Nodes with overlaps = 1
 Number of Nodes with overlaps = 1
 Number of Nodes with overlaps = 1
 Number of Nodes with overlaps = 1
 Number of Nodes with overlaps = 1
 Number of Nodes with overlaps = 1
 Number of Nodes with overlaps = 1
 Number of Nodes with overlaps = 0
INFO: [Route 35-416] Intermediate Timing Summary | WNS=-0.460 | TNS=-862.966| WHS=0.009  | THS=0.000  |

Phase 4.1 Global Iteration 0 | Checksum: 26af8c3d3

Time (s): cpu = 00:00:46 ; elapsed = 00:00:27 . Memory (MB): peak = 5422.230 ; gain = 148.691 ; free physical = 103822 ; free virtual = 228656

Phase 4.2 Global Iteration 1
 Number of Nodes with overlaps = 416
 Number of Nodes with overlaps = 102
 Number of Nodes with overlaps = 36
 Number of Nodes with overlaps = 10
 Number of Nodes with overlaps = 10
 Number of Nodes with overlaps = 3
 Number of Nodes with overlaps = 2
 Number of Nodes with overlaps = 2
 Number of Nodes with overlaps = 3
 Number of Nodes with overlaps = 3
 Number of Nodes with overlaps = 2
 Number of Nodes with overlaps = 1
 Number of Nodes with overlaps = 1
 Number of Nodes with overlaps = 0
INFO: [Route 35-416] Intermediate Timing Summary | WNS=-0.379 | TNS=-860.549| WHS=N/A    | THS=N/A    |

Phase 4.2 Global Iteration 1 | Checksum: 27b67d3ce

Time (s): cpu = 00:00:59 ; elapsed = 00:00:38 . Memory (MB): peak = 5422.230 ; gain = 148.691 ; free physical = 103968 ; free virtual = 228802

Phase 4.3 Global Iteration 2
 Number of Nodes with overlaps = 358
 Number of Nodes with overlaps = 53
 Number of Nodes with overlaps = 11
 Number of Nodes with overlaps = 4
 Number of Nodes with overlaps = 2
 Number of Nodes with overlaps = 1
 Number of Nodes with overlaps = 1
 Number of Nodes with overlaps = 1
 Number of Nodes with overlaps = 0
INFO: [Route 35-416] Intermediate Timing Summary | WNS=-0.386 | TNS=-833.763| WHS=N/A    | THS=N/A    |

Phase 4.3 Global Iteration 2 | Checksum: 1ea4b56d1

Time (s): cpu = 00:01:06 ; elapsed = 00:00:44 . Memory (MB): peak = 5422.230 ; gain = 148.691 ; free physical = 104008 ; free virtual = 228842
Phase 4 Rip-up And Reroute | Checksum: 1ea4b56d1

Time (s): cpu = 00:01:06 ; elapsed = 00:00:44 . Memory (MB): peak = 5422.230 ; gain = 148.691 ; free physical = 104008 ; free virtual = 228842

Phase 5 Delay and Skew Optimization

Phase 5.1 Delay CleanUp

Phase 5.1.1 Update Timing
Phase 5.1.1 Update Timing | Checksum: 231912ee5

Time (s): cpu = 00:01:08 ; elapsed = 00:00:44 . Memory (MB): peak = 5422.230 ; gain = 148.691 ; free physical = 104025 ; free virtual = 228859
INFO: [Route 35-416] Intermediate Timing Summary | WNS=-0.379 | TNS=-860.549| WHS=0.009  | THS=0.000  |


Phase 5.1.2 Update Timing
Phase 5.1.2 Update Timing | Checksum: 2af8b8632

Time (s): cpu = 00:01:09 ; elapsed = 00:00:45 . Memory (MB): peak = 5422.230 ; gain = 148.691 ; free physical = 104025 ; free virtual = 228859
INFO: [Route 35-416] Intermediate Timing Summary | WNS=-0.379 | TNS=-860.549| WHS=0.009  | THS=0.000  |

 Number of Nodes with overlaps = 0
Phase 5.1 Delay CleanUp | Checksum: 21dc14327

Time (s): cpu = 00:01:10 ; elapsed = 00:00:45 . Memory (MB): peak = 5422.230 ; gain = 148.691 ; free physical = 104019 ; free virtual = 228854

Phase 5.2 Clock Skew Optimization
Phase 5.2 Clock Skew Optimization | Checksum: 21dc14327

Time (s): cpu = 00:01:10 ; elapsed = 00:00:45 . Memory (MB): peak = 5422.230 ; gain = 148.691 ; free physical = 104020 ; free virtual = 228854
Phase 5 Delay and Skew Optimization | Checksum: 21dc14327

Time (s): cpu = 00:01:10 ; elapsed = 00:00:45 . Memory (MB): peak = 5422.230 ; gain = 148.691 ; free physical = 104025 ; free virtual = 228859

Phase 6 Post Hold Fix

Phase 6.1 Hold Fix Iter

Phase 6.1.1 Update Timing
Phase 6.1.1 Update Timing | Checksum: 1b6a7cb70

Time (s): cpu = 00:01:12 ; elapsed = 00:00:46 . Memory (MB): peak = 5422.230 ; gain = 148.691 ; free physical = 104028 ; free virtual = 228862
INFO: [Route 35-416] Intermediate Timing Summary | WNS=-0.379 | TNS=-858.935| WHS=0.009  | THS=0.000  |

Phase 6.1 Hold Fix Iter | Checksum: 1b6a7cb70

Time (s): cpu = 00:01:12 ; elapsed = 00:00:46 . Memory (MB): peak = 5422.230 ; gain = 148.691 ; free physical = 104020 ; free virtual = 228855
Phase 6 Post Hold Fix | Checksum: 1b6a7cb70

Time (s): cpu = 00:01:12 ; elapsed = 00:00:46 . Memory (MB): peak = 5422.230 ; gain = 148.691 ; free physical = 104021 ; free virtual = 228855

Phase 7 Route finalize

Router Utilization Summary
  Global Vertical Routing Utilization    = 0.364165 %
  Global Horizontal Routing Utilization  = 0.35636 %
  Routable Net Status*
  *Does not include unroutable nets such as driverless and loadless.
  Run report_route_status for detailed report.
  Number of Failed Nets               = 0
    (Failed Nets is the sum of unrouted and partially routed nets)
  Number of Unrouted Nets             = 0
  Number of Partially Routed Nets     = 0
  Number of Node Overlaps             = 0

Congestion Report
North Dir 1x1 Area, Max Cong = 83.5681%, No Congested Regions.
South Dir 1x1 Area, Max Cong = 85.3081%, Congestion bounded by tiles (Lower Left Tile -> Upper Right Tile):
   INT_X65Y338 -> INT_X65Y338
East Dir 1x1 Area, Max Cong = 81.7308%, No Congested Regions.
West Dir 1x1 Area, Max Cong = 88.4615%, Congestion bounded by tiles (Lower Left Tile -> Upper Right Tile):
   INT_X62Y332 -> INT_X62Y332

------------------------------
Reporting congestion hotspots
------------------------------
Direction: North
----------------
Congested clusters found at Level 0
Effective congestion level: 0 Aspect Ratio: 1 Sparse Ratio: 0
Direction: South
----------------
Congested clusters found at Level 0
Effective congestion level: 0 Aspect Ratio: 1 Sparse Ratio: 1
Direction: East
----------------
Congested clusters found at Level 0
Effective congestion level: 0 Aspect Ratio: 1 Sparse Ratio: 0
Direction: West
----------------
Congested clusters found at Level 0
Effective congestion level: 0 Aspect Ratio: 1 Sparse Ratio: 1

Phase 7 Route finalize | Checksum: 1c6aac1c8

Time (s): cpu = 00:01:12 ; elapsed = 00:00:46 . Memory (MB): peak = 5422.230 ; gain = 148.691 ; free physical = 104041 ; free virtual = 228875

Phase 8 Verifying routed nets

 Verification completed successfully
Phase 8 Verifying routed nets | Checksum: 1c6aac1c8

Time (s): cpu = 00:01:12 ; elapsed = 00:00:46 . Memory (MB): peak = 5422.230 ; gain = 148.691 ; free physical = 104037 ; free virtual = 228871

Phase 9 Depositing Routes
Phase 9 Depositing Routes | Checksum: 1c6aac1c8

Time (s): cpu = 00:01:13 ; elapsed = 00:00:46 . Memory (MB): peak = 5422.230 ; gain = 148.691 ; free physical = 104039 ; free virtual = 228873

Phase 10 Resolve XTalk
Phase 10 Resolve XTalk | Checksum: 1c6aac1c8

Time (s): cpu = 00:01:13 ; elapsed = 00:00:46 . Memory (MB): peak = 5422.230 ; gain = 148.691 ; free physical = 104039 ; free virtual = 228873

Phase 11 Post Router Timing
INFO: [Route 35-57] Estimated Timing Summary | WNS=-0.379 | TNS=-858.935| WHS=0.009  | THS=0.000  |

WARNING: [Route 35-328] Router estimated timing not met.
Resolution: For a complete and accurate timing signoff, report_timing_summary must be run after route_design. Alternatively, route_design can be run with the -timing_summary option to enable a complete timing signoff at the end of route_design.
Phase 11 Post Router Timing | Checksum: 1c6aac1c8

Time (s): cpu = 00:01:14 ; elapsed = 00:00:47 . Memory (MB): peak = 5422.230 ; gain = 148.691 ; free physical = 104041 ; free virtual = 228875
Time taken to check if laguna hold fix is required (in secs): 0

Phase 12 Physical Synthesis in Router

Phase 12.1 Physical Synthesis Initialization
INFO: [Physopt 32-668] Current Timing Summary | WNS=-0.379 | TNS=-857.115 | WHS=0.009 | THS=0.000 |
Phase 12.1 Physical Synthesis Initialization | Checksum: 1c6aac1c8

Time (s): cpu = 00:01:25 ; elapsed = 00:00:55 . Memory (MB): peak = 5422.230 ; gain = 148.691 ; free physical = 104093 ; free virtual = 228927

Phase 12.2 Critical Path Optimization
INFO: [Physopt 32-668] Current Timing Summary | WNS=-0.379 | TNS=-857.115 | WHS=0.009 | THS=0.000 |
INFO: [Physopt 32-952] Improved path group WNS = -0.378. Path group: ap_clk. Processed net: i_memory_reg_n_0_[32][2].
INFO: [Physopt 32-952] Improved path group WNS = -0.377. Path group: ap_clk. Processed net: q_memory_reg_n_0_[8][3].
INFO: [Physopt 32-952] Improved path group WNS = -0.373. Path group: ap_clk. Processed net: i_memory_reg_n_0_[113][1].
INFO: [Physopt 32-952] Improved path group WNS = -0.368. Path group: ap_clk. Processed net: i_memory_reg_n_0_[108][1].
INFO: [Physopt 32-952] Improved path group WNS = -0.364. Path group: ap_clk. Processed net: i_memory_reg_n_0_[140][3].
INFO: [Physopt 32-952] Improved path group WNS = -0.361. Path group: ap_clk. Processed net: i_memory_reg_n_0_[8][0].
INFO: [Physopt 32-952] Improved path group WNS = -0.356. Path group: ap_clk. Processed net: i_memory_reg_n_0_[330][3].
INFO: [Physopt 32-952] Improved path group WNS = -0.356. Path group: ap_clk. Processed net: i_memory_reg_n_0_[300][3].
INFO: [Physopt 32-952] Improved path group WNS = -0.356. Path group: ap_clk. Processed net: i_memory_reg_n_0_[300][1].
INFO: [Physopt 32-952] Improved path group WNS = -0.356. Path group: ap_clk. Processed net: q_memory_reg_n_0_[177][2].
INFO: [Physopt 32-952] Improved path group WNS = -0.354. Path group: ap_clk. Processed net: i_memory_reg_n_0_[59][1].
INFO: [Physopt 32-952] Improved path group WNS = -0.349. Path group: ap_clk. Processed net: i_memory_reg_n_0_[140][0].
INFO: [Physopt 32-952] Improved path group WNS = -0.348. Path group: ap_clk. Processed net: i_memory_reg_n_0_[51][4].
INFO: [Physopt 32-953] Path group WNS did not improve. Path group: ap_clk. Processed net: i_memory_reg_n_0_[179][2].
INFO: [Physopt 32-953] Path group WNS did not improve. Path group: ap_clk. Processed net: load_count[5].
INFO: [Physopt 32-953] Path group WNS did not improve. Path group: ap_clk. Processed net: i_memory[49][4]_i_2_n_0.
INFO: [Physopt 32-668] Current Timing Summary | WNS=-0.348 | TNS=-819.632 | WHS=0.001 | THS=0.000 |
Phase 12.2 Critical Path Optimization | Checksum: 1348872a3

Time (s): cpu = 00:01:27 ; elapsed = 00:00:56 . Memory (MB): peak = 5422.230 ; gain = 148.691 ; free physical = 103984 ; free virtual = 228818
Netlist sorting complete. Time (s): cpu = 00:00:00 ; elapsed = 00:00:00 . Memory (MB): peak = 5422.230 ; gain = 0.000 ; free physical = 103984 ; free virtual = 228818
INFO: [Physopt 32-669] Post Physical Optimization Timing Summary | WNS=-0.348 | TNS=-819.632 | WHS=0.001 | THS=0.000 |
Phase 12 Physical Synthesis in Router | Checksum: 1348872a3

Time (s): cpu = 00:01:27 ; elapsed = 00:00:57 . Memory (MB): peak = 5422.230 ; gain = 148.691 ; free physical = 104011 ; free virtual = 228845
INFO: [Route 35-16] Router Completed Successfully

Time (s): cpu = 00:01:28 ; elapsed = 00:00:57 . Memory (MB): peak = 5422.230 ; gain = 148.691 ; free physical = 104136 ; free virtual = 228970
INFO: [Common 17-83] Releasing license: Implementation
225 Infos, 1 Warnings, 0 Critical Warnings and 0 Errors encountered.
route_design completed successfully
route_design: Time (s): cpu = 00:01:30 ; elapsed = 00:00:58 . Memory (MB): peak = 5422.230 ; gain = 148.691 ; free physical = 104136 ; free virtual = 228970
INFO: [Timing 38-480] Writing timing data to binary archive.
Writing XDEF routing.
Writing XDEF routing logical nets.
Writing XDEF routing special nets.
Write XDEF Complete: Time (s): cpu = 00:00:01 ; elapsed = 00:00:00.48 . Memory (MB): peak = 5422.438 ; gain = 0.207 ; free physical = 104099 ; free virtual = 228949
INFO: [Common 17-1381] The checkpoint '/mnt/vault1/mfaroo19/LUNA/quantum-net-final/latency-opt/lat-opt-classifer/lat-opt-classifier.runs/impl_1/nn_classifier_wrapper_routed.dcp' has been generated.
INFO: [runtcl-4] Executing : report_drc -file nn_classifier_wrapper_drc_routed.rpt -pb nn_classifier_wrapper_drc_routed.pb -rpx nn_classifier_wrapper_drc_routed.rpx
Command: report_drc -file nn_classifier_wrapper_drc_routed.rpt -pb nn_classifier_wrapper_drc_routed.pb -rpx nn_classifier_wrapper_drc_routed.rpx
INFO: [IP_Flow 19-1839] IP Catalog is up to date.
INFO: [DRC 23-27] Running DRC with 8 threads
INFO: [Vivado_Tcl 2-168] The results of DRC are in file /mnt/vault1/mfaroo19/LUNA/quantum-net-final/latency-opt/lat-opt-classifer/lat-opt-classifier.runs/impl_1/nn_classifier_wrapper_drc_routed.rpt.
report_drc completed successfully
INFO: [runtcl-4] Executing : report_methodology -file nn_classifier_wrapper_methodology_drc_routed.rpt -pb nn_classifier_wrapper_methodology_drc_routed.pb -rpx nn_classifier_wrapper_methodology_drc_routed.rpx
Command: report_methodology -file nn_classifier_wrapper_methodology_drc_routed.rpt -pb nn_classifier_wrapper_methodology_drc_routed.pb -rpx nn_classifier_wrapper_methodology_drc_routed.rpx
INFO: [Timing 38-35] Done setting XDC timing constraints.
INFO: [DRC 23-133] Running Methodology with 8 threads
INFO: [Vivado_Tcl 2-1520] The results of Report Methodology are in file /mnt/vault1/mfaroo19/LUNA/quantum-net-final/latency-opt/lat-opt-classifer/lat-opt-classifier.runs/impl_1/nn_classifier_wrapper_methodology_drc_routed.rpt.
report_methodology completed successfully
INFO: [runtcl-4] Executing : report_power -file nn_classifier_wrapper_power_routed.rpt -pb nn_classifier_wrapper_power_summary_routed.pb -rpx nn_classifier_wrapper_power_routed.rpx
Command: report_power -file nn_classifier_wrapper_power_routed.rpt -pb nn_classifier_wrapper_power_summary_routed.pb -rpx nn_classifier_wrapper_power_routed.rpx
INFO: [Timing 38-35] Done setting XDC timing constraints.
Running Vector-less Activity Propagation...

Finished Running Vector-less Activity Propagation
237 Infos, 1 Warnings, 0 Critical Warnings and 0 Errors encountered.
report_power completed successfully
INFO: [runtcl-4] Executing : report_route_status -file nn_classifier_wrapper_route_status.rpt -pb nn_classifier_wrapper_route_status.pb
INFO: [runtcl-4] Executing : report_timing_summary -max_paths 10 -report_unconstrained -file nn_classifier_wrapper_timing_summary_routed.rpt -pb nn_classifier_wrapper_timing_summary_routed.pb -rpx nn_classifier_wrapper_timing_summary_routed.rpx -warn_on_violation 
INFO: [Timing 38-91] UpdateTimingParams: Speed grade: -2, Temperature grade: E, Delay Type: min_max.
INFO: [Timing 38-191] Multithreading enabled for timing update using a maximum of 8 CPUs
CRITICAL WARNING: [Timing 38-282] The design failed to meet the timing requirements. Please see the timing summary report for details on the timing violations.
INFO: [runtcl-4] Executing : report_incremental_reuse -file nn_classifier_wrapper_incremental_reuse_routed.rpt
INFO: [Vivado_Tcl 4-1062] Incremental flow is disabled. No incremental reuse Info to report.
INFO: [runtcl-4] Executing : report_clock_utilization -file nn_classifier_wrapper_clock_utilization_routed.rpt
report_clock_utilization: Time (s): cpu = 00:00:05 ; elapsed = 00:00:06 . Memory (MB): peak = 5484.625 ; gain = 0.000 ; free physical = 104015 ; free virtual = 228859
INFO: [runtcl-4] Executing : report_bus_skew -warn_on_violation -file nn_classifier_wrapper_bus_skew_routed.rpt -pb nn_classifier_wrapper_bus_skew_routed.pb -rpx nn_classifier_wrapper_bus_skew_routed.rpx
INFO: [Timing 38-91] UpdateTimingParams: Speed grade: -2, Temperature grade: E, Delay Type: min_max.
INFO: [Timing 38-191] Multithreading enabled for timing update using a maximum of 8 CPUs
INFO: [Common 17-206] Exiting Vivado at Tue May 12 13:25:06 2026...
