Copyright 1986-2022 Xilinx, Inc. All Rights Reserved.
-----------------------------------------------------------------------------------------
| Tool Version      : Vivado v.2022.2 (lin64) Build 3671981 Fri Oct 14 04:59:54 MDT 2022
| Date              : Tue May 12 13:18:49 2026
| Host              : en4228283l running 64-bit Ubuntu 22.04.5 LTS
| Command           : report_timing_summary -file ./timing_project.rpt
| Design            : nn_classifier_wrapper
| Device            : xczu49dr-ffvf1760
| Speed File        : -2  PRODUCTION 1.32 01-31-2021
| Temperature Grade : E
-----------------------------------------------------------------------------------------

Timing Summary Report

------------------------------------------------------------------------------------------------
| Timer Settings
| --------------
------------------------------------------------------------------------------------------------

  Enable Multi Corner Analysis               :  Yes
  Enable Pessimism Removal                   :  Yes
  Pessimism Removal Resolution               :  Nearest Common Node
  Enable Input Delay Default Clock           :  No
  Enable Preset / Clear Arcs                 :  No
  Disable Flight Delays                      :  No
  Ignore I/O Paths                           :  No
  Timing Early Launch at Borrowing Latches   :  No
  Borrow Time for Max Delay Exceptions       :  Yes
  Merge Timing Exceptions                    :  Yes

  Corner  Analyze    Analyze    
  Name    Max Paths  Min Paths  
  ------  ---------  ---------  
  Slow    Yes        Yes        
  Fast    Yes        Yes        


------------------------------------------------------------------------------------------------
| Report Methodology
| ------------------
------------------------------------------------------------------------------------------------

No report available as report_methodology has not been run prior. Run report_methodology on the current design for the summary of methodology violations.



check_timing report

Table of Contents
-----------------
1. checking no_clock (0)
2. checking constant_clock (0)
3. checking pulse_width_clock (0)
4. checking unconstrained_internal_endpoints (0)
5. checking no_input_delay (13)
6. checking no_output_delay (16)
7. checking multiple_clock (0)
8. checking generated_clocks (0)
9. checking loops (0)
10. checking partial_input_delay (0)
11. checking partial_output_delay (0)
12. checking latch_loops (0)

1. checking no_clock (0)
------------------------
 There are 0 register/latch pins with no clock.


2. checking constant_clock (0)
------------------------------
 There are 0 register/latch pins with constant_clock.


3. checking pulse_width_clock (0)
---------------------------------
 There are 0 register/latch pins which need pulse_width check


4. checking unconstrained_internal_endpoints (0)
------------------------------------------------
 There are 0 pins that are not constrained for maximum delay.

 There are 0 pins that are not constrained for maximum delay due to constant clock.


5. checking no_input_delay (13)
-------------------------------
 There are 13 input ports with no input delay specified. (HIGH)

 There are 0 input ports with no input delay but user has a false path constraint.


6. checking no_output_delay (16)
--------------------------------
 There are 16 ports with no output delay specified. (HIGH)

 There are 0 ports with no output delay but user has a false path constraint

 There are 0 ports with no output delay but with a timing clock defined on it or propagating through it


7. checking multiple_clock (0)
------------------------------
 There are 0 register/latch pins with multiple clocks.


8. checking generated_clocks (0)
--------------------------------
 There are 0 generated clocks that are not connected to a clock source.


9. checking loops (0)
---------------------
 There are 0 combinational loops in the design.


10. checking partial_input_delay (0)
------------------------------------
 There are 0 input ports with partial input delay specified.


11. checking partial_output_delay (0)
-------------------------------------
 There are 0 ports with partial output delay specified.


12. checking latch_loops (0)
----------------------------
 There are 0 combinational latch loops in the design through latch input



------------------------------------------------------------------------------------------------
| Design Timing Summary
| ---------------------
------------------------------------------------------------------------------------------------

    WNS(ns)      TNS(ns)  TNS Failing Endpoints  TNS Total Endpoints      WHS(ns)      THS(ns)  THS Failing Endpoints  THS Total Endpoints     WPWS(ns)     TPWS(ns)  TPWS Failing Endpoints  TPWS Total Endpoints  
    -------      -------  ---------------------  -------------------      -------      -------  ---------------------  -------------------     --------     --------  ----------------------  --------------------  
     -0.567    -1528.746                   5003                 9738        0.016        0.000                      0                 9738       -0.290       -1.442                      19                  9699  


Timing constraints are not met.


------------------------------------------------------------------------------------------------
| Clock Summary
| -------------
------------------------------------------------------------------------------------------------

Clock   Waveform(ns)         Period(ns)      Frequency(MHz)
-----   ------------         ----------      --------------
ap_clk  {0.000 0.500}        1.000           1000.000        


------------------------------------------------------------------------------------------------
| Intra Clock Table
| -----------------
------------------------------------------------------------------------------------------------

Clock             WNS(ns)      TNS(ns)  TNS Failing Endpoints  TNS Total Endpoints      WHS(ns)      THS(ns)  THS Failing Endpoints  THS Total Endpoints     WPWS(ns)     TPWS(ns)  TPWS Failing Endpoints  TPWS Total Endpoints  
-----             -------      -------  ---------------------  -------------------      -------      -------  ---------------------  -------------------     --------     --------  ----------------------  --------------------  
ap_clk             -0.567    -1528.746                   5003                 9738        0.016        0.000                      0                 9738       -0.290       -1.442                      19                  9699  


------------------------------------------------------------------------------------------------
| Inter Clock Table
| -----------------
------------------------------------------------------------------------------------------------

From Clock    To Clock          WNS(ns)      TNS(ns)  TNS Failing Endpoints  TNS Total Endpoints      WHS(ns)      THS(ns)  THS Failing Endpoints  THS Total Endpoints  
----------    --------          -------      -------  ---------------------  -------------------      -------      -------  ---------------------  -------------------  


------------------------------------------------------------------------------------------------
| Other Path Groups Table
| -----------------------
------------------------------------------------------------------------------------------------

Path Group    From Clock    To Clock          WNS(ns)      TNS(ns)  TNS Failing Endpoints  TNS Total Endpoints      WHS(ns)      THS(ns)  THS Failing Endpoints  THS Total Endpoints  
----------    ----------    --------          -------      -------  ---------------------  -------------------      -------      -------  ---------------------  -------------------  


------------------------------------------------------------------------------------------------
| Timing Details
| --------------
------------------------------------------------------------------------------------------------


---------------------------------------------------------------------------------------------------
From Clock:  ap_clk
  To Clock:  ap_clk

Setup :         5003  Failing Endpoints,  Worst Slack       -0.567ns,  Total Violation    -1528.746ns
Hold  :            0  Failing Endpoints,  Worst Slack        0.016ns,  Total Violation        0.000ns
PW    :           19  Failing Endpoints,  Worst Slack       -0.290ns,  Total Violation       -1.442ns
---------------------------------------------------------------------------------------------------


Max Delay Paths
--------------------------------------------------------------------------------------
Slack (VIOLATED) :        -0.567ns  (required time - arrival time)
  Source:                 load_count_reg[3]_replica/C
                            (rising edge-triggered cell FDCE clocked by ap_clk  {rise@0.000ns fall@0.500ns period=1.000ns})
  Destination:            i_memory_reg[39][0]/CE
                            (rising edge-triggered cell FDRE clocked by ap_clk  {rise@0.000ns fall@0.500ns period=1.000ns})
  Path Group:             ap_clk
  Path Type:              Setup (Max at Slow Process Corner)
  Requirement:            1.000ns  (ap_clk rise@1.000ns - ap_clk rise@0.000ns)
  Data Path Delay:        1.412ns  (logic 0.324ns (22.943%)  route 1.088ns (77.057%))
  Logic Levels:           2  (LUT4=1 LUT6=1)
  Clock Path Skew:        -0.058ns (DCD - SCD + CPR)
    Destination Clock Delay (DCD):    2.298ns = ( 3.298 - 1.000 ) 
    Source Clock Delay      (SCD):    3.017ns
    Clock Pessimism Removal (CPR):    0.661ns
  Clock Uncertainty:      0.035ns  ((TSJ^2 + TIJ^2)^1/2 + DJ) / 2 + PE
    Total System Jitter     (TSJ):    0.071ns
    Total Input Jitter      (TIJ):    0.000ns
    Discrete Jitter          (DJ):    0.000ns
    Phase Error              (PE):    0.000ns
  Clock Net Delay (Source):      1.699ns (routing 0.760ns, distribution 0.939ns)
  Clock Net Delay (Destination): 1.527ns (routing 0.691ns, distribution 0.836ns)

    Location             Delay type                Incr(ns)  Path(ns)    Netlist Resource(s)
  -------------------------------------------------------------------    -------------------
                         (clock ap_clk rise edge)     0.000     0.000 r  
    K17                                               0.000     0.000 r  ap_clk (IN)
                         net (fo=0)                   0.000     0.000    ap_clk_IBUF_inst/I
    K17                  INBUF (Prop_INBUF_HDIOB_M_PAD_O)
                                                      1.086     1.086 r  ap_clk_IBUF_inst/INBUF_INST/O
                         net (fo=1, routed)           0.000     1.086    ap_clk_IBUF_inst/OUT
    K17                  IBUFCTRL (Prop_IBUFCTRL_HDIOB_M_I_O)
                                                      0.000     1.086 r  ap_clk_IBUF_inst/IBUFCTRL_INST/O
                         net (fo=1, routed)           0.204     1.290    ap_clk_IBUF
    BUFGCE_HDIO_X0Y4     BUFGCE (Prop_BUFCE_BUFGCE_HDIO_I_O)
                                                      0.028     1.318 r  ap_clk_IBUF_BUFG_inst/O
    X4Y3 (CLOCK_ROOT)    net (fo=9698, routed)        1.699     3.017    ap_clk_IBUF_BUFG
    SLICE_X107Y271       FDCE                                         r  load_count_reg[3]_replica/C
  -------------------------------------------------------------------    -------------------
    SLICE_X107Y271       FDCE (Prop_FFF_SLICEM_C_Q)
                                                      0.076     3.093 f  load_count_reg[3]_replica/Q
                         net (fo=40, routed)          0.440     3.533    load_count[3]_repN
    SLICE_X107Y263       LUT6 (Prop_A6LUT_SLICEM_I5_O)
                                                      0.125     3.658 r  i_memory[36][4]_i_2/O
                         net (fo=8, routed)           0.228     3.886    i_memory[36][4]_i_2_n_0
    SLICE_X107Y256       LUT4 (Prop_F6LUT_SLICEM_I0_O)
                                                      0.123     4.009 r  i_memory[39][4]_i_1/O
                         net (fo=10, routed)          0.420     4.429    i_memory[39][4]_i_1_n_0
    SLICE_X107Y252       FDRE                                         r  i_memory_reg[39][0]/CE
  -------------------------------------------------------------------    -------------------

                         (clock ap_clk rise edge)     1.000     1.000 r  
    K17                                               0.000     1.000 r  ap_clk (IN)
                         net (fo=0)                   0.000     1.000    ap_clk_IBUF_inst/I
    K17                  INBUF (Prop_INBUF_HDIOB_M_PAD_O)
                                                      0.578     1.578 r  ap_clk_IBUF_inst/INBUF_INST/O
                         net (fo=1, routed)           0.000     1.578    ap_clk_IBUF_inst/OUT
    K17                  IBUFCTRL (Prop_IBUFCTRL_HDIOB_M_I_O)
                                                      0.000     1.578 r  ap_clk_IBUF_inst/IBUFCTRL_INST/O
                         net (fo=1, routed)           0.169     1.747    ap_clk_IBUF
    BUFGCE_HDIO_X0Y4     BUFGCE (Prop_BUFCE_BUFGCE_HDIO_I_O)
                                                      0.024     1.771 r  ap_clk_IBUF_BUFG_inst/O
    X4Y3 (CLOCK_ROOT)    net (fo=9698, routed)        1.527     3.298    ap_clk_IBUF_BUFG
    SLICE_X107Y252       FDRE                                         r  i_memory_reg[39][0]/C
                         clock pessimism              0.661     3.959    
                         clock uncertainty           -0.035     3.924    
    SLICE_X107Y252       FDRE (Setup_AFF_SLICEM_C_CE)
                                                     -0.061     3.863    i_memory_reg[39][0]
  -------------------------------------------------------------------
                         required time                          3.863    
                         arrival time                          -4.429    
  -------------------------------------------------------------------
                         slack                                 -0.567    





Min Delay Paths
--------------------------------------------------------------------------------------
Slack (MET) :             0.016ns  (arrival time - required time)
  Source:                 q_memory_reg[227][2]/C
                            (rising edge-triggered cell FDRE clocked by ap_clk  {rise@0.000ns fall@0.500ns period=1.000ns})
  Destination:            u_nn_accelerator/u_sum_signed_q0/reduce_layer1113_reg[2]/D
                            (rising edge-triggered cell FDRE clocked by ap_clk  {rise@0.000ns fall@0.500ns period=1.000ns})
  Path Group:             ap_clk
  Path Type:              Hold (Min at Slow Process Corner)
  Requirement:            0.000ns  (ap_clk rise@0.000ns - ap_clk rise@0.000ns)
  Data Path Delay:        0.169ns  (logic 0.082ns (48.526%)  route 0.087ns (51.474%))
  Logic Levels:           1  (LUT6=1)
  Clock Path Skew:        0.093ns (DCD - SCD - CPR)
    Destination Clock Delay (DCD):    3.076ns
    Source Clock Delay      (SCD):    2.322ns
    Clock Pessimism Removal (CPR):    0.660ns
  Clock Net Delay (Source):      1.551ns (routing 0.691ns, distribution 0.860ns)
  Clock Net Delay (Destination): 1.758ns (routing 0.760ns, distribution 0.998ns)

    Location             Delay type                Incr(ns)  Path(ns)    Netlist Resource(s)
  -------------------------------------------------------------------    -------------------
                         (clock ap_clk rise edge)     0.000     0.000 r  
    K17                                               0.000     0.000 r  ap_clk (IN)
                         net (fo=0)                   0.000     0.000    ap_clk_IBUF_inst/I
    K17                  INBUF (Prop_INBUF_HDIOB_M_PAD_O)
                                                      0.578     0.578 r  ap_clk_IBUF_inst/INBUF_INST/O
                         net (fo=1, routed)           0.000     0.578    ap_clk_IBUF_inst/OUT
    K17                  IBUFCTRL (Prop_IBUFCTRL_HDIOB_M_I_O)
                                                      0.000     0.578 r  ap_clk_IBUF_inst/IBUFCTRL_INST/O
                         net (fo=1, routed)           0.169     0.747    ap_clk_IBUF
    BUFGCE_HDIO_X0Y4     BUFGCE (Prop_BUFCE_BUFGCE_HDIO_I_O)
                                                      0.024     0.771 r  ap_clk_IBUF_BUFG_inst/O
    X4Y3 (CLOCK_ROOT)    net (fo=9698, routed)        1.551     2.322    ap_clk_IBUF_BUFG
    SLICE_X115Y272       FDRE                                         r  q_memory_reg[227][2]/C
  -------------------------------------------------------------------    -------------------
    SLICE_X115Y272       FDRE (Prop_FFF2_SLICEM_C_Q)
                                                      0.060     2.382 r  q_memory_reg[227][2]/Q
                         net (fo=2, routed)           0.064     2.446    u_nn_accelerator/u_sum_signed_q0/reduce_layer1113_reg[4]_0[2]
    SLICE_X114Y272       LUT6 (Prop_A6LUT_SLICEL_I4_O)
                                                      0.022     2.468 r  u_nn_accelerator/u_sum_signed_q0/reduce_layer1113[2]_i_1/O
                         net (fo=1, routed)           0.023     2.491    u_nn_accelerator/u_sum_signed_q0/w_reduce_layer1113[2]
    SLICE_X114Y272       FDRE                                         r  u_nn_accelerator/u_sum_signed_q0/reduce_layer1113_reg[2]/D
  -------------------------------------------------------------------    -------------------

                         (clock ap_clk rise edge)     0.000     0.000 r  
    K17                                               0.000     0.000 r  ap_clk (IN)
                         net (fo=0)                   0.000     0.000    ap_clk_IBUF_inst/I
    K17                  INBUF (Prop_INBUF_HDIOB_M_PAD_O)
                                                      1.086     1.086 r  ap_clk_IBUF_inst/INBUF_INST/O
                         net (fo=1, routed)           0.000     1.086    ap_clk_IBUF_inst/OUT
    K17                  IBUFCTRL (Prop_IBUFCTRL_HDIOB_M_I_O)
                                                      0.000     1.086 r  ap_clk_IBUF_inst/IBUFCTRL_INST/O
                         net (fo=1, routed)           0.204     1.290    ap_clk_IBUF
    BUFGCE_HDIO_X0Y4     BUFGCE (Prop_BUFCE_BUFGCE_HDIO_I_O)
                                                      0.028     1.318 r  ap_clk_IBUF_BUFG_inst/O
    X4Y3 (CLOCK_ROOT)    net (fo=9698, routed)        1.758     3.076    u_nn_accelerator/u_sum_signed_q0/ap_clk_IBUF_BUFG
    SLICE_X114Y272       FDRE                                         r  u_nn_accelerator/u_sum_signed_q0/reduce_layer1113_reg[2]/C
                         clock pessimism             -0.660     2.416    
    SLICE_X114Y272       FDRE (Hold_AFF_SLICEL_C_D)
                                                      0.060     2.476    u_nn_accelerator/u_sum_signed_q0/reduce_layer1113_reg[2]
  -------------------------------------------------------------------
                         required time                         -2.476    
                         arrival time                           2.491    
  -------------------------------------------------------------------
                         slack                                  0.016    





Pulse Width Checks
--------------------------------------------------------------------------------------
Clock Name:         ap_clk
Waveform(ns):       { 0.000 0.500 }
Period(ns):         1.000
Sources:            { ap_clk }

Check Type        Corner  Lib Pin     Reference Pin  Required(ns)  Actual(ns)  Slack(ns)  Location          Pin
Min Period        n/a     BUFGCE/I    n/a            1.290         1.000       -0.290     BUFGCE_HDIO_X0Y4  ap_clk_IBUF_BUFG_inst/I
Low Pulse Width   Slow    SRL16E/CLK  n/a            0.532         0.500       -0.032     SLICE_X103Y292    u_nn_accelerator/u_sum_signed_i0/reduce_layer512_reg[0]_srl2___u_nn_accelerator_u_sum_signed_i0_reduce_layer512_reg_r/CLK
High Pulse Width  Slow    SRL16E/CLK  n/a            0.532         0.500       -0.032     SLICE_X103Y292    u_nn_accelerator/u_sum_signed_i0/reduce_layer512_reg[0]_srl2___u_nn_accelerator_u_sum_signed_i0_reduce_layer512_reg_r/CLK



