#-----------------------------------------------------------
# Vivado v2022.2 (64-bit)
# SW Build 3671981 on Fri Oct 14 04:59:54 MDT 2022
# IP Build 3669848 on Fri Oct 14 08:30:02 MDT 2022
# Start of session at: Tue May 12 12:54:54 2026
# Process ID: 3507200
# Current directory: /mnt/vault1/mfaroo19/LUNA/quantum-net-final/area-opt
# Command line: vivado -mode batch -source run.tcl
# Log file: /mnt/vault1/mfaroo19/LUNA/quantum-net-final/area-opt/vivado.log
# Journal file: /mnt/vault1/mfaroo19/LUNA/quantum-net-final/area-opt/vivado.jou
# Running On: en4228283l, OS: Linux, CPU Frequency: 3699.447 MHz, CPU Physical cores: 32, Host memory: 269992 MB
#-----------------------------------------------------------
source run.tcl
# create_project area-opt-classifier ./area-opt-classifer -part  xczu49dr-ffvf1760-2-e -force
# add_files -fileset sources_1 -norecurse ./rtl/readout_ip.sv ./rtl/sum_signed.sv
# add_files -fileset sources_1 -norecurse "./rtl/logicnets"
# set_property include_dirs "rtl/logicnets/" [current_fileset]
# read_xdc ./constraints.xdc
# set_property top nn_classifier_wrapper [current_fileset]
# launch_runs synth_1 -jobs 4
WARNING: [Vivado 12-7122] Auto Incremental Compile:: No reference checkpoint was found in run synth_1. Auto-incremental flow will not be run, the standard flow will be run instead.
[Tue May 12 12:55:03 2026] Launched synth_1...
Run output will be captured here: /mnt/vault1/mfaroo19/LUNA/quantum-net-final/area-opt/area-opt-classifer/area-opt-classifier.runs/synth_1/runme.log
# wait_on_run synth_1
[Tue May 12 12:55:03 2026] Waiting for synth_1 to finish...

*** Running vivado
    with args -log nn_classifier_wrapper.vds -m64 -product Vivado -mode batch -messageDb vivado.pb -notrace -source nn_classifier_wrapper.tcl


****** Vivado v2022.2 (64-bit)
  **** SW Build 3671981 on Fri Oct 14 04:59:54 MDT 2022
  **** IP Build 3669848 on Fri Oct 14 08:30:02 MDT 2022
    ** Copyright 1986-2022 Xilinx, Inc. All Rights Reserved.

source nn_classifier_wrapper.tcl -notrace
Command: synth_design -top nn_classifier_wrapper -part xczu49dr-ffvf1760-2-e
Starting synth_design
Attempting to get a license for feature 'Synthesis' and/or device 'xczu49dr'
INFO: [Common 17-349] Got license for feature 'Synthesis' and/or device 'xczu49dr'
INFO: [Common 17-1540] The version limit for your license is '2024.12' and has expired for new software. A version limit expiration means that, although you may be able to continue to use the current version of tools or IP with this license, you will not be eligible for new releases.
INFO: [Device 21-403] Loading part xczu49dr-ffvf1760-2-e
INFO: [Synth 8-7079] Multithreading enabled for synth_design using a maximum of 4 processes.
INFO: [Synth 8-7078] Launching helper process for spawning children vivado processes
INFO: [Synth 8-7075] Helper process launched with PID 3507656
INFO: [Synth 8-11241] undeclared symbol 'REGCCE', assumed default net type 'wire' [/mnt/vault1/kmhatre/Software/AMD/Vivado/2022.2/data/verilog/src/unimacro/BRAM_SINGLE_MACRO.v:2170]
---------------------------------------------------------------------------------
Starting RTL Elaboration : Time (s): cpu = 00:00:02 ; elapsed = 00:00:03 . Memory (MB): peak = 3038.582 ; gain = 328.770 ; free physical = 106243 ; free virtual = 230718
Synthesis current peak Physical Memory [PSS] (MB): peak = 2433.944; parent = 2233.710; children = 200.234
Synthesis current peak Virtual Memory [VSS] (MB): peak = 4014.652; parent = 3041.555; children = 973.098
---------------------------------------------------------------------------------
INFO: [Synth 8-6157] synthesizing module 'nn_classifier_wrapper' [/mnt/vault1/mfaroo19/LUNA/quantum-net-final/area-opt/rtl/readout_ip.sv:1]
INFO: [Synth 8-6157] synthesizing module 'nn_accelerator' [/mnt/vault1/mfaroo19/LUNA/quantum-net-final/area-opt/rtl/readout_ip.sv:239]
	Parameter WINDOW_SIZE bound to: 400 - type: integer 
	Parameter NUM_WINDOWS bound to: 1 - type: integer 
	Parameter IQ_WIDTH_OUT bound to: 5 - type: integer 
	Parameter PRED_BITS bound to: 1 - type: integer 
	Parameter SHIFT_N bound to: 0 - type: integer 
INFO: [Synth 8-6157] synthesizing module 'sum_signed' [/mnt/vault1/mfaroo19/LUNA/quantum-net-final/area-opt/rtl/sum_signed.sv:7]
	Parameter M bound to: 400 - type: integer 
	Parameter W bound to: 5 - type: integer 
INFO: [Synth 8-6155] done synthesizing module 'sum_signed' (0#1) [/mnt/vault1/mfaroo19/LUNA/quantum-net-final/area-opt/rtl/sum_signed.sv:7]
INFO: [Synth 8-6157] synthesizing module 'logicnet' [/mnt/vault1/mfaroo19/LUNA/quantum-net-final/area-opt/rtl/logicnets/logicnet.v:1]
INFO: [Synth 8-6157] synthesizing module 'myreg' [/mnt/vault1/mfaroo19/LUNA/quantum-net-final/area-opt/rtl/logicnets/myreg.v:1]
	Parameter DataWidth bound to: 28 - type: integer 
INFO: [Synth 8-6155] done synthesizing module 'myreg' (0#1) [/mnt/vault1/mfaroo19/LUNA/quantum-net-final/area-opt/rtl/logicnets/myreg.v:1]
INFO: [Synth 8-6157] synthesizing module 'layer0' [/mnt/vault1/mfaroo19/LUNA/quantum-net-final/area-opt/rtl/logicnets/layer0.v:1]
INFO: [Synth 8-6157] synthesizing module 'layer0_N0' [/mnt/vault1/mfaroo19/LUNA/quantum-net-final/area-opt/rtl/logicnets/layer0_N0.v:1]
INFO: [Synth 8-6155] done synthesizing module 'layer0_N0' (0#1) [/mnt/vault1/mfaroo19/LUNA/quantum-net-final/area-opt/rtl/logicnets/layer0_N0.v:1]
INFO: [Synth 8-6157] synthesizing module 'layer0_N1' [/mnt/vault1/mfaroo19/LUNA/quantum-net-final/area-opt/rtl/logicnets/layer0_N1.v:1]
INFO: [Synth 8-6155] done synthesizing module 'layer0_N1' (0#1) [/mnt/vault1/mfaroo19/LUNA/quantum-net-final/area-opt/rtl/logicnets/layer0_N1.v:1]
INFO: [Synth 8-6157] synthesizing module 'layer0_N2' [/mnt/vault1/mfaroo19/LUNA/quantum-net-final/area-opt/rtl/logicnets/layer0_N2.v:1]
INFO: [Synth 8-6155] done synthesizing module 'layer0_N2' (0#1) [/mnt/vault1/mfaroo19/LUNA/quantum-net-final/area-opt/rtl/logicnets/layer0_N2.v:1]
INFO: [Synth 8-6157] synthesizing module 'layer0_N3' [/mnt/vault1/mfaroo19/LUNA/quantum-net-final/area-opt/rtl/logicnets/layer0_N3.v:1]
INFO: [Synth 8-6155] done synthesizing module 'layer0_N3' (0#1) [/mnt/vault1/mfaroo19/LUNA/quantum-net-final/area-opt/rtl/logicnets/layer0_N3.v:1]
INFO: [Synth 8-6157] synthesizing module 'layer0_N4' [/mnt/vault1/mfaroo19/LUNA/quantum-net-final/area-opt/rtl/logicnets/layer0_N4.v:1]
INFO: [Synth 8-6155] done synthesizing module 'layer0_N4' (0#1) [/mnt/vault1/mfaroo19/LUNA/quantum-net-final/area-opt/rtl/logicnets/layer0_N4.v:1]
INFO: [Synth 8-6157] synthesizing module 'layer0_N5' [/mnt/vault1/mfaroo19/LUNA/quantum-net-final/area-opt/rtl/logicnets/layer0_N5.v:1]
INFO: [Synth 8-6155] done synthesizing module 'layer0_N5' (0#1) [/mnt/vault1/mfaroo19/LUNA/quantum-net-final/area-opt/rtl/logicnets/layer0_N5.v:1]
INFO: [Synth 8-6157] synthesizing module 'layer0_N6' [/mnt/vault1/mfaroo19/LUNA/quantum-net-final/area-opt/rtl/logicnets/layer0_N6.v:1]
INFO: [Synth 8-6155] done synthesizing module 'layer0_N6' (0#1) [/mnt/vault1/mfaroo19/LUNA/quantum-net-final/area-opt/rtl/logicnets/layer0_N6.v:1]
INFO: [Synth 8-6157] synthesizing module 'layer0_N7' [/mnt/vault1/mfaroo19/LUNA/quantum-net-final/area-opt/rtl/logicnets/layer0_N7.v:1]
INFO: [Synth 8-6155] done synthesizing module 'layer0_N7' (0#1) [/mnt/vault1/mfaroo19/LUNA/quantum-net-final/area-opt/rtl/logicnets/layer0_N7.v:1]
INFO: [Synth 8-6157] synthesizing module 'layer0_N8' [/mnt/vault1/mfaroo19/LUNA/quantum-net-final/area-opt/rtl/logicnets/layer0_N8.v:1]
INFO: [Synth 8-6155] done synthesizing module 'layer0_N8' (0#1) [/mnt/vault1/mfaroo19/LUNA/quantum-net-final/area-opt/rtl/logicnets/layer0_N8.v:1]
INFO: [Synth 8-6157] synthesizing module 'layer0_N9' [/mnt/vault1/mfaroo19/LUNA/quantum-net-final/area-opt/rtl/logicnets/layer0_N9.v:1]
INFO: [Synth 8-6155] done synthesizing module 'layer0_N9' (0#1) [/mnt/vault1/mfaroo19/LUNA/quantum-net-final/area-opt/rtl/logicnets/layer0_N9.v:1]
INFO: [Synth 8-6157] synthesizing module 'layer0_N10' [/mnt/vault1/mfaroo19/LUNA/quantum-net-final/area-opt/rtl/logicnets/layer0_N10.v:1]
INFO: [Synth 8-6155] done synthesizing module 'layer0_N10' (0#1) [/mnt/vault1/mfaroo19/LUNA/quantum-net-final/area-opt/rtl/logicnets/layer0_N10.v:1]
INFO: [Synth 8-6157] synthesizing module 'layer0_N11' [/mnt/vault1/mfaroo19/LUNA/quantum-net-final/area-opt/rtl/logicnets/layer0_N11.v:1]
INFO: [Synth 8-6155] done synthesizing module 'layer0_N11' (0#1) [/mnt/vault1/mfaroo19/LUNA/quantum-net-final/area-opt/rtl/logicnets/layer0_N11.v:1]
INFO: [Synth 8-6157] synthesizing module 'layer0_N12' [/mnt/vault1/mfaroo19/LUNA/quantum-net-final/area-opt/rtl/logicnets/layer0_N12.v:1]
INFO: [Synth 8-6155] done synthesizing module 'layer0_N12' (0#1) [/mnt/vault1/mfaroo19/LUNA/quantum-net-final/area-opt/rtl/logicnets/layer0_N12.v:1]
INFO: [Synth 8-6157] synthesizing module 'layer0_N13' [/mnt/vault1/mfaroo19/LUNA/quantum-net-final/area-opt/rtl/logicnets/layer0_N13.v:1]
INFO: [Synth 8-6155] done synthesizing module 'layer0_N13' (0#1) [/mnt/vault1/mfaroo19/LUNA/quantum-net-final/area-opt/rtl/logicnets/layer0_N13.v:1]
INFO: [Synth 8-6157] synthesizing module 'layer0_N14' [/mnt/vault1/mfaroo19/LUNA/quantum-net-final/area-opt/rtl/logicnets/layer0_N14.v:1]
INFO: [Synth 8-6155] done synthesizing module 'layer0_N14' (0#1) [/mnt/vault1/mfaroo19/LUNA/quantum-net-final/area-opt/rtl/logicnets/layer0_N14.v:1]
INFO: [Synth 8-6157] synthesizing module 'layer0_N15' [/mnt/vault1/mfaroo19/LUNA/quantum-net-final/area-opt/rtl/logicnets/layer0_N15.v:1]
INFO: [Synth 8-6155] done synthesizing module 'layer0_N15' (0#1) [/mnt/vault1/mfaroo19/LUNA/quantum-net-final/area-opt/rtl/logicnets/layer0_N15.v:1]
INFO: [Synth 8-6157] synthesizing module 'layer0_N16' [/mnt/vault1/mfaroo19/LUNA/quantum-net-final/area-opt/rtl/logicnets/layer0_N16.v:1]
INFO: [Synth 8-6155] done synthesizing module 'layer0_N16' (0#1) [/mnt/vault1/mfaroo19/LUNA/quantum-net-final/area-opt/rtl/logicnets/layer0_N16.v:1]
INFO: [Synth 8-6157] synthesizing module 'layer0_N17' [/mnt/vault1/mfaroo19/LUNA/quantum-net-final/area-opt/rtl/logicnets/layer0_N17.v:1]
INFO: [Synth 8-6155] done synthesizing module 'layer0_N17' (0#1) [/mnt/vault1/mfaroo19/LUNA/quantum-net-final/area-opt/rtl/logicnets/layer0_N17.v:1]
INFO: [Synth 8-6157] synthesizing module 'layer0_N18' [/mnt/vault1/mfaroo19/LUNA/quantum-net-final/area-opt/rtl/logicnets/layer0_N18.v:1]
INFO: [Synth 8-6155] done synthesizing module 'layer0_N18' (0#1) [/mnt/vault1/mfaroo19/LUNA/quantum-net-final/area-opt/rtl/logicnets/layer0_N18.v:1]
INFO: [Synth 8-6157] synthesizing module 'layer0_N19' [/mnt/vault1/mfaroo19/LUNA/quantum-net-final/area-opt/rtl/logicnets/layer0_N19.v:1]
INFO: [Synth 8-6155] done synthesizing module 'layer0_N19' (0#1) [/mnt/vault1/mfaroo19/LUNA/quantum-net-final/area-opt/rtl/logicnets/layer0_N19.v:1]
INFO: [Synth 8-6157] synthesizing module 'layer0_N20' [/mnt/vault1/mfaroo19/LUNA/quantum-net-final/area-opt/rtl/logicnets/layer0_N20.v:1]
INFO: [Synth 8-6155] done synthesizing module 'layer0_N20' (0#1) [/mnt/vault1/mfaroo19/LUNA/quantum-net-final/area-opt/rtl/logicnets/layer0_N20.v:1]
INFO: [Synth 8-6157] synthesizing module 'layer0_N21' [/mnt/vault1/mfaroo19/LUNA/quantum-net-final/area-opt/rtl/logicnets/layer0_N21.v:1]
INFO: [Synth 8-6155] done synthesizing module 'layer0_N21' (0#1) [/mnt/vault1/mfaroo19/LUNA/quantum-net-final/area-opt/rtl/logicnets/layer0_N21.v:1]
INFO: [Synth 8-6157] synthesizing module 'layer0_N22' [/mnt/vault1/mfaroo19/LUNA/quantum-net-final/area-opt/rtl/logicnets/layer0_N22.v:1]
INFO: [Synth 8-6155] done synthesizing module 'layer0_N22' (0#1) [/mnt/vault1/mfaroo19/LUNA/quantum-net-final/area-opt/rtl/logicnets/layer0_N22.v:1]
INFO: [Synth 8-6157] synthesizing module 'layer0_N23' [/mnt/vault1/mfaroo19/LUNA/quantum-net-final/area-opt/rtl/logicnets/layer0_N23.v:1]
INFO: [Synth 8-6155] done synthesizing module 'layer0_N23' (0#1) [/mnt/vault1/mfaroo19/LUNA/quantum-net-final/area-opt/rtl/logicnets/layer0_N23.v:1]
INFO: [Synth 8-6157] synthesizing module 'layer0_N24' [/mnt/vault1/mfaroo19/LUNA/quantum-net-final/area-opt/rtl/logicnets/layer0_N24.v:1]
INFO: [Synth 8-6155] done synthesizing module 'layer0_N24' (0#1) [/mnt/vault1/mfaroo19/LUNA/quantum-net-final/area-opt/rtl/logicnets/layer0_N24.v:1]
INFO: [Synth 8-6155] done synthesizing module 'layer0' (0#1) [/mnt/vault1/mfaroo19/LUNA/quantum-net-final/area-opt/rtl/logicnets/layer0.v:1]
INFO: [Synth 8-6157] synthesizing module 'myreg__parameterized0' [/mnt/vault1/mfaroo19/LUNA/quantum-net-final/area-opt/rtl/logicnets/myreg.v:1]
	Parameter DataWidth bound to: 25 - type: integer 
INFO: [Synth 8-6155] done synthesizing module 'myreg__parameterized0' (0#1) [/mnt/vault1/mfaroo19/LUNA/quantum-net-final/area-opt/rtl/logicnets/myreg.v:1]
INFO: [Synth 8-6157] synthesizing module 'layer1' [/mnt/vault1/mfaroo19/LUNA/quantum-net-final/area-opt/rtl/logicnets/layer1.v:1]
INFO: [Synth 8-6157] synthesizing module 'layer1_N0' [/mnt/vault1/mfaroo19/LUNA/quantum-net-final/area-opt/rtl/logicnets/layer1_N0.v:1]
INFO: [Synth 8-6155] done synthesizing module 'layer1_N0' (0#1) [/mnt/vault1/mfaroo19/LUNA/quantum-net-final/area-opt/rtl/logicnets/layer1_N0.v:1]
INFO: [Synth 8-6157] synthesizing module 'layer1_N1' [/mnt/vault1/mfaroo19/LUNA/quantum-net-final/area-opt/rtl/logicnets/layer1_N1.v:1]
INFO: [Synth 8-6155] done synthesizing module 'layer1_N1' (0#1) [/mnt/vault1/mfaroo19/LUNA/quantum-net-final/area-opt/rtl/logicnets/layer1_N1.v:1]
INFO: [Synth 8-6157] synthesizing module 'layer1_N2' [/mnt/vault1/mfaroo19/LUNA/quantum-net-final/area-opt/rtl/logicnets/layer1_N2.v:1]
INFO: [Synth 8-6155] done synthesizing module 'layer1_N2' (0#1) [/mnt/vault1/mfaroo19/LUNA/quantum-net-final/area-opt/rtl/logicnets/layer1_N2.v:1]
INFO: [Synth 8-6157] synthesizing module 'layer1_N3' [/mnt/vault1/mfaroo19/LUNA/quantum-net-final/area-opt/rtl/logicnets/layer1_N3.v:1]
INFO: [Synth 8-6155] done synthesizing module 'layer1_N3' (0#1) [/mnt/vault1/mfaroo19/LUNA/quantum-net-final/area-opt/rtl/logicnets/layer1_N3.v:1]
INFO: [Synth 8-6157] synthesizing module 'layer1_N4' [/mnt/vault1/mfaroo19/LUNA/quantum-net-final/area-opt/rtl/logicnets/layer1_N4.v:1]
INFO: [Synth 8-6155] done synthesizing module 'layer1_N4' (0#1) [/mnt/vault1/mfaroo19/LUNA/quantum-net-final/area-opt/rtl/logicnets/layer1_N4.v:1]
INFO: [Synth 8-6155] done synthesizing module 'layer1' (0#1) [/mnt/vault1/mfaroo19/LUNA/quantum-net-final/area-opt/rtl/logicnets/layer1.v:1]
INFO: [Synth 8-6157] synthesizing module 'myreg__parameterized1' [/mnt/vault1/mfaroo19/LUNA/quantum-net-final/area-opt/rtl/logicnets/myreg.v:1]
	Parameter DataWidth bound to: 5 - type: integer 
INFO: [Synth 8-6155] done synthesizing module 'myreg__parameterized1' (0#1) [/mnt/vault1/mfaroo19/LUNA/quantum-net-final/area-opt/rtl/logicnets/myreg.v:1]
INFO: [Synth 8-6157] synthesizing module 'layer2' [/mnt/vault1/mfaroo19/LUNA/quantum-net-final/area-opt/rtl/logicnets/layer2.v:1]
INFO: [Synth 8-6157] synthesizing module 'layer2_N0' [/mnt/vault1/mfaroo19/LUNA/quantum-net-final/area-opt/rtl/logicnets/layer2_N0.v:1]
INFO: [Synth 8-6155] done synthesizing module 'layer2_N0' (0#1) [/mnt/vault1/mfaroo19/LUNA/quantum-net-final/area-opt/rtl/logicnets/layer2_N0.v:1]
INFO: [Synth 8-6157] synthesizing module 'layer2_N1' [/mnt/vault1/mfaroo19/LUNA/quantum-net-final/area-opt/rtl/logicnets/layer2_N1.v:1]
INFO: [Synth 8-6155] done synthesizing module 'layer2_N1' (0#1) [/mnt/vault1/mfaroo19/LUNA/quantum-net-final/area-opt/rtl/logicnets/layer2_N1.v:1]
INFO: [Synth 8-6157] synthesizing module 'layer2_N2' [/mnt/vault1/mfaroo19/LUNA/quantum-net-final/area-opt/rtl/logicnets/layer2_N2.v:1]
INFO: [Synth 8-6155] done synthesizing module 'layer2_N2' (0#1) [/mnt/vault1/mfaroo19/LUNA/quantum-net-final/area-opt/rtl/logicnets/layer2_N2.v:1]
INFO: [Synth 8-6157] synthesizing module 'layer2_N3' [/mnt/vault1/mfaroo19/LUNA/quantum-net-final/area-opt/rtl/logicnets/layer2_N3.v:1]
INFO: [Synth 8-6155] done synthesizing module 'layer2_N3' (0#1) [/mnt/vault1/mfaroo19/LUNA/quantum-net-final/area-opt/rtl/logicnets/layer2_N3.v:1]
INFO: [Synth 8-6157] synthesizing module 'layer2_N4' [/mnt/vault1/mfaroo19/LUNA/quantum-net-final/area-opt/rtl/logicnets/layer2_N4.v:1]
INFO: [Synth 8-6155] done synthesizing module 'layer2_N4' (0#1) [/mnt/vault1/mfaroo19/LUNA/quantum-net-final/area-opt/rtl/logicnets/layer2_N4.v:1]
INFO: [Synth 8-6155] done synthesizing module 'layer2' (0#1) [/mnt/vault1/mfaroo19/LUNA/quantum-net-final/area-opt/rtl/logicnets/layer2.v:1]
INFO: [Synth 8-6157] synthesizing module 'layer3' [/mnt/vault1/mfaroo19/LUNA/quantum-net-final/area-opt/rtl/logicnets/layer3.v:1]
INFO: [Synth 8-6157] synthesizing module 'layer3_N0' [/mnt/vault1/mfaroo19/LUNA/quantum-net-final/area-opt/rtl/logicnets/layer3_N0.v:1]
INFO: [Synth 8-6155] done synthesizing module 'layer3_N0' (0#1) [/mnt/vault1/mfaroo19/LUNA/quantum-net-final/area-opt/rtl/logicnets/layer3_N0.v:1]
INFO: [Synth 8-6155] done synthesizing module 'layer3' (0#1) [/mnt/vault1/mfaroo19/LUNA/quantum-net-final/area-opt/rtl/logicnets/layer3.v:1]
INFO: [Synth 8-6155] done synthesizing module 'logicnet' (0#1) [/mnt/vault1/mfaroo19/LUNA/quantum-net-final/area-opt/rtl/logicnets/logicnet.v:1]
INFO: [Synth 8-6155] done synthesizing module 'nn_accelerator' (0#1) [/mnt/vault1/mfaroo19/LUNA/quantum-net-final/area-opt/rtl/readout_ip.sv:239]
INFO: [Synth 8-6155] done synthesizing module 'nn_classifier_wrapper' (0#1) [/mnt/vault1/mfaroo19/LUNA/quantum-net-final/area-opt/rtl/readout_ip.sv:1]
WARNING: [Synth 8-7137] Register i_memory_reg[0] in module nn_classifier_wrapper has both Set and reset with same priority. This may cause simulation mismatches. Consider rewriting code  [/mnt/vault1/mfaroo19/LUNA/quantum-net-final/area-opt/rtl/readout_ip.sv:141]
WARNING: [Synth 8-7137] Register i_memory_reg[1] in module nn_classifier_wrapper has both Set and reset with same priority. This may cause simulation mismatches. Consider rewriting code  [/mnt/vault1/mfaroo19/LUNA/quantum-net-final/area-opt/rtl/readout_ip.sv:141]
WARNING: [Synth 8-7137] Register i_memory_reg[2] in module nn_classifier_wrapper has both Set and reset with same priority. This may cause simulation mismatches. Consider rewriting code  [/mnt/vault1/mfaroo19/LUNA/quantum-net-final/area-opt/rtl/readout_ip.sv:141]
WARNING: [Synth 8-7137] Register i_memory_reg[3] in module nn_classifier_wrapper has both Set and reset with same priority. This may cause simulation mismatches. Consider rewriting code  [/mnt/vault1/mfaroo19/LUNA/quantum-net-final/area-opt/rtl/readout_ip.sv:141]
WARNING: [Synth 8-7137] Register i_memory_reg[4] in module nn_classifier_wrapper has both Set and reset with same priority. This may cause simulation mismatches. Consider rewriting code  [/mnt/vault1/mfaroo19/LUNA/quantum-net-final/area-opt/rtl/readout_ip.sv:141]
WARNING: [Synth 8-7137] Register i_memory_reg[5] in module nn_classifier_wrapper has both Set and reset with same priority. This may cause simulation mismatches. Consider rewriting code  [/mnt/vault1/mfaroo19/LUNA/quantum-net-final/area-opt/rtl/readout_ip.sv:141]
WARNING: [Synth 8-7137] Register i_memory_reg[6] in module nn_classifier_wrapper has both Set and reset with same priority. This may cause simulation mismatches. Consider rewriting code  [/mnt/vault1/mfaroo19/LUNA/quantum-net-final/area-opt/rtl/readout_ip.sv:141]
WARNING: [Synth 8-7137] Register i_memory_reg[7] in module nn_classifier_wrapper has both Set and reset with same priority. This may cause simulation mismatches. Consider rewriting code  [/mnt/vault1/mfaroo19/LUNA/quantum-net-final/area-opt/rtl/readout_ip.sv:141]
WARNING: [Synth 8-7137] Register i_memory_reg[8] in module nn_classifier_wrapper has both Set and reset with same priority. This may cause simulation mismatches. Consider rewriting code  [/mnt/vault1/mfaroo19/LUNA/quantum-net-final/area-opt/rtl/readout_ip.sv:141]
WARNING: [Synth 8-7137] Register i_memory_reg[9] in module nn_classifier_wrapper has both Set and reset with same priority. This may cause simulation mismatches. Consider rewriting code  [/mnt/vault1/mfaroo19/LUNA/quantum-net-final/area-opt/rtl/readout_ip.sv:141]
WARNING: [Synth 8-7137] Register i_memory_reg[10] in module nn_classifier_wrapper has both Set and reset with same priority. This may cause simulation mismatches. Consider rewriting code  [/mnt/vault1/mfaroo19/LUNA/quantum-net-final/area-opt/rtl/readout_ip.sv:141]
WARNING: [Synth 8-7137] Register i_memory_reg[11] in module nn_classifier_wrapper has both Set and reset with same priority. This may cause simulation mismatches. Consider rewriting code  [/mnt/vault1/mfaroo19/LUNA/quantum-net-final/area-opt/rtl/readout_ip.sv:141]
WARNING: [Synth 8-7137] Register i_memory_reg[12] in module nn_classifier_wrapper has both Set and reset with same priority. This may cause simulation mismatches. Consider rewriting code  [/mnt/vault1/mfaroo19/LUNA/quantum-net-final/area-opt/rtl/readout_ip.sv:141]
WARNING: [Synth 8-7137] Register i_memory_reg[13] in module nn_classifier_wrapper has both Set and reset with same priority. This may cause simulation mismatches. Consider rewriting code  [/mnt/vault1/mfaroo19/LUNA/quantum-net-final/area-opt/rtl/readout_ip.sv:141]
WARNING: [Synth 8-7137] Register i_memory_reg[14] in module nn_classifier_wrapper has both Set and reset with same priority. This may cause simulation mismatches. Consider rewriting code  [/mnt/vault1/mfaroo19/LUNA/quantum-net-final/area-opt/rtl/readout_ip.sv:141]
WARNING: [Synth 8-7137] Register i_memory_reg[15] in module nn_classifier_wrapper has both Set and reset with same priority. This may cause simulation mismatches. Consider rewriting code  [/mnt/vault1/mfaroo19/LUNA/quantum-net-final/area-opt/rtl/readout_ip.sv:141]
WARNING: [Synth 8-7137] Register i_memory_reg[16] in module nn_classifier_wrapper has both Set and reset with same priority. This may cause simulation mismatches. Consider rewriting code  [/mnt/vault1/mfaroo19/LUNA/quantum-net-final/area-opt/rtl/readout_ip.sv:141]
WARNING: [Synth 8-7137] Register i_memory_reg[17] in module nn_classifier_wrapper has both Set and reset with same priority. This may cause simulation mismatches. Consider rewriting code  [/mnt/vault1/mfaroo19/LUNA/quantum-net-final/area-opt/rtl/readout_ip.sv:141]
WARNING: [Synth 8-7137] Register i_memory_reg[18] in module nn_classifier_wrapper has both Set and reset with same priority. This may cause simulation mismatches. Consider rewriting code  [/mnt/vault1/mfaroo19/LUNA/quantum-net-final/area-opt/rtl/readout_ip.sv:141]
WARNING: [Synth 8-7137] Register i_memory_reg[19] in module nn_classifier_wrapper has both Set and reset with same priority. This may cause simulation mismatches. Consider rewriting code  [/mnt/vault1/mfaroo19/LUNA/quantum-net-final/area-opt/rtl/readout_ip.sv:141]
WARNING: [Synth 8-7137] Register i_memory_reg[20] in module nn_classifier_wrapper has both Set and reset with same priority. This may cause simulation mismatches. Consider rewriting code  [/mnt/vault1/mfaroo19/LUNA/quantum-net-final/area-opt/rtl/readout_ip.sv:141]
WARNING: [Synth 8-7137] Register i_memory_reg[21] in module nn_classifier_wrapper has both Set and reset with same priority. This may cause simulation mismatches. Consider rewriting code  [/mnt/vault1/mfaroo19/LUNA/quantum-net-final/area-opt/rtl/readout_ip.sv:141]
WARNING: [Synth 8-7137] Register i_memory_reg[22] in module nn_classifier_wrapper has both Set and reset with same priority. This may cause simulation mismatches. Consider rewriting code  [/mnt/vault1/mfaroo19/LUNA/quantum-net-final/area-opt/rtl/readout_ip.sv:141]
WARNING: [Synth 8-7137] Register i_memory_reg[23] in module nn_classifier_wrapper has both Set and reset with same priority. This may cause simulation mismatches. Consider rewriting code  [/mnt/vault1/mfaroo19/LUNA/quantum-net-final/area-opt/rtl/readout_ip.sv:141]
WARNING: [Synth 8-7137] Register i_memory_reg[24] in module nn_classifier_wrapper has both Set and reset with same priority. This may cause simulation mismatches. Consider rewriting code  [/mnt/vault1/mfaroo19/LUNA/quantum-net-final/area-opt/rtl/readout_ip.sv:141]
WARNING: [Synth 8-7137] Register i_memory_reg[25] in module nn_classifier_wrapper has both Set and reset with same priority. This may cause simulation mismatches. Consider rewriting code  [/mnt/vault1/mfaroo19/LUNA/quantum-net-final/area-opt/rtl/readout_ip.sv:141]
WARNING: [Synth 8-7137] Register i_memory_reg[26] in module nn_classifier_wrapper has both Set and reset with same priority. This may cause simulation mismatches. Consider rewriting code  [/mnt/vault1/mfaroo19/LUNA/quantum-net-final/area-opt/rtl/readout_ip.sv:141]
WARNING: [Synth 8-7137] Register i_memory_reg[27] in module nn_classifier_wrapper has both Set and reset with same priority. This may cause simulation mismatches. Consider rewriting code  [/mnt/vault1/mfaroo19/LUNA/quantum-net-final/area-opt/rtl/readout_ip.sv:141]
WARNING: [Synth 8-7137] Register i_memory_reg[28] in module nn_classifier_wrapper has both Set and reset with same priority. This may cause simulation mismatches. Consider rewriting code  [/mnt/vault1/mfaroo19/LUNA/quantum-net-final/area-opt/rtl/readout_ip.sv:141]
WARNING: [Synth 8-7137] Register i_memory_reg[29] in module nn_classifier_wrapper has both Set and reset with same priority. This may cause simulation mismatches. Consider rewriting code  [/mnt/vault1/mfaroo19/LUNA/quantum-net-final/area-opt/rtl/readout_ip.sv:141]
WARNING: [Synth 8-7137] Register i_memory_reg[30] in module nn_classifier_wrapper has both Set and reset with same priority. This may cause simulation mismatches. Consider rewriting code  [/mnt/vault1/mfaroo19/LUNA/quantum-net-final/area-opt/rtl/readout_ip.sv:141]
WARNING: [Synth 8-7137] Register i_memory_reg[31] in module nn_classifier_wrapper has both Set and reset with same priority. This may cause simulation mismatches. Consider rewriting code  [/mnt/vault1/mfaroo19/LUNA/quantum-net-final/area-opt/rtl/readout_ip.sv:141]
WARNING: [Synth 8-7137] Register i_memory_reg[32] in module nn_classifier_wrapper has both Set and reset with same priority. This may cause simulation mismatches. Consider rewriting code  [/mnt/vault1/mfaroo19/LUNA/quantum-net-final/area-opt/rtl/readout_ip.sv:141]
WARNING: [Synth 8-7137] Register i_memory_reg[33] in module nn_classifier_wrapper has both Set and reset with same priority. This may cause simulation mismatches. Consider rewriting code  [/mnt/vault1/mfaroo19/LUNA/quantum-net-final/area-opt/rtl/readout_ip.sv:141]
WARNING: [Synth 8-7137] Register i_memory_reg[34] in module nn_classifier_wrapper has both Set and reset with same priority. This may cause simulation mismatches. Consider rewriting code  [/mnt/vault1/mfaroo19/LUNA/quantum-net-final/area-opt/rtl/readout_ip.sv:141]
WARNING: [Synth 8-7137] Register i_memory_reg[35] in module nn_classifier_wrapper has both Set and reset with same priority. This may cause simulation mismatches. Consider rewriting code  [/mnt/vault1/mfaroo19/LUNA/quantum-net-final/area-opt/rtl/readout_ip.sv:141]
WARNING: [Synth 8-7137] Register i_memory_reg[36] in module nn_classifier_wrapper has both Set and reset with same priority. This may cause simulation mismatches. Consider rewriting code  [/mnt/vault1/mfaroo19/LUNA/quantum-net-final/area-opt/rtl/readout_ip.sv:141]
WARNING: [Synth 8-7137] Register i_memory_reg[37] in module nn_classifier_wrapper has both Set and reset with same priority. This may cause simulation mismatches. Consider rewriting code  [/mnt/vault1/mfaroo19/LUNA/quantum-net-final/area-opt/rtl/readout_ip.sv:141]
WARNING: [Synth 8-7137] Register i_memory_reg[38] in module nn_classifier_wrapper has both Set and reset with same priority. This may cause simulation mismatches. Consider rewriting code  [/mnt/vault1/mfaroo19/LUNA/quantum-net-final/area-opt/rtl/readout_ip.sv:141]
WARNING: [Synth 8-7137] Register i_memory_reg[39] in module nn_classifier_wrapper has both Set and reset with same priority. This may cause simulation mismatches. Consider rewriting code  [/mnt/vault1/mfaroo19/LUNA/quantum-net-final/area-opt/rtl/readout_ip.sv:141]
WARNING: [Synth 8-7137] Register i_memory_reg[40] in module nn_classifier_wrapper has both Set and reset with same priority. This may cause simulation mismatches. Consider rewriting code  [/mnt/vault1/mfaroo19/LUNA/quantum-net-final/area-opt/rtl/readout_ip.sv:141]
WARNING: [Synth 8-7137] Register i_memory_reg[41] in module nn_classifier_wrapper has both Set and reset with same priority. This may cause simulation mismatches. Consider rewriting code  [/mnt/vault1/mfaroo19/LUNA/quantum-net-final/area-opt/rtl/readout_ip.sv:141]
WARNING: [Synth 8-7137] Register i_memory_reg[42] in module nn_classifier_wrapper has both Set and reset with same priority. This may cause simulation mismatches. Consider rewriting code  [/mnt/vault1/mfaroo19/LUNA/quantum-net-final/area-opt/rtl/readout_ip.sv:141]
WARNING: [Synth 8-7137] Register i_memory_reg[43] in module nn_classifier_wrapper has both Set and reset with same priority. This may cause simulation mismatches. Consider rewriting code  [/mnt/vault1/mfaroo19/LUNA/quantum-net-final/area-opt/rtl/readout_ip.sv:141]
WARNING: [Synth 8-7137] Register i_memory_reg[44] in module nn_classifier_wrapper has both Set and reset with same priority. This may cause simulation mismatches. Consider rewriting code  [/mnt/vault1/mfaroo19/LUNA/quantum-net-final/area-opt/rtl/readout_ip.sv:141]
WARNING: [Synth 8-7137] Register i_memory_reg[45] in module nn_classifier_wrapper has both Set and reset with same priority. This may cause simulation mismatches. Consider rewriting code  [/mnt/vault1/mfaroo19/LUNA/quantum-net-final/area-opt/rtl/readout_ip.sv:141]
WARNING: [Synth 8-7137] Register i_memory_reg[46] in module nn_classifier_wrapper has both Set and reset with same priority. This may cause simulation mismatches. Consider rewriting code  [/mnt/vault1/mfaroo19/LUNA/quantum-net-final/area-opt/rtl/readout_ip.sv:141]
WARNING: [Synth 8-7137] Register i_memory_reg[47] in module nn_classifier_wrapper has both Set and reset with same priority. This may cause simulation mismatches. Consider rewriting code  [/mnt/vault1/mfaroo19/LUNA/quantum-net-final/area-opt/rtl/readout_ip.sv:141]
WARNING: [Synth 8-7137] Register i_memory_reg[48] in module nn_classifier_wrapper has both Set and reset with same priority. This may cause simulation mismatches. Consider rewriting code  [/mnt/vault1/mfaroo19/LUNA/quantum-net-final/area-opt/rtl/readout_ip.sv:141]
WARNING: [Synth 8-7137] Register i_memory_reg[49] in module nn_classifier_wrapper has both Set and reset with same priority. This may cause simulation mismatches. Consider rewriting code  [/mnt/vault1/mfaroo19/LUNA/quantum-net-final/area-opt/rtl/readout_ip.sv:141]
WARNING: [Synth 8-7137] Register i_memory_reg[50] in module nn_classifier_wrapper has both Set and reset with same priority. This may cause simulation mismatches. Consider rewriting code  [/mnt/vault1/mfaroo19/LUNA/quantum-net-final/area-opt/rtl/readout_ip.sv:141]
WARNING: [Synth 8-7137] Register i_memory_reg[51] in module nn_classifier_wrapper has both Set and reset with same priority. This may cause simulation mismatches. Consider rewriting code  [/mnt/vault1/mfaroo19/LUNA/quantum-net-final/area-opt/rtl/readout_ip.sv:141]
WARNING: [Synth 8-7137] Register i_memory_reg[52] in module nn_classifier_wrapper has both Set and reset with same priority. This may cause simulation mismatches. Consider rewriting code  [/mnt/vault1/mfaroo19/LUNA/quantum-net-final/area-opt/rtl/readout_ip.sv:141]
WARNING: [Synth 8-7137] Register i_memory_reg[53] in module nn_classifier_wrapper has both Set and reset with same priority. This may cause simulation mismatches. Consider rewriting code  [/mnt/vault1/mfaroo19/LUNA/quantum-net-final/area-opt/rtl/readout_ip.sv:141]
WARNING: [Synth 8-7137] Register i_memory_reg[54] in module nn_classifier_wrapper has both Set and reset with same priority. This may cause simulation mismatches. Consider rewriting code  [/mnt/vault1/mfaroo19/LUNA/quantum-net-final/area-opt/rtl/readout_ip.sv:141]
WARNING: [Synth 8-7137] Register i_memory_reg[55] in module nn_classifier_wrapper has both Set and reset with same priority. This may cause simulation mismatches. Consider rewriting code  [/mnt/vault1/mfaroo19/LUNA/quantum-net-final/area-opt/rtl/readout_ip.sv:141]
WARNING: [Synth 8-7137] Register i_memory_reg[56] in module nn_classifier_wrapper has both Set and reset with same priority. This may cause simulation mismatches. Consider rewriting code  [/mnt/vault1/mfaroo19/LUNA/quantum-net-final/area-opt/rtl/readout_ip.sv:141]
WARNING: [Synth 8-7137] Register i_memory_reg[57] in module nn_classifier_wrapper has both Set and reset with same priority. This may cause simulation mismatches. Consider rewriting code  [/mnt/vault1/mfaroo19/LUNA/quantum-net-final/area-opt/rtl/readout_ip.sv:141]
WARNING: [Synth 8-7137] Register i_memory_reg[58] in module nn_classifier_wrapper has both Set and reset with same priority. This may cause simulation mismatches. Consider rewriting code  [/mnt/vault1/mfaroo19/LUNA/quantum-net-final/area-opt/rtl/readout_ip.sv:141]
WARNING: [Synth 8-7137] Register i_memory_reg[59] in module nn_classifier_wrapper has both Set and reset with same priority. This may cause simulation mismatches. Consider rewriting code  [/mnt/vault1/mfaroo19/LUNA/quantum-net-final/area-opt/rtl/readout_ip.sv:141]
WARNING: [Synth 8-7137] Register i_memory_reg[60] in module nn_classifier_wrapper has both Set and reset with same priority. This may cause simulation mismatches. Consider rewriting code  [/mnt/vault1/mfaroo19/LUNA/quantum-net-final/area-opt/rtl/readout_ip.sv:141]
WARNING: [Synth 8-7137] Register i_memory_reg[61] in module nn_classifier_wrapper has both Set and reset with same priority. This may cause simulation mismatches. Consider rewriting code  [/mnt/vault1/mfaroo19/LUNA/quantum-net-final/area-opt/rtl/readout_ip.sv:141]
WARNING: [Synth 8-7137] Register i_memory_reg[62] in module nn_classifier_wrapper has both Set and reset with same priority. This may cause simulation mismatches. Consider rewriting code  [/mnt/vault1/mfaroo19/LUNA/quantum-net-final/area-opt/rtl/readout_ip.sv:141]
WARNING: [Synth 8-7137] Register i_memory_reg[63] in module nn_classifier_wrapper has both Set and reset with same priority. This may cause simulation mismatches. Consider rewriting code  [/mnt/vault1/mfaroo19/LUNA/quantum-net-final/area-opt/rtl/readout_ip.sv:141]
WARNING: [Synth 8-7137] Register i_memory_reg[64] in module nn_classifier_wrapper has both Set and reset with same priority. This may cause simulation mismatches. Consider rewriting code  [/mnt/vault1/mfaroo19/LUNA/quantum-net-final/area-opt/rtl/readout_ip.sv:141]
WARNING: [Synth 8-7137] Register i_memory_reg[65] in module nn_classifier_wrapper has both Set and reset with same priority. This may cause simulation mismatches. Consider rewriting code  [/mnt/vault1/mfaroo19/LUNA/quantum-net-final/area-opt/rtl/readout_ip.sv:141]
WARNING: [Synth 8-7137] Register i_memory_reg[66] in module nn_classifier_wrapper has both Set and reset with same priority. This may cause simulation mismatches. Consider rewriting code  [/mnt/vault1/mfaroo19/LUNA/quantum-net-final/area-opt/rtl/readout_ip.sv:141]
WARNING: [Synth 8-7137] Register i_memory_reg[67] in module nn_classifier_wrapper has both Set and reset with same priority. This may cause simulation mismatches. Consider rewriting code  [/mnt/vault1/mfaroo19/LUNA/quantum-net-final/area-opt/rtl/readout_ip.sv:141]
WARNING: [Synth 8-7137] Register i_memory_reg[68] in module nn_classifier_wrapper has both Set and reset with same priority. This may cause simulation mismatches. Consider rewriting code  [/mnt/vault1/mfaroo19/LUNA/quantum-net-final/area-opt/rtl/readout_ip.sv:141]
WARNING: [Synth 8-7137] Register i_memory_reg[69] in module nn_classifier_wrapper has both Set and reset with same priority. This may cause simulation mismatches. Consider rewriting code  [/mnt/vault1/mfaroo19/LUNA/quantum-net-final/area-opt/rtl/readout_ip.sv:141]
WARNING: [Synth 8-7137] Register i_memory_reg[70] in module nn_classifier_wrapper has both Set and reset with same priority. This may cause simulation mismatches. Consider rewriting code  [/mnt/vault1/mfaroo19/LUNA/quantum-net-final/area-opt/rtl/readout_ip.sv:141]
WARNING: [Synth 8-7137] Register i_memory_reg[71] in module nn_classifier_wrapper has both Set and reset with same priority. This may cause simulation mismatches. Consider rewriting code  [/mnt/vault1/mfaroo19/LUNA/quantum-net-final/area-opt/rtl/readout_ip.sv:141]
WARNING: [Synth 8-7137] Register i_memory_reg[72] in module nn_classifier_wrapper has both Set and reset with same priority. This may cause simulation mismatches. Consider rewriting code  [/mnt/vault1/mfaroo19/LUNA/quantum-net-final/area-opt/rtl/readout_ip.sv:141]
WARNING: [Synth 8-7137] Register i_memory_reg[73] in module nn_classifier_wrapper has both Set and reset with same priority. This may cause simulation mismatches. Consider rewriting code  [/mnt/vault1/mfaroo19/LUNA/quantum-net-final/area-opt/rtl/readout_ip.sv:141]
WARNING: [Synth 8-7137] Register i_memory_reg[74] in module nn_classifier_wrapper has both Set and reset with same priority. This may cause simulation mismatches. Consider rewriting code  [/mnt/vault1/mfaroo19/LUNA/quantum-net-final/area-opt/rtl/readout_ip.sv:141]
WARNING: [Synth 8-7137] Register i_memory_reg[75] in module nn_classifier_wrapper has both Set and reset with same priority. This may cause simulation mismatches. Consider rewriting code  [/mnt/vault1/mfaroo19/LUNA/quantum-net-final/area-opt/rtl/readout_ip.sv:141]
WARNING: [Synth 8-7137] Register i_memory_reg[76] in module nn_classifier_wrapper has both Set and reset with same priority. This may cause simulation mismatches. Consider rewriting code  [/mnt/vault1/mfaroo19/LUNA/quantum-net-final/area-opt/rtl/readout_ip.sv:141]
WARNING: [Synth 8-7137] Register i_memory_reg[77] in module nn_classifier_wrapper has both Set and reset with same priority. This may cause simulation mismatches. Consider rewriting code  [/mnt/vault1/mfaroo19/LUNA/quantum-net-final/area-opt/rtl/readout_ip.sv:141]
WARNING: [Synth 8-7137] Register i_memory_reg[78] in module nn_classifier_wrapper has both Set and reset with same priority. This may cause simulation mismatches. Consider rewriting code  [/mnt/vault1/mfaroo19/LUNA/quantum-net-final/area-opt/rtl/readout_ip.sv:141]
WARNING: [Synth 8-7137] Register i_memory_reg[79] in module nn_classifier_wrapper has both Set and reset with same priority. This may cause simulation mismatches. Consider rewriting code  [/mnt/vault1/mfaroo19/LUNA/quantum-net-final/area-opt/rtl/readout_ip.sv:141]
WARNING: [Synth 8-7137] Register i_memory_reg[80] in module nn_classifier_wrapper has both Set and reset with same priority. This may cause simulation mismatches. Consider rewriting code  [/mnt/vault1/mfaroo19/LUNA/quantum-net-final/area-opt/rtl/readout_ip.sv:141]
WARNING: [Synth 8-7137] Register i_memory_reg[81] in module nn_classifier_wrapper has both Set and reset with same priority. This may cause simulation mismatches. Consider rewriting code  [/mnt/vault1/mfaroo19/LUNA/quantum-net-final/area-opt/rtl/readout_ip.sv:141]
WARNING: [Synth 8-7137] Register i_memory_reg[82] in module nn_classifier_wrapper has both Set and reset with same priority. This may cause simulation mismatches. Consider rewriting code  [/mnt/vault1/mfaroo19/LUNA/quantum-net-final/area-opt/rtl/readout_ip.sv:141]
WARNING: [Synth 8-7137] Register i_memory_reg[83] in module nn_classifier_wrapper has both Set and reset with same priority. This may cause simulation mismatches. Consider rewriting code  [/mnt/vault1/mfaroo19/LUNA/quantum-net-final/area-opt/rtl/readout_ip.sv:141]
WARNING: [Synth 8-7137] Register i_memory_reg[84] in module nn_classifier_wrapper has both Set and reset with same priority. This may cause simulation mismatches. Consider rewriting code  [/mnt/vault1/mfaroo19/LUNA/quantum-net-final/area-opt/rtl/readout_ip.sv:141]
WARNING: [Synth 8-7137] Register i_memory_reg[85] in module nn_classifier_wrapper has both Set and reset with same priority. This may cause simulation mismatches. Consider rewriting code  [/mnt/vault1/mfaroo19/LUNA/quantum-net-final/area-opt/rtl/readout_ip.sv:141]
WARNING: [Synth 8-7137] Register i_memory_reg[86] in module nn_classifier_wrapper has both Set and reset with same priority. This may cause simulation mismatches. Consider rewriting code  [/mnt/vault1/mfaroo19/LUNA/quantum-net-final/area-opt/rtl/readout_ip.sv:141]
WARNING: [Synth 8-7137] Register i_memory_reg[87] in module nn_classifier_wrapper has both Set and reset with same priority. This may cause simulation mismatches. Consider rewriting code  [/mnt/vault1/mfaroo19/LUNA/quantum-net-final/area-opt/rtl/readout_ip.sv:141]
WARNING: [Synth 8-7137] Register i_memory_reg[88] in module nn_classifier_wrapper has both Set and reset with same priority. This may cause simulation mismatches. Consider rewriting code  [/mnt/vault1/mfaroo19/LUNA/quantum-net-final/area-opt/rtl/readout_ip.sv:141]
WARNING: [Synth 8-7137] Register i_memory_reg[89] in module nn_classifier_wrapper has both Set and reset with same priority. This may cause simulation mismatches. Consider rewriting code  [/mnt/vault1/mfaroo19/LUNA/quantum-net-final/area-opt/rtl/readout_ip.sv:141]
WARNING: [Synth 8-7137] Register i_memory_reg[90] in module nn_classifier_wrapper has both Set and reset with same priority. This may cause simulation mismatches. Consider rewriting code  [/mnt/vault1/mfaroo19/LUNA/quantum-net-final/area-opt/rtl/readout_ip.sv:141]
WARNING: [Synth 8-7137] Register i_memory_reg[91] in module nn_classifier_wrapper has both Set and reset with same priority. This may cause simulation mismatches. Consider rewriting code  [/mnt/vault1/mfaroo19/LUNA/quantum-net-final/area-opt/rtl/readout_ip.sv:141]
WARNING: [Synth 8-7137] Register i_memory_reg[92] in module nn_classifier_wrapper has both Set and reset with same priority. This may cause simulation mismatches. Consider rewriting code  [/mnt/vault1/mfaroo19/LUNA/quantum-net-final/area-opt/rtl/readout_ip.sv:141]
WARNING: [Synth 8-7137] Register i_memory_reg[93] in module nn_classifier_wrapper has both Set and reset with same priority. This may cause simulation mismatches. Consider rewriting code  [/mnt/vault1/mfaroo19/LUNA/quantum-net-final/area-opt/rtl/readout_ip.sv:141]
WARNING: [Synth 8-7137] Register i_memory_reg[94] in module nn_classifier_wrapper has both Set and reset with same priority. This may cause simulation mismatches. Consider rewriting code  [/mnt/vault1/mfaroo19/LUNA/quantum-net-final/area-opt/rtl/readout_ip.sv:141]
WARNING: [Synth 8-7137] Register i_memory_reg[95] in module nn_classifier_wrapper has both Set and reset with same priority. This may cause simulation mismatches. Consider rewriting code  [/mnt/vault1/mfaroo19/LUNA/quantum-net-final/area-opt/rtl/readout_ip.sv:141]
WARNING: [Synth 8-7137] Register i_memory_reg[96] in module nn_classifier_wrapper has both Set and reset with same priority. This may cause simulation mismatches. Consider rewriting code  [/mnt/vault1/mfaroo19/LUNA/quantum-net-final/area-opt/rtl/readout_ip.sv:141]
WARNING: [Synth 8-7137] Register i_memory_reg[97] in module nn_classifier_wrapper has both Set and reset with same priority. This may cause simulation mismatches. Consider rewriting code  [/mnt/vault1/mfaroo19/LUNA/quantum-net-final/area-opt/rtl/readout_ip.sv:141]
WARNING: [Synth 8-7137] Register i_memory_reg[98] in module nn_classifier_wrapper has both Set and reset with same priority. This may cause simulation mismatches. Consider rewriting code  [/mnt/vault1/mfaroo19/LUNA/quantum-net-final/area-opt/rtl/readout_ip.sv:141]
WARNING: [Synth 8-7137] Register i_memory_reg[99] in module nn_classifier_wrapper has both Set and reset with same priority. This may cause simulation mismatches. Consider rewriting code  [/mnt/vault1/mfaroo19/LUNA/quantum-net-final/area-opt/rtl/readout_ip.sv:141]
INFO: [Common 17-14] Message 'Synth 8-7137' appears 100 times and further instances of the messages will be disabled. Use the Tcl command set_msg_config to change the current settings.
WARNING: [Synth 8-3917] design nn_classifier_wrapper has port config_AWREADY driven by constant 0
WARNING: [Synth 8-7129] Port M0[23] in module layer1 is either unconnected or has no load
WARNING: [Synth 8-7129] Port M0[22] in module layer1 is either unconnected or has no load
WARNING: [Synth 8-7129] Port M0[18] in module layer1 is either unconnected or has no load
WARNING: [Synth 8-7129] Port M0[11] in module layer1 is either unconnected or has no load
WARNING: [Synth 8-7129] Port M0[10] in module layer1 is either unconnected or has no load
WARNING: [Synth 8-7129] Port M0[9] in module layer1 is either unconnected or has no load
WARNING: [Synth 8-7129] Port M0[8] in module layer1 is either unconnected or has no load
WARNING: [Synth 8-7129] Port M0[0] in module layer1 is either unconnected or has no load
WARNING: [Synth 8-7129] Port config_AWADDR[3] in module nn_classifier_wrapper is either unconnected or has no load
WARNING: [Synth 8-7129] Port config_AWADDR[2] in module nn_classifier_wrapper is either unconnected or has no load
WARNING: [Synth 8-7129] Port config_AWADDR[1] in module nn_classifier_wrapper is either unconnected or has no load
WARNING: [Synth 8-7129] Port config_AWADDR[0] in module nn_classifier_wrapper is either unconnected or has no load
WARNING: [Synth 8-7129] Port config_AWVALID in module nn_classifier_wrapper is either unconnected or has no load
WARNING: [Synth 8-7129] Port in_TDATA[26] in module nn_classifier_wrapper is either unconnected or has no load
WARNING: [Synth 8-7129] Port in_TDATA[25] in module nn_classifier_wrapper is either unconnected or has no load
WARNING: [Synth 8-7129] Port in_TDATA[24] in module nn_classifier_wrapper is either unconnected or has no load
WARNING: [Synth 8-7129] Port in_TDATA[23] in module nn_classifier_wrapper is either unconnected or has no load
WARNING: [Synth 8-7129] Port in_TDATA[22] in module nn_classifier_wrapper is either unconnected or has no load
WARNING: [Synth 8-7129] Port in_TDATA[21] in module nn_classifier_wrapper is either unconnected or has no load
WARNING: [Synth 8-7129] Port in_TDATA[20] in module nn_classifier_wrapper is either unconnected or has no load
WARNING: [Synth 8-7129] Port in_TDATA[19] in module nn_classifier_wrapper is either unconnected or has no load
WARNING: [Synth 8-7129] Port in_TDATA[18] in module nn_classifier_wrapper is either unconnected or has no load
WARNING: [Synth 8-7129] Port in_TDATA[12] in module nn_classifier_wrapper is either unconnected or has no load
WARNING: [Synth 8-7129] Port in_TDATA[11] in module nn_classifier_wrapper is either unconnected or has no load
WARNING: [Synth 8-7129] Port in_TDATA[10] in module nn_classifier_wrapper is either unconnected or has no load
WARNING: [Synth 8-7129] Port in_TDATA[9] in module nn_classifier_wrapper is either unconnected or has no load
WARNING: [Synth 8-7129] Port in_TDATA[8] in module nn_classifier_wrapper is either unconnected or has no load
WARNING: [Synth 8-7129] Port in_TDATA[7] in module nn_classifier_wrapper is either unconnected or has no load
WARNING: [Synth 8-7129] Port in_TDATA[6] in module nn_classifier_wrapper is either unconnected or has no load
WARNING: [Synth 8-7129] Port in_TDATA[5] in module nn_classifier_wrapper is either unconnected or has no load
WARNING: [Synth 8-7129] Port in_TDATA[4] in module nn_classifier_wrapper is either unconnected or has no load
WARNING: [Synth 8-7129] Port in_TDATA[3] in module nn_classifier_wrapper is either unconnected or has no load
WARNING: [Synth 8-7129] Port in_TDATA[2] in module nn_classifier_wrapper is either unconnected or has no load
WARNING: [Synth 8-7129] Port in_TDATA[1] in module nn_classifier_wrapper is either unconnected or has no load
WARNING: [Synth 8-7129] Port in_TDATA[0] in module nn_classifier_wrapper is either unconnected or has no load
---------------------------------------------------------------------------------
Finished RTL Elaboration : Time (s): cpu = 00:00:04 ; elapsed = 00:00:06 . Memory (MB): peak = 3188.520 ; gain = 478.707 ; free physical = 106100 ; free virtual = 230580
Synthesis current peak Physical Memory [PSS] (MB): peak = 2457.941; parent = 2257.707; children = 200.234
Synthesis current peak Virtual Memory [VSS] (MB): peak = 4161.621; parent = 3188.523; children = 973.098
---------------------------------------------------------------------------------
---------------------------------------------------------------------------------
Start Handling Custom Attributes
---------------------------------------------------------------------------------
---------------------------------------------------------------------------------
Finished Handling Custom Attributes : Time (s): cpu = 00:00:05 ; elapsed = 00:00:06 . Memory (MB): peak = 3206.332 ; gain = 496.520 ; free physical = 106100 ; free virtual = 230579
Synthesis current peak Physical Memory [PSS] (MB): peak = 2459.109; parent = 2258.875; children = 200.234
Synthesis current peak Virtual Memory [VSS] (MB): peak = 4179.434; parent = 3206.336; children = 973.098
---------------------------------------------------------------------------------
---------------------------------------------------------------------------------
Finished RTL Optimization Phase 1 : Time (s): cpu = 00:00:05 ; elapsed = 00:00:06 . Memory (MB): peak = 3206.332 ; gain = 496.520 ; free physical = 106100 ; free virtual = 230580
Synthesis current peak Physical Memory [PSS] (MB): peak = 2459.109; parent = 2258.875; children = 200.234
Synthesis current peak Virtual Memory [VSS] (MB): peak = 4179.434; parent = 3206.336; children = 973.098
---------------------------------------------------------------------------------
Netlist sorting complete. Time (s): cpu = 00:00:00.08 ; elapsed = 00:00:00.08 . Memory (MB): peak = 3206.332 ; gain = 0.000 ; free physical = 106100 ; free virtual = 230580
INFO: [Project 1-570] Preparing netlist for logic optimization

Processing XDC Constraints
Initializing timing engine
Parsing XDC File [/mnt/vault1/mfaroo19/LUNA/quantum-net-final/area-opt/constraints.xdc]
Finished Parsing XDC File [/mnt/vault1/mfaroo19/LUNA/quantum-net-final/area-opt/constraints.xdc]
Completed Processing XDC Constraints

Netlist sorting complete. Time (s): cpu = 00:00:00 ; elapsed = 00:00:00 . Memory (MB): peak = 3380.020 ; gain = 0.000 ; free physical = 106136 ; free virtual = 230631
INFO: [Project 1-111] Unisim Transformation Summary:
No Unisim elements were transformed.

Constraint Validation Runtime : Time (s): cpu = 00:00:00.17 ; elapsed = 00:00:00.07 . Memory (MB): peak = 3380.020 ; gain = 0.000 ; free physical = 106132 ; free virtual = 230627
INFO: [Synth 8-11241] undeclared symbol 'REGCCE', assumed default net type 'wire' [/mnt/vault1/kmhatre/Software/AMD/Vivado/2022.2/data/verilog/src/unimacro/BRAM_SINGLE_MACRO.v:2170]
---------------------------------------------------------------------------------
Finished Constraint Validation : Time (s): cpu = 00:00:13 ; elapsed = 00:00:15 . Memory (MB): peak = 3380.020 ; gain = 670.207 ; free physical = 106249 ; free virtual = 230746
Synthesis current peak Physical Memory [PSS] (MB): peak = 2572.844; parent = 2372.613; children = 200.234
Synthesis current peak Virtual Memory [VSS] (MB): peak = 4353.121; parent = 3380.023; children = 973.098
---------------------------------------------------------------------------------
---------------------------------------------------------------------------------
Start Loading Part and Timing Information
---------------------------------------------------------------------------------
Loading part: xczu49dr-ffvf1760-2-e
INFO: [Synth 8-6742] Reading net delay rules and data
---------------------------------------------------------------------------------
Finished Loading Part and Timing Information : Time (s): cpu = 00:00:13 ; elapsed = 00:00:15 . Memory (MB): peak = 3380.020 ; gain = 670.207 ; free physical = 106231 ; free virtual = 230727
Synthesis current peak Physical Memory [PSS] (MB): peak = 2572.844; parent = 2372.613; children = 200.234
Synthesis current peak Virtual Memory [VSS] (MB): peak = 4353.121; parent = 3380.023; children = 973.098
---------------------------------------------------------------------------------
---------------------------------------------------------------------------------
Start Applying 'set_property' XDC Constraints
---------------------------------------------------------------------------------
---------------------------------------------------------------------------------
Finished applying 'set_property' XDC Constraints : Time (s): cpu = 00:00:13 ; elapsed = 00:00:15 . Memory (MB): peak = 3380.020 ; gain = 670.207 ; free physical = 106250 ; free virtual = 230746
Synthesis current peak Physical Memory [PSS] (MB): peak = 2572.844; parent = 2372.613; children = 200.234
Synthesis current peak Virtual Memory [VSS] (MB): peak = 4353.121; parent = 3380.023; children = 973.098
---------------------------------------------------------------------------------
INFO: [Synth 8-802] inferred FSM for state register 'current_state_reg' in module 'nn_classifier_wrapper'
---------------------------------------------------------------------------------------------------
                   State |                     New Encoding |                Previous Encoding 
---------------------------------------------------------------------------------------------------
                  S_IDLE |                               00 |                              000
                  S_LOAD |                               01 |                              001
               S_COMPUTE |                               10 |                              010
                 S_STORE |                               11 |                              011
---------------------------------------------------------------------------------------------------
INFO: [Synth 8-3354] encoded FSM with state register 'current_state_reg' using encoding 'sequential' in module 'nn_classifier_wrapper'
---------------------------------------------------------------------------------
Finished RTL Optimization Phase 2 : Time (s): cpu = 00:00:16 ; elapsed = 00:00:22 . Memory (MB): peak = 3380.020 ; gain = 670.207 ; free physical = 106281 ; free virtual = 230779
Synthesis current peak Physical Memory [PSS] (MB): peak = 2572.844; parent = 2372.613; children = 200.234
Synthesis current peak Virtual Memory [VSS] (MB): peak = 4353.121; parent = 3380.023; children = 973.098
---------------------------------------------------------------------------------
---------------------------------------------------------------------------------
Start RTL Component Statistics 
---------------------------------------------------------------------------------
Detailed RTL Component Info : 
+---Adders : 
	   2 Input   14 Bit       Adders := 3     
	   2 Input   13 Bit       Adders := 4     
	   2 Input   12 Bit       Adders := 6     
	   2 Input   11 Bit       Adders := 12    
	   2 Input   10 Bit       Adders := 25    
	   2 Input    9 Bit       Adders := 50    
	   2 Input    8 Bit       Adders := 100   
	   2 Input    7 Bit       Adders := 200   
	   2 Input    6 Bit       Adders := 400   
	   2 Input    4 Bit       Adders := 1     
	   2 Input    2 Bit       Adders := 1     
+---Registers : 
	               28 Bit    Registers := 1     
	               25 Bit    Registers := 1     
	               14 Bit    Registers := 3     
	               13 Bit    Registers := 4     
	               12 Bit    Registers := 6     
	               11 Bit    Registers := 12    
	               10 Bit    Registers := 24    
	                9 Bit    Registers := 56    
	                8 Bit    Registers := 100   
	                7 Bit    Registers := 200   
	                6 Bit    Registers := 400   
	                5 Bit    Registers := 802   
	                4 Bit    Registers := 1     
	                2 Bit    Registers := 1     
	                1 Bit    Registers := 20    
+---Muxes : 
	   2 Input   28 Bit        Muxes := 1     
	   2 Input   25 Bit        Muxes := 1     
	   4 Input   10 Bit        Muxes := 1     
	   2 Input    5 Bit        Muxes := 2     
	   2 Input    4 Bit        Muxes := 1     
	   4 Input    4 Bit        Muxes := 1     
	   2 Input    3 Bit        Muxes := 6     
	   4 Input    3 Bit        Muxes := 2     
	   2 Input    2 Bit        Muxes := 5     
	   4 Input    2 Bit        Muxes := 1     
	   2 Input    1 Bit        Muxes := 16    
	   4 Input    1 Bit        Muxes := 402   
	   3 Input    1 Bit        Muxes := 2     
---------------------------------------------------------------------------------
Finished RTL Component Statistics 
---------------------------------------------------------------------------------
---------------------------------------------------------------------------------
Start Part Resource Summary
---------------------------------------------------------------------------------
Part Resources:
DSPs: 4272 (col length:192)
BRAMs: 2160 (col length: RAMB18 192 RAMB36 96)
---------------------------------------------------------------------------------
Finished Part Resource Summary
---------------------------------------------------------------------------------
---------------------------------------------------------------------------------
Start Cross Boundary and Area Optimization
---------------------------------------------------------------------------------
WARNING: [Synth 8-7080] Parallel synthesis criteria is not met
WARNING: [Synth 8-3917] design nn_classifier_wrapper has port config_AWREADY driven by constant 0
WARNING: [Synth 8-7129] Port config_AWADDR[3] in module nn_classifier_wrapper is either unconnected or has no load
WARNING: [Synth 8-7129] Port config_AWADDR[2] in module nn_classifier_wrapper is either unconnected or has no load
WARNING: [Synth 8-7129] Port config_AWADDR[1] in module nn_classifier_wrapper is either unconnected or has no load
WARNING: [Synth 8-7129] Port config_AWADDR[0] in module nn_classifier_wrapper is either unconnected or has no load
WARNING: [Synth 8-7129] Port config_AWVALID in module nn_classifier_wrapper is either unconnected or has no load
WARNING: [Synth 8-7129] Port in_TDATA[26] in module nn_classifier_wrapper is either unconnected or has no load
WARNING: [Synth 8-7129] Port in_TDATA[25] in module nn_classifier_wrapper is either unconnected or has no load
WARNING: [Synth 8-7129] Port in_TDATA[24] in module nn_classifier_wrapper is either unconnected or has no load
WARNING: [Synth 8-7129] Port in_TDATA[23] in module nn_classifier_wrapper is either unconnected or has no load
WARNING: [Synth 8-7129] Port in_TDATA[22] in module nn_classifier_wrapper is either unconnected or has no load
WARNING: [Synth 8-7129] Port in_TDATA[21] in module nn_classifier_wrapper is either unconnected or has no load
WARNING: [Synth 8-7129] Port in_TDATA[20] in module nn_classifier_wrapper is either unconnected or has no load
WARNING: [Synth 8-7129] Port in_TDATA[19] in module nn_classifier_wrapper is either unconnected or has no load
WARNING: [Synth 8-7129] Port in_TDATA[18] in module nn_classifier_wrapper is either unconnected or has no load
WARNING: [Synth 8-7129] Port in_TDATA[12] in module nn_classifier_wrapper is either unconnected or has no load
WARNING: [Synth 8-7129] Port in_TDATA[11] in module nn_classifier_wrapper is either unconnected or has no load
WARNING: [Synth 8-7129] Port in_TDATA[10] in module nn_classifier_wrapper is either unconnected or has no load
WARNING: [Synth 8-7129] Port in_TDATA[9] in module nn_classifier_wrapper is either unconnected or has no load
WARNING: [Synth 8-7129] Port in_TDATA[8] in module nn_classifier_wrapper is either unconnected or has no load
WARNING: [Synth 8-7129] Port in_TDATA[7] in module nn_classifier_wrapper is either unconnected or has no load
WARNING: [Synth 8-7129] Port in_TDATA[6] in module nn_classifier_wrapper is either unconnected or has no load
WARNING: [Synth 8-7129] Port in_TDATA[5] in module nn_classifier_wrapper is either unconnected or has no load
WARNING: [Synth 8-7129] Port in_TDATA[4] in module nn_classifier_wrapper is either unconnected or has no load
WARNING: [Synth 8-7129] Port in_TDATA[3] in module nn_classifier_wrapper is either unconnected or has no load
WARNING: [Synth 8-7129] Port in_TDATA[2] in module nn_classifier_wrapper is either unconnected or has no load
WARNING: [Synth 8-7129] Port in_TDATA[1] in module nn_classifier_wrapper is either unconnected or has no load
WARNING: [Synth 8-7129] Port in_TDATA[0] in module nn_classifier_wrapper is either unconnected or has no load
---------------------------------------------------------------------------------
Finished Cross Boundary and Area Optimization : Time (s): cpu = 00:00:38 ; elapsed = 00:00:56 . Memory (MB): peak = 3380.020 ; gain = 670.207 ; free physical = 106482 ; free virtual = 230997
Synthesis current peak Physical Memory [PSS] (MB): peak = 2572.844; parent = 2372.613; children = 200.234
Synthesis current peak Virtual Memory [VSS] (MB): peak = 4353.121; parent = 3380.023; children = 973.098
---------------------------------------------------------------------------------
---------------------------------------------------------------------------------
Start ROM, RAM, DSP, Shift Register and Retiming Reporting
---------------------------------------------------------------------------------

ROM: Preliminary Mapping Report
+---------------+--------------------------------------------+---------------+----------------+
|Module Name    | RTL Object                                 | Depth x Width | Implemented As | 
+---------------+--------------------------------------------+---------------+----------------+
|layer0_N0      | M1r                                        | 64x1          | LUT            | 
|layer0_N1      | M1r                                        | 64x1          | LUT            | 
|layer0_N2      | M1r                                        | 64x1          | LUT            | 
|layer0_N3      | M1r                                        | 64x1          | LUT            | 
|layer0_N4      | M1r                                        | 64x1          | LUT            | 
|layer0_N5      | M1r                                        | 64x1          | LUT            | 
|layer0_N6      | M1r                                        | 64x1          | LUT            | 
|layer0_N7      | M1r                                        | 64x1          | LUT            | 
|layer0_N8      | M1r                                        | 64x1          | LUT            | 
|layer0_N9      | M1r                                        | 64x1          | LUT            | 
|layer0_N10     | M1r                                        | 64x1          | LUT            | 
|layer0_N11     | M1r                                        | 64x1          | LUT            | 
|layer0_N12     | M1r                                        | 64x1          | LUT            | 
|layer0_N13     | M1r                                        | 64x1          | LUT            | 
|layer0_N14     | M1r                                        | 64x1          | LUT            | 
|layer0_N15     | M1r                                        | 64x1          | LUT            | 
|layer0_N16     | M1r                                        | 64x1          | LUT            | 
|layer0_N17     | M1r                                        | 64x1          | LUT            | 
|layer0_N18     | M1r                                        | 64x1          | LUT            | 
|layer0_N19     | M1r                                        | 64x1          | LUT            | 
|layer0_N20     | M1r                                        | 64x1          | LUT            | 
|layer0_N21     | M1r                                        | 64x1          | LUT            | 
|layer0_N22     | M1r                                        | 64x1          | LUT            | 
|layer0_N23     | M1r                                        | 64x1          | LUT            | 
|layer0_N24     | M1r                                        | 64x1          | LUT            | 
|layer1_N0      | M1r                                        | 64x1          | LUT            | 
|layer1_N1      | M1r                                        | 64x1          | LUT            | 
|layer1_N2      | M1r                                        | 64x1          | LUT            | 
|layer1_N3      | M1r                                        | 64x1          | LUT            | 
|layer1_N4      | M1r                                        | 64x1          | LUT            | 
|layer2_N0      | M1r                                        | 32x1          | LUT            | 
|layer2_N1      | M1r                                        | 32x1          | LUT            | 
|layer2_N2      | M1r                                        | 32x1          | LUT            | 
|layer2_N3      | M1r                                        | 32x1          | LUT            | 
|layer2_N4      | M1r                                        | 32x1          | LUT            | 
|layer3_N0      | M1r                                        | 32x1          | LUT            | 
|nn_accelerator | u_logicnet/layer0_inst/layer0_N3_inst/M1r  | 64x1          | LUT            | 
|nn_accelerator | u_logicnet/layer0_inst/layer0_N6_inst/M1r  | 64x1          | LUT            | 
|nn_accelerator | u_logicnet/layer0_inst/layer0_N19_inst/M1r | 64x1          | LUT            | 
|nn_accelerator | u_logicnet/layer0_inst/layer0_N20_inst/M1r | 64x1          | LUT            | 
|nn_accelerator | u_logicnet/layer0_inst/layer0_N21_inst/M1r | 64x1          | LUT            | 
|nn_accelerator | u_logicnet/layer0_inst/layer0_N22_inst/M1r | 64x1          | LUT            | 
|nn_accelerator | u_logicnet/layer0_inst/layer0_N23_inst/M1r | 64x1          | LUT            | 
|nn_accelerator | u_logicnet/layer0_inst/layer0_N24_inst/M1r | 64x1          | LUT            | 
|nn_accelerator | u_logicnet/layer1_inst/layer1_N0_inst/M1r  | 64x1          | LUT            | 
|nn_accelerator | u_logicnet/layer1_inst/layer1_N1_inst/M1r  | 64x1          | LUT            | 
|nn_accelerator | u_logicnet/layer1_inst/layer1_N2_inst/M1r  | 64x1          | LUT            | 
|nn_accelerator | u_logicnet/layer1_inst/layer1_N3_inst/M1r  | 64x1          | LUT            | 
|nn_accelerator | u_logicnet/layer1_inst/layer1_N4_inst/M1r  | 64x1          | LUT            | 
|nn_accelerator | u_logicnet/layer2_inst/layer2_N0_inst/M1r  | 32x1          | LUT            | 
|nn_accelerator | u_logicnet/layer2_inst/layer2_N1_inst/M1r  | 32x1          | LUT            | 
|nn_accelerator | u_logicnet/layer2_inst/layer2_N3_inst/M1r  | 32x1          | LUT            | 
|nn_accelerator | u_logicnet/layer2_inst/layer2_N4_inst/M1r  | 32x1          | LUT            | 
+---------------+--------------------------------------------+---------------+----------------+

---------------------------------------------------------------------------------
Finished ROM, RAM, DSP, Shift Register and Retiming Reporting
---------------------------------------------------------------------------------
---------------------------------------------------------------------------------
Start Applying XDC Timing Constraints
---------------------------------------------------------------------------------
---------------------------------------------------------------------------------
Finished Applying XDC Timing Constraints : Time (s): cpu = 00:00:43 ; elapsed = 00:01:05 . Memory (MB): peak = 3597.824 ; gain = 888.012 ; free physical = 106047 ; free virtual = 230617
Synthesis current peak Physical Memory [PSS] (MB): peak = 2968.812; parent = 2768.609; children = 200.234
Synthesis current peak Virtual Memory [VSS] (MB): peak = 4570.926; parent = 3597.828; children = 973.098
---------------------------------------------------------------------------------
---------------------------------------------------------------------------------
Start Timing Optimization
---------------------------------------------------------------------------------
---------------------------------------------------------------------------------
Finished Timing Optimization : Time (s): cpu = 00:00:45 ; elapsed = 00:01:07 . Memory (MB): peak = 3626.824 ; gain = 917.012 ; free physical = 106038 ; free virtual = 230608
Synthesis current peak Physical Memory [PSS] (MB): peak = 2996.891; parent = 2796.691; children = 200.234
Synthesis current peak Virtual Memory [VSS] (MB): peak = 4599.926; parent = 3626.828; children = 973.098
---------------------------------------------------------------------------------
---------------------------------------------------------------------------------
Start Technology Mapping
---------------------------------------------------------------------------------
---------------------------------------------------------------------------------
Finished Technology Mapping : Time (s): cpu = 00:00:47 ; elapsed = 00:01:10 . Memory (MB): peak = 3697.863 ; gain = 988.051 ; free physical = 105963 ; free virtual = 230533
Synthesis current peak Physical Memory [PSS] (MB): peak = 3004.051; parent = 2803.848; children = 200.234
Synthesis current peak Virtual Memory [VSS] (MB): peak = 4670.965; parent = 3697.867; children = 973.098
---------------------------------------------------------------------------------
---------------------------------------------------------------------------------
Start IO Insertion
---------------------------------------------------------------------------------
---------------------------------------------------------------------------------
Start Flattening Before IO Insertion
---------------------------------------------------------------------------------
---------------------------------------------------------------------------------
Finished Flattening Before IO Insertion
---------------------------------------------------------------------------------
---------------------------------------------------------------------------------
Start Final Netlist Cleanup
---------------------------------------------------------------------------------
---------------------------------------------------------------------------------
Finished Final Netlist Cleanup
---------------------------------------------------------------------------------
---------------------------------------------------------------------------------
Finished IO Insertion : Time (s): cpu = 00:00:50 ; elapsed = 00:01:12 . Memory (MB): peak = 3709.738 ; gain = 999.926 ; free physical = 105976 ; free virtual = 230545
Synthesis current peak Physical Memory [PSS] (MB): peak = 3004.609; parent = 2804.406; children = 200.234
Synthesis current peak Virtual Memory [VSS] (MB): peak = 4682.840; parent = 3709.742; children = 973.098
---------------------------------------------------------------------------------
---------------------------------------------------------------------------------
Start Renaming Generated Instances
---------------------------------------------------------------------------------
---------------------------------------------------------------------------------
Finished Renaming Generated Instances : Time (s): cpu = 00:00:50 ; elapsed = 00:01:12 . Memory (MB): peak = 3709.738 ; gain = 999.926 ; free physical = 105982 ; free virtual = 230551
Synthesis current peak Physical Memory [PSS] (MB): peak = 3004.625; parent = 2804.422; children = 200.234
Synthesis current peak Virtual Memory [VSS] (MB): peak = 4682.840; parent = 3709.742; children = 973.098
---------------------------------------------------------------------------------
---------------------------------------------------------------------------------
Start Rebuilding User Hierarchy
---------------------------------------------------------------------------------
---------------------------------------------------------------------------------
Finished Rebuilding User Hierarchy : Time (s): cpu = 00:00:50 ; elapsed = 00:01:13 . Memory (MB): peak = 3709.738 ; gain = 999.926 ; free physical = 105971 ; free virtual = 230540
Synthesis current peak Physical Memory [PSS] (MB): peak = 3006.625; parent = 2806.422; children = 200.234
Synthesis current peak Virtual Memory [VSS] (MB): peak = 4682.840; parent = 3709.742; children = 973.098
---------------------------------------------------------------------------------
---------------------------------------------------------------------------------
Start Renaming Generated Ports
---------------------------------------------------------------------------------
---------------------------------------------------------------------------------
Finished Renaming Generated Ports : Time (s): cpu = 00:00:51 ; elapsed = 00:01:13 . Memory (MB): peak = 3709.738 ; gain = 999.926 ; free physical = 105971 ; free virtual = 230540
Synthesis current peak Physical Memory [PSS] (MB): peak = 3006.688; parent = 2806.484; children = 200.234
Synthesis current peak Virtual Memory [VSS] (MB): peak = 4682.840; parent = 3709.742; children = 973.098
---------------------------------------------------------------------------------
---------------------------------------------------------------------------------
Start Handling Custom Attributes
---------------------------------------------------------------------------------
---------------------------------------------------------------------------------
Finished Handling Custom Attributes : Time (s): cpu = 00:00:51 ; elapsed = 00:01:14 . Memory (MB): peak = 3709.738 ; gain = 999.926 ; free physical = 105971 ; free virtual = 230541
Synthesis current peak Physical Memory [PSS] (MB): peak = 3006.688; parent = 2806.484; children = 200.234
Synthesis current peak Virtual Memory [VSS] (MB): peak = 4682.840; parent = 3709.742; children = 973.098
---------------------------------------------------------------------------------
---------------------------------------------------------------------------------
Start Renaming Generated Nets
---------------------------------------------------------------------------------
---------------------------------------------------------------------------------
Finished Renaming Generated Nets : Time (s): cpu = 00:00:51 ; elapsed = 00:01:14 . Memory (MB): peak = 3709.738 ; gain = 999.926 ; free physical = 105971 ; free virtual = 230541
Synthesis current peak Physical Memory [PSS] (MB): peak = 3006.688; parent = 2806.484; children = 200.234
Synthesis current peak Virtual Memory [VSS] (MB): peak = 4682.840; parent = 3709.742; children = 973.098
---------------------------------------------------------------------------------
---------------------------------------------------------------------------------
Start ROM, RAM, DSP, Shift Register and Retiming Reporting
---------------------------------------------------------------------------------

Static Shift Register Report:
+----------------------+--------------------------------------------------------+--------+-------+--------------+--------------------+-------------------+--------+---------+
|Module Name           | RTL Name                                               | Length | Width | Reset Signal | Pull out first Reg | Pull out last Reg | SRL16E | SRLC32E | 
+----------------------+--------------------------------------------------------+--------+-------+--------------+--------------------+-------------------+--------+---------+
|nn_classifier_wrapper | u_nn_accelerator/u_sum_signed_i0/reduce_layer73_reg[8] | 4      | 9     | YES          | NO                 | YES               | 9      | 0       | 
|nn_classifier_wrapper | u_nn_accelerator/u_sum_signed_q0/reduce_layer73_reg[8] | 4      | 9     | YES          | NO                 | YES               | 9      | 0       | 
+----------------------+--------------------------------------------------------+--------+-------+--------------+--------------------+-------------------+--------+---------+

---------------------------------------------------------------------------------
Finished ROM, RAM, DSP, Shift Register and Retiming Reporting
---------------------------------------------------------------------------------
---------------------------------------------------------------------------------
Start Writing Synthesis Report
---------------------------------------------------------------------------------

Report BlackBoxes: 
+-+--------------+----------+
| |BlackBox name |Instances |
+-+--------------+----------+
+-+--------------+----------+

Report Cell Usage: 
+------+-------+------+
|      |Cell   |Count |
+------+-------+------+
|1     |BUFG   |     1|
|2     |CARRY8 |   498|
|3     |LUT1   |   400|
|4     |LUT2   |  3201|
|5     |LUT3   |   411|
|6     |LUT4   |   693|
|7     |LUT5   |   813|
|8     |LUT6   |   984|
|9     |SRL16E |    18|
|10    |FDCE   |    36|
|11    |FDRE   |  9634|
|12    |IBUF   |    14|
|13    |OBUF   |    17|
+------+-------+------+
---------------------------------------------------------------------------------
Finished Writing Synthesis Report : Time (s): cpu = 00:00:51 ; elapsed = 00:01:14 . Memory (MB): peak = 3709.738 ; gain = 999.926 ; free physical = 105971 ; free virtual = 230541
Synthesis current peak Physical Memory [PSS] (MB): peak = 3006.688; parent = 2806.484; children = 200.234
Synthesis current peak Virtual Memory [VSS] (MB): peak = 4682.840; parent = 3709.742; children = 973.098
---------------------------------------------------------------------------------
Synthesis finished with 0 errors, 0 critical warnings and 29 warnings.
Synthesis Optimization Runtime : Time (s): cpu = 00:00:46 ; elapsed = 00:01:08 . Memory (MB): peak = 3709.738 ; gain = 826.238 ; free physical = 106014 ; free virtual = 230584
Synthesis Optimization Complete : Time (s): cpu = 00:00:51 ; elapsed = 00:01:14 . Memory (MB): peak = 3709.746 ; gain = 999.926 ; free physical = 106022 ; free virtual = 230592
INFO: [Project 1-571] Translating synthesized netlist
Netlist sorting complete. Time (s): cpu = 00:00:00.09 ; elapsed = 00:00:00.08 . Memory (MB): peak = 3720.707 ; gain = 0.000 ; free physical = 106140 ; free virtual = 230709
INFO: [Netlist 29-17] Analyzing 513 Unisim elements for replacement
INFO: [Netlist 29-28] Unisim Transformation completed in 0 CPU seconds
INFO: [Project 1-570] Preparing netlist for logic optimization
INFO: [Opt 31-138] Pushed 0 inverter(s) to 0 load pin(s).
Netlist sorting complete. Time (s): cpu = 00:00:00 ; elapsed = 00:00:00 . Memory (MB): peak = 3753.625 ; gain = 0.000 ; free physical = 106112 ; free virtual = 230682
INFO: [Project 1-111] Unisim Transformation Summary:
  A total of 15 instances were transformed.
  BUFG => BUFGCE: 1 instance 
  IBUF => IBUF (IBUFCTRL, INBUF): 14 instances

Synth Design complete, checksum: cf014569
INFO: [Common 17-83] Releasing license: Synthesis
115 Infos, 165 Warnings, 0 Critical Warnings and 0 Errors encountered.
synth_design completed successfully
synth_design: Time (s): cpu = 00:00:59 ; elapsed = 00:01:23 . Memory (MB): peak = 3753.625 ; gain = 2049.191 ; free physical = 106272 ; free virtual = 230842
INFO: [Common 17-1381] The checkpoint '/mnt/vault1/mfaroo19/LUNA/quantum-net-final/area-opt/area-opt-classifer/area-opt-classifier.runs/synth_1/nn_classifier_wrapper.dcp' has been generated.
INFO: [runtcl-4] Executing : report_utilization -file nn_classifier_wrapper_utilization_synth.rpt -pb nn_classifier_wrapper_utilization_synth.pb
INFO: [Common 17-206] Exiting Vivado at Tue May 12 12:56:36 2026...
[Tue May 12 12:56:40 2026] synth_1 finished
wait_on_runs: Time (s): cpu = 00:01:08 ; elapsed = 00:01:37 . Memory (MB): peak = 1728.574 ; gain = 0.000 ; free physical = 108745 ; free virtual = 233299
# launch_runs impl_1 -jobs 4
[Tue May 12 12:56:40 2026] Launched impl_1...
Run output will be captured here: /mnt/vault1/mfaroo19/LUNA/quantum-net-final/area-opt/area-opt-classifer/area-opt-classifier.runs/impl_1/runme.log
# wait_on_run impl_1
[Tue May 12 12:56:40 2026] Waiting for impl_1 to finish...

*** Running vivado
    with args -log nn_classifier_wrapper.vdi -applog -m64 -product Vivado -messageDb vivado.pb -mode batch -source nn_classifier_wrapper.tcl -notrace


****** Vivado v2022.2 (64-bit)
  **** SW Build 3671981 on Fri Oct 14 04:59:54 MDT 2022
  **** IP Build 3669848 on Fri Oct 14 08:30:02 MDT 2022
    ** Copyright 1986-2022 Xilinx, Inc. All Rights Reserved.

source nn_classifier_wrapper.tcl -notrace
Command: link_design -top nn_classifier_wrapper -part xczu49dr-ffvf1760-2-e
Design is defaulting to srcset: sources_1
Design is defaulting to constrset: constrs_1
INFO: [Device 21-403] Loading part xczu49dr-ffvf1760-2-e
Netlist sorting complete. Time (s): cpu = 00:00:00.03 ; elapsed = 00:00:00.03 . Memory (MB): peak = 2704.379 ; gain = 0.000 ; free physical = 106960 ; free virtual = 231514
INFO: [Netlist 29-17] Analyzing 512 Unisim elements for replacement
INFO: [Netlist 29-28] Unisim Transformation completed in 0 CPU seconds
INFO: [Project 1-479] Netlist was created with Vivado 2022.2
INFO: [Project 1-570] Preparing netlist for logic optimization
Parsing XDC File [/mnt/vault1/mfaroo19/LUNA/quantum-net-final/area-opt/constraints.xdc]
Finished Parsing XDC File [/mnt/vault1/mfaroo19/LUNA/quantum-net-final/area-opt/constraints.xdc]
INFO: [Opt 31-138] Pushed 0 inverter(s) to 0 load pin(s).
Netlist sorting complete. Time (s): cpu = 00:00:00 ; elapsed = 00:00:00 . Memory (MB): peak = 2902.500 ; gain = 0.000 ; free physical = 106901 ; free virtual = 231455
INFO: [Project 1-111] Unisim Transformation Summary:
  A total of 14 instances were transformed.
  IBUF => IBUF (IBUFCTRL, INBUF): 14 instances

7 Infos, 0 Warnings, 0 Critical Warnings and 0 Errors encountered.
link_design completed successfully
link_design: Time (s): cpu = 00:00:09 ; elapsed = 00:00:11 . Memory (MB): peak = 2902.500 ; gain = 1194.066 ; free physical = 106901 ; free virtual = 231455
Command: opt_design
Attempting to get a license for feature 'Implementation' and/or device 'xczu49dr'
INFO: [Common 17-349] Got license for feature 'Implementation' and/or device 'xczu49dr'
INFO: [Common 17-1540] The version limit for your license is '2024.12' and has expired for new software. A version limit expiration means that, although you may be able to continue to use the current version of tools or IP with this license, you will not be eligible for new releases.
Running DRC as a precondition to command opt_design

Starting DRC Task
INFO: [Common 17-41] Interrupt caught. Command should exit soon.
INFO: [DRC 23-27] Running DRC with 8 threads
INFO: [Project 1-461] DRC finished with 0 Errors
INFO: [Project 1-462] Please refer to the DRC report (report_drc) for more information.

Time (s): cpu = 00:00:01 ; elapsed = 00:00:01 . Memory (MB): peak = 3001.285 ; gain = 90.781 ; free physical = 106876 ; free virtual = 231431

Starting Cache Timing Information Task
INFO: [Common 17-41] Interrupt caught. Command should exit soon.
[Tue May 12 12:57:02 2026] Interrupt received
wait_on_runs: Time (s): cpu = 00:00:00.76 ; elapsed = 00:00:22 . Memory (MB): peak = 1736.578 ; gain = 8.004 ; free physical = 106859 ; free virtual = 231414
INFO: [Common 17-344] 'wait_on_runs' was cancelled
INFO: [Common 17-344] 'source' was cancelled
INFO: [Common 17-206] Exiting Vivado at Tue May 12 12:57:02 2026...
